******************************************************************************
                  MSP430 Linker PC v21.6.0                     
******************************************************************************
>> Linked Tue Jul  4 23:52:10 2023

OUTPUT FILE NAME:   <Exercise_4_Venkatesan.out>
ENTRY POINT SYMBOL: "_c_int00_noargs"  address: 0000cb08


MEMORY CONFIGURATION

         name            origin    length      used     unused   attr    fill
----------------------  --------  ---------  --------  --------  ----  --------
  SFR                   00000000   00000010  00000000  00000010  RWIX
  PERIPHERALS_8BIT      00000010   000000f0  00000000  000000f0  RWIX
  PERIPHERALS_16BIT     00000100   00000100  00000000  00000100  RWIX
  RAM                   00000200   00000200  000000c6  0000013a  RWIX
  INFOD                 00001000   00000040  00000000  00000040  RWIX
  INFOC                 00001040   00000040  00000000  00000040  RWIX
  INFOB                 00001080   00000040  00000000  00000040  RWIX
  INFOA                 000010c0   00000040  00000000  00000040  RWIX
  FLASH                 0000c000   00003fde  00000d17  000032c7  RWIX
  BSLSIGNATURE          0000ffde   00000002  00000002  00000000  RWIX  ffff 
  INT00                 0000ffe0   00000002  00000002  00000000  RWIX
  INT01                 0000ffe2   00000002  00000000  00000002  RWIX
  INT02                 0000ffe4   00000002  00000002  00000000  RWIX
  INT03                 0000ffe6   00000002  00000002  00000000  RWIX
  INT04                 0000ffe8   00000002  00000000  00000002  RWIX
  INT05                 0000ffea   00000002  00000002  00000000  RWIX
  INT06                 0000ffec   00000002  00000002  00000000  RWIX
  INT07                 0000ffee   00000002  00000002  00000000  RWIX
  INT08                 0000fff0   00000002  00000002  00000000  RWIX
  INT09                 0000fff2   00000002  00000002  00000000  RWIX
  INT10                 0000fff4   00000002  00000002  00000000  RWIX
  INT11                 0000fff6   00000002  00000002  00000000  RWIX
  INT12                 0000fff8   00000002  00000002  00000000  RWIX
  INT13                 0000fffa   00000002  00000002  00000000  RWIX
  INT14                 0000fffc   00000002  00000002  00000000  RWIX
  RESET                 0000fffe   00000002  00000002  00000000  RWIX


SECTION ALLOCATION MAP

 output                                  attributes/
section   page    origin      length       input sections
--------  ----  ----------  ----------   ----------------
.data      0    00000200    0000005f     UNINITIALIZED
                  00000200    0000001b     main.obj (.data:letters)
                  0000021b    00000001     --HOLE--
                  0000021c    00000010     main.obj (.data:flash_data)
                  0000022c    00000010     main.obj (.data:flash_read_data)
                  0000023c    00000010     main.obj (.data)
                  0000024c    00000006     spi.obj (.data)
                  00000252    00000005     main.obj (.data:adc_values)
                  00000257    00000001     --HOLE--
                  00000258    00000004     flash.obj (.data:flashInstructData)
                  0000025c    00000002     i2c.obj (.data)
                  0000025e    00000001     flash.obj (.data:flashRXData)

.bss       0    00000260    00000017     UNINITIALIZED
                  00000260    00000002     (.common:PRxData)
                  00000262    00000002     (.common:PTxData)
                  00000264    00000002     (.common:RxByteCtr)
                  00000266    00000002     (.common:SPIdata)
                  00000268    00000002     (.common:TxByteCtr)
                  0000026a    00000002     (.common:button)
                  0000026c    00000002     (.common:counter)
                  0000026e    00000002     (.common:forRX)
                  00000270    00000002     (.common:forTX)
                  00000272    00000002     (.common:x_pos)
                  00000274    00000002     (.common:y_pos)
                  00000276    00000001     (.common:chosen_letter)

.stack     0    000003b0    00000050     UNINITIALIZED
                  000003b0    00000002     rts430_eabi.lib : boot.c.obj (.stack)
                  000003b2    0000004e     --HOLE--

.text      0    0000c000    00000c6c     
                  0000c000    00000166     main.obj (.text:process_joystick)
                  0000c166    000000e0     LCD.obj (.text:lcd_init)
                  0000c246    000000bc     main.obj (.text:disp_from_flash)
                  0000c302    000000a2     main.obj (.text:main)
                  0000c3a4    0000007c     rts430_eabi.lib : copy_decompress_lzss.c.obj (.text:decompress:lzss:__TI_decompress_lzss)
                  0000c420    0000006a     i2c.obj (.text:i2c_TXISR)
                  0000c48a    0000006a     i2c.obj (.text:i2c_init)
                  0000c4f4    00000058     flash.obj (.text:flash_write)
                  0000c54c    0000004e     main.obj (.text:write_to_lcd)
                  0000c59a    0000004c     i2c.obj (.text:i2c_read)
                  0000c5e6    0000004c     rts430_eabi.lib : lsr16.asm.obj (.text)
                  0000c632    00000048     LCD.obj (.text:send_data)
                  0000c67a    00000048     spi.obj (.text:spi_init)
                  0000c6c2    00000044     LCD.obj (.text:lcd_cursorShow)
                  0000c706    00000044     LCD.obj (.text:send_command)
                  0000c74a    00000042     rts430_eabi.lib : autoinit.c.obj (.text:__TI_auto_init_nobinit_nopinit:__TI_auto_init_nobinit_nopinit)
                  0000c78c    00000042     i2c.obj (.text:i2c_write)
                  0000c7ce    00000042     LCD.obj (.text:lcd_enable)
                  0000c810    0000003e     flash.obj (.text:flash_read)
                  0000c84e    0000003e     spi.obj (.text:spi_RXISR)
                  0000c88c    0000003c     i2c.obj (.text:free_bus)
                  0000c8c8    00000036     spi.obj (.text:spi_TXISR)
                  0000c8fe    00000036     spi.obj (.text:spi_write)
                  0000c934    00000032     flash.obj (.text:erase_section)
                  0000c966    0000002e     flash.obj (.text:flash_busy)
                  0000c994    0000002e     spi.obj (.text:spi_read)
                  0000c9c2    0000002c     rts430_eabi.lib : asr16.asm.obj (.text)
                  0000c9ee    0000002c                     : lsl16.asm.obj (.text)
                  0000ca1a    00000028     LCD.obj (.text:lcd_cursorSet)
                  0000ca42    00000026     templateEMP.obj (.text:initMSP)
                  0000ca68    00000026     LCD.obj (.text:lcd_clear)
                  0000ca8e    00000020     main.obj (.text:save_to_flash)
                  0000caae    0000001e     adac.obj (.text:adac_init)
                  0000cacc    0000001e     LCD.obj (.text:lcd_putText)
                  0000caea    0000001e     flash.obj (.text:write_enable)
                  0000cb08    0000001c     rts430_eabi.lib : boot.c.obj (.text:_c_int00_noargs)
                  0000cb24    0000001a     interrupts.obj (.text:USCIAB0RX_ISR)
                  0000cb3e    0000001a     interrupts.obj (.text:USCIAB0TX_ISR)
                  0000cb58    00000018     LCD.obj (.text:send_nibble)
                  0000cb70    00000016     flash.obj (.text:add_to_buffer)
                  0000cb86    00000016     LCD.obj (.text:delay_ms)
                  0000cb9c    00000016     LCD.obj (.text:delay_us)
                  0000cbb2    00000014     rts430_eabi.lib : copy_zero_init.c.obj (.text:decompress:ZI:__TI_zero_init_nomemset:__TI_zero_init_nomemset)
                  0000cbc6    00000014     i2c.obj (.text:i2c_RXISR)
                  0000cbda    00000012     rts430_eabi.lib : copy_decompress_none.c.obj (.text:decompress:none:__TI_decompress_none)
                  0000cbec    00000012     LCD.obj (.text:enable)
                  0000cbfe    00000012     flash.obj (.text:flash_init)
                  0000cc10    00000012     rts430_eabi.lib : memcpy.c.obj (.text:memcpy)
                  0000cc22    00000010                     : epilog.asm.obj (.text)
                  0000cc32    0000000e     adac.obj (.text:adac_read)
                  0000cc40    0000000a     interrupts.obj (.text:interrupts_mode)
                  0000cc4a    00000008     rts430_eabi.lib : isr_trap.asm.obj (.text:_isr:__TI_ISR_TRAP)
                  0000cc52    00000008     spi.obj (.text:spi_busy)
                  0000cc5a    00000006     rts430_eabi.lib : exit.c.obj (.text:abort)
                  0000cc60    00000006     LCD.obj (.text:lcd_putChar)
                  0000cc66    00000004     rts430_eabi.lib : pre_init.c.obj (.text:_system_pre_init)
                  0000cc6a    00000002                     : startup.c.obj (.text:_system_post_cinit)

.const     0    0000cc6c    0000006b     
                  0000cc6c    0000006a     main.obj (.const:.string)
                  0000ccd6    00000001     adac.obj (.const:.string:$P$T0$1)

.cinit     0    0000ccd8    00000040     
                  0000ccd8    0000002d     (.cinit..data.load) [load image, compression = lzss]
                  0000cd05    00000001     --HOLE-- [fill = 0]
                  0000cd06    00000006     (__TI_handler_table)
                  0000cd0c    00000004     (.cinit..bss.load) [load image, compression = zero_init]
                  0000cd10    00000008     (__TI_cinit_table)

.binit     0    0000c000    00000000     

.init_array 
*          0    0000c000    00000000     UNINITIALIZED

TRAPINT    0    0000ffe0    00000002     
                  0000ffe0    00000002     rts430_eabi.lib : int00.asm.obj (.int00)

PORT1      0    0000ffe4    00000002     
                  0000ffe4    00000002     rts430_eabi.lib : int02.asm.obj (.int02)

PORT2      0    0000ffe6    00000002     
                  0000ffe6    00000002     rts430_eabi.lib : int03.asm.obj (.int03)

ADC10      0    0000ffea    00000002     
                  0000ffea    00000002     rts430_eabi.lib : int05.asm.obj (.int05)

USCIAB0TX 
*          0    0000ffec    00000002     
                  0000ffec    00000002     interrupts.obj (.int06)

USCIAB0RX 
*          0    0000ffee    00000002     
                  0000ffee    00000002     interrupts.obj (.int07)

TIMER0_A1 
*          0    0000fff0    00000002     
                  0000fff0    00000002     rts430_eabi.lib : int08.asm.obj (.int08)

TIMER0_A0 
*          0    0000fff2    00000002     
                  0000fff2    00000002     rts430_eabi.lib : int09.asm.obj (.int09)

WDT        0    0000fff4    00000002     
                  0000fff4    00000002     rts430_eabi.lib : int10.asm.obj (.int10)

COMPARATORA 
*          0    0000fff6    00000002     
                  0000fff6    00000002     rts430_eabi.lib : int11.asm.obj (.int11)

TIMER1_A1 
*          0    0000fff8    00000002     
                  0000fff8    00000002     rts430_eabi.lib : int12.asm.obj (.int12)

TIMER1_A0 
*          0    0000fffa    00000002     
                  0000fffa    00000002     rts430_eabi.lib : int13.asm.obj (.int13)

NMI        0    0000fffc    00000002     
                  0000fffc    00000002     rts430_eabi.lib : int14.asm.obj (.int14)

.reset     0    0000fffe    00000002     
                  0000fffe    00000002     rts430_eabi.lib : boot.c.obj (.reset)

$fill000   0    0000ffde    00000002     
                  0000ffde    00000002     --HOLE-- [fill = ffff]

MODULE SUMMARY

       Module                       code   ro data   rw data
       ------                       ----   -------   -------
    .\
       main.obj                     818    106       95     
    +--+----------------------------+------+---------+---------+
       Total:                       818    106       95     
                                                            
    .\libs\
       LCD.obj                      698    0         0      
       i2c.obj                      434    0         4      
       flash.obj                    316    0         5      
       spi.obj                      296    0         8      
       interrupts.obj               62     4         4      
       adac.obj                     44     1         0      
       templateEMP.obj              38     0         0      
    +--+----------------------------+------+---------+---------+
       Total:                       1888   5         21     
                                                            
    C:\ti\ccs1210\ccs\tools\compiler\ti-cgt-msp430_21.6.0.LTS\lib\rts430_eabi.lib
       copy_decompress_lzss.c.obj   124    0         0      
       lsr16.asm.obj                76     0         0      
       autoinit.c.obj               66     0         0      
       asr16.asm.obj                44     0         0      
       lsl16.asm.obj                44     0         0      
       boot.c.obj                   28     2         0      
       copy_zero_init.c.obj         20     0         0      
       copy_decompress_none.c.obj   18     0         0      
       memcpy.c.obj                 18     0         0      
       epilog.asm.obj               16     0         0      
       isr_trap.asm.obj             8      0         0      
       exit.c.obj                   6      0         0      
       pre_init.c.obj               4      0         0      
       int00.asm.obj                0      2         0      
       int02.asm.obj                0      2         0      
       int03.asm.obj                0      2         0      
       int05.asm.obj                0      2         0      
       int08.asm.obj                0      2         0      
       int09.asm.obj                0      2         0      
       int10.asm.obj                0      2         0      
       int11.asm.obj                0      2         0      
       int12.asm.obj                0      2         0      
       int13.asm.obj                0      2         0      
       int14.asm.obj                0      2         0      
       startup.c.obj                2      0         0      
    +--+----------------------------+------+---------+---------+
       Total:                       474    24        0      
                                                            
       Stack:                       0      0         80     
       Linker Generated:            0      63        0      
    +--+----------------------------+------+---------+---------+
       Grand Total:                 3180   198       196    


LINKER GENERATED COPY TABLES

__TI_cinit_table @ 0000cd10 records: 2, size/record: 4, table size: 8
	.data: load addr=0000ccd8, load size=0000002d bytes, run addr=00000200, run size=0000005f bytes, compression=lzss
	.bss: load addr=0000cd0c, load size=00000004 bytes, run addr=00000260, run size=00000017 bytes, compression=zero_init


LINKER GENERATED HANDLER TABLE

__TI_handler_table @ 0000cd06 records: 3, size/record: 2, table size: 6
	index: 0, handler: __TI_zero_init
	index: 1, handler: __TI_decompress_lzss
	index: 2, handler: __TI_decompress_none


GLOBAL SYMBOLS: SORTED ALPHABETICALLY BY Name 

address   name                          
-------   ----                          
0000004a  ADC10AE0                      
000001b0  ADC10CTL0                     
000001b2  ADC10CTL1                     
00000048  ADC10DTC0                     
00000049  ADC10DTC1                     
000001b4  ADC10MEM                      
000001bc  ADC10SA                       
00000057  BCSCTL1                       
00000058  BCSCTL2                       
00000053  BCSCTL3                       
0000cc5a  C$$EXIT                       
00000059  CACTL1                        
0000005a  CACTL2                        
000010fb  CALBC1_12MHZ                  
000010f9  CALBC1_16MHZ                  
000010ff  CALBC1_1MHZ                   
000010fd  CALBC1_8MHZ                   
000010fa  CALDCO_12MHZ                  
000010f8  CALDCO_16MHZ                  
000010fe  CALDCO_1MHZ                   
000010fc  CALDCO_8MHZ                   
0000005b  CAPD                          
00000056  DCOCTL                        
00000128  FCTL1                         
0000012a  FCTL2                         
0000012c  FCTL3                         
00000000  IE1                           
00000001  IE2                           
00000002  IFG1                          
00000003  IFG2                          
00000022  P1DIR                         
00000025  P1IE                          
00000024  P1IES                         
00000023  P1IFG                         
00000020  P1IN                          
00000021  P1OUT                         
00000027  P1REN                         
00000026  P1SEL                         
00000041  P1SEL2                        
0000002a  P2DIR                         
0000002d  P2IE                          
0000002c  P2IES                         
0000002b  P2IFG                         
00000028  P2IN                          
00000029  P2OUT                         
0000002f  P2REN                         
0000002e  P2SEL                         
00000042  P2SEL2                        
0000001a  P3DIR                         
00000018  P3IN                          
00000019  P3OUT                         
00000010  P3REN                         
0000001b  P3SEL                         
00000043  P3SEL2                        
00000260  PRxData                       
00000262  PTxData                       
00000264  RxByteCtr                     
0000024e  SPIbufferPosition             
0000024d  SPIbyteCounter                
00000266  SPIdata                       
0000024c  SPItransferFinished           
00000172  TA0CCR0                       
00000174  TA0CCR1                       
00000176  TA0CCR2                       
00000162  TA0CCTL0                      
00000164  TA0CCTL1                      
00000166  TA0CCTL2                      
00000160  TA0CTL                        
0000012e  TA0IV                         
00000170  TA0R                          
00000192  TA1CCR0                       
00000194  TA1CCR1                       
00000196  TA1CCR2                       
00000182  TA1CCTL0                      
00000184  TA1CCTL1                      
00000186  TA1CCTL2                      
00000180  TA1CTL                        
0000011e  TA1IV                         
00000190  TA1R                          
000010db  TLV_ADC10_1_LEN               
000010da  TLV_ADC10_1_TAG               
000010c0  TLV_CHECKSUM                  
000010f7  TLV_DCO_30_LEN                
000010f6  TLV_DCO_30_TAG                
00000268  TxByteCtr                     
0000005d  UCA0ABCTL                     
00000062  UCA0BR0                       
00000063  UCA0BR1                       
00000060  UCA0CTL0                      
00000061  UCA0CTL1                      
0000005f  UCA0IRRCTL                    
0000005e  UCA0IRTCTL                    
00000064  UCA0MCTL                      
00000066  UCA0RXBUF                     
00000065  UCA0STAT                      
00000067  UCA0TXBUF                     
0000006a  UCB0BR0                       
0000006b  UCB0BR1                       
00000068  UCB0CTL0                      
00000069  UCB0CTL1                      
0000006c  UCB0I2CIE                     
00000118  UCB0I2COA                     
0000011a  UCB0I2CSA                     
0000006e  UCB0RXBUF                     
0000006d  UCB0STAT                      
0000006f  UCB0TXBUF                     
0000cb24  USCIAB0RX_ISR                 
0000cb3e  USCIAB0TX_ISR                 
00000120  WDTCTL                        
00000400  __STACK_END                   
00000050  __STACK_SIZE                  
0000cd10  __TI_CINIT_Base               
0000cd18  __TI_CINIT_Limit              
0000cd18  __TI_CINIT_Warm               
0000cd06  __TI_Handler_Table_Base       
0000cd0c  __TI_Handler_Table_Limit      
0000cc4a  __TI_ISR_TRAP                 
0000c74a  __TI_auto_init_nobinit_nopinit
0000c3a4  __TI_decompress_lzss          
0000cbda  __TI_decompress_none          
0000ffe0  __TI_int00                    
0000ffe4  __TI_int02                    
0000ffe6  __TI_int03                    
0000ffea  __TI_int05                    
0000ffec  __TI_int06                    
0000ffee  __TI_int07                    
0000fff0  __TI_int08                    
0000fff2  __TI_int09                    
0000fff4  __TI_int10                    
0000fff6  __TI_int11                    
0000fff8  __TI_int12                    
0000fffa  __TI_int13                    
0000fffc  __TI_int14                    
ffffffff  __TI_pprof_out_hndl           
ffffffff  __TI_prof_data_size           
ffffffff  __TI_prof_data_start          
0000cbb2  __TI_zero_init_nomemset       
ffffffff  __c_args__                    
0000cc2e  __mspabi_func_epilog_1        
0000cc2c  __mspabi_func_epilog_2        
0000cc2a  __mspabi_func_epilog_3        
0000cc28  __mspabi_func_epilog_4        
0000cc26  __mspabi_func_epilog_5        
0000cc24  __mspabi_func_epilog_6        
0000cc22  __mspabi_func_epilog_7        
0000c9ee  __mspabi_slli                 
0000ca16  __mspabi_slli_1               
0000ca04  __mspabi_slli_10              
0000ca02  __mspabi_slli_11              
0000ca00  __mspabi_slli_12              
0000c9fe  __mspabi_slli_13              
0000c9fc  __mspabi_slli_14              
0000c9fa  __mspabi_slli_15              
0000ca14  __mspabi_slli_2               
0000ca12  __mspabi_slli_3               
0000ca10  __mspabi_slli_4               
0000ca0e  __mspabi_slli_5               
0000ca0c  __mspabi_slli_6               
0000ca0a  __mspabi_slli_7               
0000ca08  __mspabi_slli_8               
0000ca06  __mspabi_slli_9               
0000c9c2  __mspabi_srai                 
0000c9ea  __mspabi_srai_1               
0000c9d8  __mspabi_srai_10              
0000c9d6  __mspabi_srai_11              
0000c9d4  __mspabi_srai_12              
0000c9d2  __mspabi_srai_13              
0000c9d0  __mspabi_srai_14              
0000c9ce  __mspabi_srai_15              
0000c9e8  __mspabi_srai_2               
0000c9e6  __mspabi_srai_3               
0000c9e4  __mspabi_srai_4               
0000c9e2  __mspabi_srai_5               
0000c9e0  __mspabi_srai_6               
0000c9de  __mspabi_srai_7               
0000c9dc  __mspabi_srai_8               
0000c9da  __mspabi_srai_9               
0000c5e6  __mspabi_srli                 
0000c62c  __mspabi_srli_1               
0000c608  __mspabi_srli_10              
0000c604  __mspabi_srli_11              
0000c600  __mspabi_srli_12              
0000c5fc  __mspabi_srli_13              
0000c5f8  __mspabi_srli_14              
0000c5f4  __mspabi_srli_15              
0000c628  __mspabi_srli_2               
0000c624  __mspabi_srli_3               
0000c620  __mspabi_srli_4               
0000c61c  __mspabi_srli_5               
0000c618  __mspabi_srli_6               
0000c614  __mspabi_srli_7               
0000c610  __mspabi_srli_8               
0000c60c  __mspabi_srli_9               
0000cb08  _c_int00_noargs               
0000fffe  _reset_vector                 
000003b0  _stack                        
0000cc6a  _system_post_cinit            
0000cc66  _system_pre_init              
0000cc5a  abort                         
0000caae  adac_init                     
0000cc32  adac_read                     
00000252  adc_values                    
0000cb70  add_to_buffer                 
0000023c  addr_start                    
00000248  begin                         
0000026a  button                        
0000024a  button_pressed                
00000276  chosen_letter                 
00000246  count                         
0000026c  counter                       
00000244  data_available                
0000cb86  delay_ms                      
0000cb9c  delay_us                      
0000c246  disp_from_flash               
0000cbec  enable                        
0000c934  erase_section                 
00000258  flashInstructData             
0000025e  flashRXData                   
0000c966  flash_busy                    
0000021c  flash_data                    
0000cbfe  flash_init                    
0000c810  flash_read                    
0000022c  flash_read_data               
0000c4f4  flash_write                   
0000026e  forRX                         
00000270  forTX                         
0000c88c  free_bus                      
0000cbc6  i2c_RXISR                     
0000c420  i2c_TXISR                     
0000c48a  i2c_init                      
0000c59a  i2c_read                      
0000c78c  i2c_write                     
0000ca42  initMSP                       
0000cc40  interrupts_mode               
0000ca68  lcd_clear                     
0000ca1a  lcd_cursorSet                 
0000c6c2  lcd_cursorShow                
0000c7ce  lcd_enable                    
0000c166  lcd_init                      
0000cc60  lcd_putChar                   
0000cacc  lcd_putText                   
0000023e  letter_idx                    
00000200  letters                       
0000c302  main                          
00000240  mem_counter                   
0000cc10  memcpy                        
0000025d  nack                          
00000242  pos                           
0000c000  process_joystick              
00000250  receive                       
0000ca8e  save_to_flash                 
0000c706  send_command                  
0000c632  send_data                     
0000cb58  send_nibble                   
0000c84e  spi_RXISR                     
0000c8c8  spi_TXISR                     
0000cc52  spi_busy                      
0000c67a  spi_init                      
0000c994  spi_read                      
0000c8fe  spi_write                     
0000025c  transferFinished              
0000caea  write_enable                  
0000c54c  write_to_lcd                  
00000272  x_pos                         
00000274  y_pos                         


GLOBAL SYMBOLS: SORTED BY Symbol Address 

address   name                          
-------   ----                          
00000000  IE1                           
00000001  IE2                           
00000002  IFG1                          
00000003  IFG2                          
00000010  P3REN                         
00000018  P3IN                          
00000019  P3OUT                         
0000001a  P3DIR                         
0000001b  P3SEL                         
00000020  P1IN                          
00000021  P1OUT                         
00000022  P1DIR                         
00000023  P1IFG                         
00000024  P1IES                         
00000025  P1IE                          
00000026  P1SEL                         
00000027  P1REN                         
00000028  P2IN                          
00000029  P2OUT                         
0000002a  P2DIR                         
0000002b  P2IFG                         
0000002c  P2IES                         
0000002d  P2IE                          
0000002e  P2SEL                         
0000002f  P2REN                         
00000041  P1SEL2                        
00000042  P2SEL2                        
00000043  P3SEL2                        
00000048  ADC10DTC0                     
00000049  ADC10DTC1                     
0000004a  ADC10AE0                      
00000050  __STACK_SIZE                  
00000053  BCSCTL3                       
00000056  DCOCTL                        
00000057  BCSCTL1                       
00000058  BCSCTL2                       
00000059  CACTL1                        
0000005a  CACTL2                        
0000005b  CAPD                          
0000005d  UCA0ABCTL                     
0000005e  UCA0IRTCTL                    
0000005f  UCA0IRRCTL                    
00000060  UCA0CTL0                      
00000061  UCA0CTL1                      
00000062  UCA0BR0                       
00000063  UCA0BR1                       
00000064  UCA0MCTL                      
00000065  UCA0STAT                      
00000066  UCA0RXBUF                     
00000067  UCA0TXBUF                     
00000068  UCB0CTL0                      
00000069  UCB0CTL1                      
0000006a  UCB0BR0                       
0000006b  UCB0BR1                       
0000006c  UCB0I2CIE                     
0000006d  UCB0STAT                      
0000006e  UCB0RXBUF                     
0000006f  UCB0TXBUF                     
00000118  UCB0I2COA                     
0000011a  UCB0I2CSA                     
0000011e  TA1IV                         
00000120  WDTCTL                        
00000128  FCTL1                         
0000012a  FCTL2                         
0000012c  FCTL3                         
0000012e  TA0IV                         
00000160  TA0CTL                        
00000162  TA0CCTL0                      
00000164  TA0CCTL1                      
00000166  TA0CCTL2                      
00000170  TA0R                          
00000172  TA0CCR0                       
00000174  TA0CCR1                       
00000176  TA0CCR2                       
00000180  TA1CTL                        
00000182  TA1CCTL0                      
00000184  TA1CCTL1                      
00000186  TA1CCTL2                      
00000190  TA1R                          
00000192  TA1CCR0                       
00000194  TA1CCR1                       
00000196  TA1CCR2                       
000001b0  ADC10CTL0                     
000001b2  ADC10CTL1                     
000001b4  ADC10MEM                      
000001bc  ADC10SA                       
00000200  letters                       
0000021c  flash_data                    
0000022c  flash_read_data               
0000023c  addr_start                    
0000023e  letter_idx                    
00000240  mem_counter                   
00000242  pos                           
00000244  data_available                
00000246  count                         
00000248  begin                         
0000024a  button_pressed                
0000024c  SPItransferFinished           
0000024d  SPIbyteCounter                
0000024e  SPIbufferPosition             
00000250  receive                       
00000252  adc_values                    
00000258  flashInstructData             
0000025c  transferFinished              
0000025d  nack                          
0000025e  flashRXData                   
00000260  PRxData                       
00000262  PTxData                       
00000264  RxByteCtr                     
00000266  SPIdata                       
00000268  TxByteCtr                     
0000026a  button                        
0000026c  counter                       
0000026e  forRX                         
00000270  forTX                         
00000272  x_pos                         
00000274  y_pos                         
00000276  chosen_letter                 
000003b0  _stack                        
00000400  __STACK_END                   
000010c0  TLV_CHECKSUM                  
000010da  TLV_ADC10_1_TAG               
000010db  TLV_ADC10_1_LEN               
000010f6  TLV_DCO_30_TAG                
000010f7  TLV_DCO_30_LEN                
000010f8  CALDCO_16MHZ                  
000010f9  CALBC1_16MHZ                  
000010fa  CALDCO_12MHZ                  
000010fb  CALBC1_12MHZ                  
000010fc  CALDCO_8MHZ                   
000010fd  CALBC1_8MHZ                   
000010fe  CALDCO_1MHZ                   
000010ff  CALBC1_1MHZ                   
0000c000  process_joystick              
0000c166  lcd_init                      
0000c246  disp_from_flash               
0000c302  main                          
0000c3a4  __TI_decompress_lzss          
0000c420  i2c_TXISR                     
0000c48a  i2c_init                      
0000c4f4  flash_write                   
0000c54c  write_to_lcd                  
0000c59a  i2c_read                      
0000c5e6  __mspabi_srli                 
0000c5f4  __mspabi_srli_15              
0000c5f8  __mspabi_srli_14              
0000c5fc  __mspabi_srli_13              
0000c600  __mspabi_srli_12              
0000c604  __mspabi_srli_11              
0000c608  __mspabi_srli_10              
0000c60c  __mspabi_srli_9               
0000c610  __mspabi_srli_8               
0000c614  __mspabi_srli_7               
0000c618  __mspabi_srli_6               
0000c61c  __mspabi_srli_5               
0000c620  __mspabi_srli_4               
0000c624  __mspabi_srli_3               
0000c628  __mspabi_srli_2               
0000c62c  __mspabi_srli_1               
0000c632  send_data                     
0000c67a  spi_init                      
0000c6c2  lcd_cursorShow                
0000c706  send_command                  
0000c74a  __TI_auto_init_nobinit_nopinit
0000c78c  i2c_write                     
0000c7ce  lcd_enable                    
0000c810  flash_read                    
0000c84e  spi_RXISR                     
0000c88c  free_bus                      
0000c8c8  spi_TXISR                     
0000c8fe  spi_write                     
0000c934  erase_section                 
0000c966  flash_busy                    
0000c994  spi_read                      
0000c9c2  __mspabi_srai                 
0000c9ce  __mspabi_srai_15              
0000c9d0  __mspabi_srai_14              
0000c9d2  __mspabi_srai_13              
0000c9d4  __mspabi_srai_12              
0000c9d6  __mspabi_srai_11              
0000c9d8  __mspabi_srai_10              
0000c9da  __mspabi_srai_9               
0000c9dc  __mspabi_srai_8               
0000c9de  __mspabi_srai_7               
0000c9e0  __mspabi_srai_6               
0000c9e2  __mspabi_srai_5               
0000c9e4  __mspabi_srai_4               
0000c9e6  __mspabi_srai_3               
0000c9e8  __mspabi_srai_2               
0000c9ea  __mspabi_srai_1               
0000c9ee  __mspabi_slli                 
0000c9fa  __mspabi_slli_15              
0000c9fc  __mspabi_slli_14              
0000c9fe  __mspabi_slli_13              
0000ca00  __mspabi_slli_12              
0000ca02  __mspabi_slli_11              
0000ca04  __mspabi_slli_10              
0000ca06  __mspabi_slli_9               
0000ca08  __mspabi_slli_8               
0000ca0a  __mspabi_slli_7               
0000ca0c  __mspabi_slli_6               
0000ca0e  __mspabi_slli_5               
0000ca10  __mspabi_slli_4               
0000ca12  __mspabi_slli_3               
0000ca14  __mspabi_slli_2               
0000ca16  __mspabi_slli_1               
0000ca1a  lcd_cursorSet                 
0000ca42  initMSP                       
0000ca68  lcd_clear                     
0000ca8e  save_to_flash                 
0000caae  adac_init                     
0000cacc  lcd_putText                   
0000caea  write_enable                  
0000cb08  _c_int00_noargs               
0000cb24  USCIAB0RX_ISR                 
0000cb3e  USCIAB0TX_ISR                 
0000cb58  send_nibble                   
0000cb70  add_to_buffer                 
0000cb86  delay_ms                      
0000cb9c  delay_us                      
0000cbb2  __TI_zero_init_nomemset       
0000cbc6  i2c_RXISR                     
0000cbda  __TI_decompress_none          
0000cbec  enable                        
0000cbfe  flash_init                    
0000cc10  memcpy                        
0000cc22  __mspabi_func_epilog_7        
0000cc24  __mspabi_func_epilog_6        
0000cc26  __mspabi_func_epilog_5        
0000cc28  __mspabi_func_epilog_4        
0000cc2a  __mspabi_func_epilog_3        
0000cc2c  __mspabi_func_epilog_2        
0000cc2e  __mspabi_func_epilog_1        
0000cc32  adac_read                     
0000cc40  interrupts_mode               
0000cc4a  __TI_ISR_TRAP                 
0000cc52  spi_busy                      
0000cc5a  C$$EXIT                       
0000cc5a  abort                         
0000cc60  lcd_putChar                   
0000cc66  _system_pre_init              
0000cc6a  _system_post_cinit            
0000cd06  __TI_Handler_Table_Base       
0000cd0c  __TI_Handler_Table_Limit      
0000cd10  __TI_CINIT_Base               
0000cd18  __TI_CINIT_Limit              
0000cd18  __TI_CINIT_Warm               
0000ffe0  __TI_int00                    
0000ffe4  __TI_int02                    
0000ffe6  __TI_int03                    
0000ffea  __TI_int05                    
0000ffec  __TI_int06                    
0000ffee  __TI_int07                    
0000fff0  __TI_int08                    
0000fff2  __TI_int09                    
0000fff4  __TI_int10                    
0000fff6  __TI_int11                    
0000fff8  __TI_int12                    
0000fffa  __TI_int13                    
0000fffc  __TI_int14                    
0000fffe  _reset_vector                 
ffffffff  __TI_pprof_out_hndl           
ffffffff  __TI_prof_data_size           
ffffffff  __TI_prof_data_start          
ffffffff  __c_args__                    

[265 symbols]
