<?xml version="1.0" encoding="ISO-8859-1" ?>
<link_info>
   <banner>MSP430 Linker PC v21.6.0.LTS</banner>
   <copyright>Copyright (c) 2003-2018 Texas Instruments Incorporated</copyright>
   <link_time>0x64c5965c</link_time>
   <link_errors>0x0</link_errors>
   <output_file>Exercise_5_Venkatesan.out</output_file>
   <entry_point>
      <name>_c_int00_noargs</name>
      <address>0xe5ec</address>
   </entry_point>
   <input_file_list>
      <input_file id="fl-2">
         <path>.\</path>
         <kind>object</kind>
         <file>main.obj</file>
         <name>main.obj</name>
      </input_file>
      <input_file id="fl-3">
         <path>.\libs\</path>
         <kind>object</kind>
         <file>LCD.obj</file>
         <name>LCD.obj</name>
      </input_file>
      <input_file id="fl-4">
         <path>.\libs\</path>
         <kind>object</kind>
         <file>adac.obj</file>
         <name>adac.obj</name>
      </input_file>
      <input_file id="fl-5">
         <path>.\libs\</path>
         <kind>object</kind>
         <file>i2c.obj</file>
         <name>i2c.obj</name>
      </input_file>
      <input_file id="fl-6">
         <path>.\libs\</path>
         <kind>object</kind>
         <file>interrupts.obj</file>
         <name>interrupts.obj</name>
      </input_file>
      <input_file id="fl-7">
         <path>.\libs\</path>
         <kind>object</kind>
         <file>mma.obj</file>
         <name>mma.obj</name>
      </input_file>
      <input_file id="fl-8">
         <path>.\libs\</path>
         <kind>object</kind>
         <file>sensor.obj</file>
         <name>sensor.obj</name>
      </input_file>
      <input_file id="fl-9">
         <path>.\libs\</path>
         <kind>object</kind>
         <file>templateEMP.obj</file>
         <name>templateEMP.obj</name>
      </input_file>
      <input_file id="fl-a">
         <path>.\libs\</path>
         <kind>object</kind>
         <file>uart.obj</file>
         <name>uart.obj</name>
      </input_file>
      <input_file id="fl-f">
         <kind>object</kind>
         <file>&lt;internal&gt;</file>
         <name>&lt;internal&gt;</name>
      </input_file>
      <input_file id="fl-25">
         <path>C:\ti\ccs1210\ccs\tools\compiler\ti-cgt-msp430_21.6.0.LTS\lib\</path>
         <kind>archive</kind>
         <file>rts430_eabi.lib</file>
         <name>sprintf.c.obj</name>
      </input_file>
      <input_file id="fl-26">
         <path>C:\ti\ccs1210\ccs\tools\compiler\ti-cgt-msp430_21.6.0.LTS\lib\</path>
         <kind>archive</kind>
         <file>rts430_eabi.lib</file>
         <name>asr16.asm.obj</name>
      </input_file>
      <input_file id="fl-27">
         <path>C:\ti\ccs1210\ccs\tools\compiler\ti-cgt-msp430_21.6.0.LTS\lib\</path>
         <kind>archive</kind>
         <file>rts430_eabi.lib</file>
         <name>div16s.asm.obj</name>
      </input_file>
      <input_file id="fl-28">
         <path>C:\ti\ccs1210\ccs\tools\compiler\ti-cgt-msp430_21.6.0.LTS\lib\</path>
         <kind>archive</kind>
         <file>rts430_eabi.lib</file>
         <name>div16u.asm.obj</name>
      </input_file>
      <input_file id="fl-29">
         <path>C:\ti\ccs1210\ccs\tools\compiler\ti-cgt-msp430_21.6.0.LTS\lib\</path>
         <kind>archive</kind>
         <file>rts430_eabi.lib</file>
         <name>epilog.asm.obj</name>
      </input_file>
      <input_file id="fl-2a">
         <path>C:\ti\ccs1210\ccs\tools\compiler\ti-cgt-msp430_21.6.0.LTS\lib\</path>
         <kind>archive</kind>
         <file>rts430_eabi.lib</file>
         <name>int00.asm.obj</name>
      </input_file>
      <input_file id="fl-2b">
         <path>C:\ti\ccs1210\ccs\tools\compiler\ti-cgt-msp430_21.6.0.LTS\lib\</path>
         <kind>archive</kind>
         <file>rts430_eabi.lib</file>
         <name>int03.asm.obj</name>
      </input_file>
      <input_file id="fl-2c">
         <path>C:\ti\ccs1210\ccs\tools\compiler\ti-cgt-msp430_21.6.0.LTS\lib\</path>
         <kind>archive</kind>
         <file>rts430_eabi.lib</file>
         <name>int05.asm.obj</name>
      </input_file>
      <input_file id="fl-2d">
         <path>C:\ti\ccs1210\ccs\tools\compiler\ti-cgt-msp430_21.6.0.LTS\lib\</path>
         <kind>archive</kind>
         <file>rts430_eabi.lib</file>
         <name>int08.asm.obj</name>
      </input_file>
      <input_file id="fl-2e">
         <path>C:\ti\ccs1210\ccs\tools\compiler\ti-cgt-msp430_21.6.0.LTS\lib\</path>
         <kind>archive</kind>
         <file>rts430_eabi.lib</file>
         <name>int09.asm.obj</name>
      </input_file>
      <input_file id="fl-2f">
         <path>C:\ti\ccs1210\ccs\tools\compiler\ti-cgt-msp430_21.6.0.LTS\lib\</path>
         <kind>archive</kind>
         <file>rts430_eabi.lib</file>
         <name>int10.asm.obj</name>
      </input_file>
      <input_file id="fl-30">
         <path>C:\ti\ccs1210\ccs\tools\compiler\ti-cgt-msp430_21.6.0.LTS\lib\</path>
         <kind>archive</kind>
         <file>rts430_eabi.lib</file>
         <name>int11.asm.obj</name>
      </input_file>
      <input_file id="fl-31">
         <path>C:\ti\ccs1210\ccs\tools\compiler\ti-cgt-msp430_21.6.0.LTS\lib\</path>
         <kind>archive</kind>
         <file>rts430_eabi.lib</file>
         <name>int12.asm.obj</name>
      </input_file>
      <input_file id="fl-32">
         <path>C:\ti\ccs1210\ccs\tools\compiler\ti-cgt-msp430_21.6.0.LTS\lib\</path>
         <kind>archive</kind>
         <file>rts430_eabi.lib</file>
         <name>int14.asm.obj</name>
      </input_file>
      <input_file id="fl-33">
         <path>C:\ti\ccs1210\ccs\tools\compiler\ti-cgt-msp430_21.6.0.LTS\lib\</path>
         <kind>archive</kind>
         <file>rts430_eabi.lib</file>
         <name>isr_trap.asm.obj</name>
      </input_file>
      <input_file id="fl-34">
         <path>C:\ti\ccs1210\ccs\tools\compiler\ti-cgt-msp430_21.6.0.LTS\lib\</path>
         <kind>archive</kind>
         <file>rts430_eabi.lib</file>
         <name>lsl16.asm.obj</name>
      </input_file>
      <input_file id="fl-35">
         <path>C:\ti\ccs1210\ccs\tools\compiler\ti-cgt-msp430_21.6.0.LTS\lib\</path>
         <kind>archive</kind>
         <file>rts430_eabi.lib</file>
         <name>mult16.asm.obj</name>
      </input_file>
      <input_file id="fl-36">
         <path>C:\ti\ccs1210\ccs\tools\compiler\ti-cgt-msp430_21.6.0.LTS\lib\</path>
         <kind>archive</kind>
         <file>rts430_eabi.lib</file>
         <name>boot.c.obj</name>
      </input_file>
      <input_file id="fl-37">
         <path>C:\ti\ccs1210\ccs\tools\compiler\ti-cgt-msp430_21.6.0.LTS\lib\</path>
         <kind>archive</kind>
         <file>rts430_eabi.lib</file>
         <name>autoinit.c.obj</name>
      </input_file>
      <input_file id="fl-38">
         <path>C:\ti\ccs1210\ccs\tools\compiler\ti-cgt-msp430_21.6.0.LTS\lib\</path>
         <kind>archive</kind>
         <file>rts430_eabi.lib</file>
         <name>copy_zero_init.c.obj</name>
      </input_file>
      <input_file id="fl-39">
         <path>C:\ti\ccs1210\ccs\tools\compiler\ti-cgt-msp430_21.6.0.LTS\lib\</path>
         <kind>archive</kind>
         <file>rts430_eabi.lib</file>
         <name>cpy_tbl.c.obj</name>
      </input_file>
      <input_file id="fl-3a">
         <path>C:\ti\ccs1210\ccs\tools\compiler\ti-cgt-msp430_21.6.0.LTS\lib\</path>
         <kind>archive</kind>
         <file>rts430_eabi.lib</file>
         <name>mpu_init.c.obj</name>
      </input_file>
      <input_file id="fl-3b">
         <path>C:\ti\ccs1210\ccs\tools\compiler\ti-cgt-msp430_21.6.0.LTS\lib\</path>
         <kind>archive</kind>
         <file>rts430_eabi.lib</file>
         <name>pre_init.c.obj</name>
      </input_file>
      <input_file id="fl-3c">
         <path>C:\ti\ccs1210\ccs\tools\compiler\ti-cgt-msp430_21.6.0.LTS\lib\</path>
         <kind>archive</kind>
         <file>rts430_eabi.lib</file>
         <name>startup.c.obj</name>
      </input_file>
      <input_file id="fl-3d">
         <path>C:\ti\ccs1210\ccs\tools\compiler\ti-cgt-msp430_21.6.0.LTS\lib\</path>
         <kind>archive</kind>
         <file>rts430_eabi.lib</file>
         <name>copy_decompress_none.c.obj</name>
      </input_file>
      <input_file id="fl-3e">
         <path>C:\ti\ccs1210\ccs\tools\compiler\ti-cgt-msp430_21.6.0.LTS\lib\</path>
         <kind>archive</kind>
         <file>rts430_eabi.lib</file>
         <name>copy_decompress_lzss.c.obj</name>
      </input_file>
      <input_file id="fl-3f">
         <path>C:\ti\ccs1210\ccs\tools\compiler\ti-cgt-msp430_21.6.0.LTS\lib\</path>
         <kind>archive</kind>
         <file>rts430_eabi.lib</file>
         <name>cmpd.c.obj</name>
      </input_file>
      <input_file id="fl-40">
         <path>C:\ti\ccs1210\ccs\tools\compiler\ti-cgt-msp430_21.6.0.LTS\lib\</path>
         <kind>archive</kind>
         <file>rts430_eabi.lib</file>
         <name>divd.c.obj</name>
      </input_file>
      <input_file id="fl-41">
         <path>C:\ti\ccs1210\ccs\tools\compiler\ti-cgt-msp430_21.6.0.LTS\lib\</path>
         <kind>archive</kind>
         <file>rts430_eabi.lib</file>
         <name>fixdi.c.obj</name>
      </input_file>
      <input_file id="fl-42">
         <path>C:\ti\ccs1210\ccs\tools\compiler\ti-cgt-msp430_21.6.0.LTS\lib\</path>
         <kind>archive</kind>
         <file>rts430_eabi.lib</file>
         <name>fixdli.c.obj</name>
      </input_file>
      <input_file id="fl-43">
         <path>C:\ti\ccs1210\ccs\tools\compiler\ti-cgt-msp430_21.6.0.LTS\lib\</path>
         <kind>archive</kind>
         <file>rts430_eabi.lib</file>
         <name>fltid.c.obj</name>
      </input_file>
      <input_file id="fl-44">
         <path>C:\ti\ccs1210\ccs\tools\compiler\ti-cgt-msp430_21.6.0.LTS\lib\</path>
         <kind>archive</kind>
         <file>rts430_eabi.lib</file>
         <name>fltlid.c.obj</name>
      </input_file>
      <input_file id="fl-45">
         <path>C:\ti\ccs1210\ccs\tools\compiler\ti-cgt-msp430_21.6.0.LTS\lib\</path>
         <kind>archive</kind>
         <file>rts430_eabi.lib</file>
         <name>frcdivd.c.obj</name>
      </input_file>
      <input_file id="fl-46">
         <path>C:\ti\ccs1210\ccs\tools\compiler\ti-cgt-msp430_21.6.0.LTS\lib\</path>
         <kind>archive</kind>
         <file>rts430_eabi.lib</file>
         <name>mpyd.c.obj</name>
      </input_file>
      <input_file id="fl-47">
         <path>C:\ti\ccs1210\ccs\tools\compiler\ti-cgt-msp430_21.6.0.LTS\lib\</path>
         <kind>archive</kind>
         <file>rts430_eabi.lib</file>
         <name>exit.c.obj</name>
      </input_file>
      <input_file id="fl-48">
         <path>C:\ti\ccs1210\ccs\tools\compiler\ti-cgt-msp430_21.6.0.LTS\lib\</path>
         <kind>archive</kind>
         <file>rts430_eabi.lib</file>
         <name>_lock.c.obj</name>
      </input_file>
      <input_file id="fl-49">
         <path>C:\ti\ccs1210\ccs\tools\compiler\ti-cgt-msp430_21.6.0.LTS\lib\</path>
         <kind>archive</kind>
         <file>rts430_eabi.lib</file>
         <name>args_main.c.obj</name>
      </input_file>
      <input_file id="fl-4a">
         <path>C:\ti\ccs1210\ccs\tools\compiler\ti-cgt-msp430_21.6.0.LTS\lib\</path>
         <kind>archive</kind>
         <file>rts430_eabi.lib</file>
         <name>memcpy.c.obj</name>
      </input_file>
      <input_file id="fl-4b">
         <path>C:\ti\ccs1210\ccs\tools\compiler\ti-cgt-msp430_21.6.0.LTS\lib\</path>
         <kind>archive</kind>
         <file>rts430_eabi.lib</file>
         <name>memset.c.obj</name>
      </input_file>
      <input_file id="fl-4c">
         <path>C:\ti\ccs1210\ccs\tools\compiler\ti-cgt-msp430_21.6.0.LTS\lib\</path>
         <kind>archive</kind>
         <file>rts430_eabi.lib</file>
         <name>strcmp.c.obj</name>
      </input_file>
      <input_file id="fl-4d">
         <path>C:\ti\ccs1210\ccs\tools\compiler\ti-cgt-msp430_21.6.0.LTS\lib\</path>
         <kind>archive</kind>
         <file>rts430_eabi.lib</file>
         <name>strcpy.c.obj</name>
      </input_file>
      <input_file id="fl-4e">
         <path>C:\ti\ccs1210\ccs\tools\compiler\ti-cgt-msp430_21.6.0.LTS\lib\</path>
         <kind>archive</kind>
         <file>rts430_eabi.lib</file>
         <name>_printfi.c.obj</name>
      </input_file>
      <input_file id="fl-4f">
         <path>C:\ti\ccs1210\ccs\tools\compiler\ti-cgt-msp430_21.6.0.LTS\lib\</path>
         <kind>archive</kind>
         <file>rts430_eabi.lib</file>
         <name>asr32.asm.obj</name>
      </input_file>
      <input_file id="fl-50">
         <path>C:\ti\ccs1210\ccs\tools\compiler\ti-cgt-msp430_21.6.0.LTS\lib\</path>
         <kind>archive</kind>
         <file>rts430_eabi.lib</file>
         <name>div32u.asm.obj</name>
      </input_file>
      <input_file id="fl-51">
         <path>C:\ti\ccs1210\ccs\tools\compiler\ti-cgt-msp430_21.6.0.LTS\lib\</path>
         <kind>archive</kind>
         <file>rts430_eabi.lib</file>
         <name>lsl32.asm.obj</name>
      </input_file>
      <input_file id="fl-52">
         <path>C:\ti\ccs1210\ccs\tools\compiler\ti-cgt-msp430_21.6.0.LTS\lib\</path>
         <kind>archive</kind>
         <file>rts430_eabi.lib</file>
         <name>lsr16.asm.obj</name>
      </input_file>
      <input_file id="fl-53">
         <path>C:\ti\ccs1210\ccs\tools\compiler\ti-cgt-msp430_21.6.0.LTS\lib\</path>
         <kind>archive</kind>
         <file>rts430_eabi.lib</file>
         <name>lsr32.asm.obj</name>
      </input_file>
      <input_file id="fl-54">
         <path>C:\ti\ccs1210\ccs\tools\compiler\ti-cgt-msp430_21.6.0.LTS\lib\</path>
         <kind>archive</kind>
         <file>rts430_eabi.lib</file>
         <name>mult32.asm.obj</name>
      </input_file>
      <input_file id="fl-55">
         <path>C:\ti\ccs1210\ccs\tools\compiler\ti-cgt-msp430_21.6.0.LTS\lib\</path>
         <kind>archive</kind>
         <file>rts430_eabi.lib</file>
         <name>exit_gvars.c.obj</name>
      </input_file>
      <input_file id="fl-56">
         <path>C:\ti\ccs1210\ccs\tools\compiler\ti-cgt-msp430_21.6.0.LTS\lib\</path>
         <kind>archive</kind>
         <file>rts430_eabi.lib</file>
         <name>lsr64.c.obj</name>
      </input_file>
      <input_file id="fl-57">
         <path>C:\ti\ccs1210\ccs\tools\compiler\ti-cgt-msp430_21.6.0.LTS\lib\</path>
         <kind>archive</kind>
         <file>rts430_eabi.lib</file>
         <name>div64u.c.obj</name>
      </input_file>
      <input_file id="fl-58">
         <path>C:\ti\ccs1210\ccs\tools\compiler\ti-cgt-msp430_21.6.0.LTS\lib\</path>
         <kind>archive</kind>
         <file>rts430_eabi.lib</file>
         <name>frcmpyd.c.obj</name>
      </input_file>
      <input_file id="fl-59">
         <path>C:\ti\ccs1210\ccs\tools\compiler\ti-cgt-msp430_21.6.0.LTS\lib\</path>
         <kind>archive</kind>
         <file>rts430_eabi.lib</file>
         <name>negd.c.obj</name>
      </input_file>
      <input_file id="fl-5a">
         <path>C:\ti\ccs1210\ccs\tools\compiler\ti-cgt-msp430_21.6.0.LTS\lib\</path>
         <kind>archive</kind>
         <file>rts430_eabi.lib</file>
         <name>subd.c.obj</name>
      </input_file>
      <input_file id="fl-5b">
         <path>C:\ti\ccs1210\ccs\tools\compiler\ti-cgt-msp430_21.6.0.LTS\lib\</path>
         <kind>archive</kind>
         <file>rts430_eabi.lib</file>
         <name>_ltoa.c.obj</name>
      </input_file>
      <input_file id="fl-5c">
         <path>C:\ti\ccs1210\ccs\tools\compiler\ti-cgt-msp430_21.6.0.LTS\lib\</path>
         <kind>archive</kind>
         <file>rts430_eabi.lib</file>
         <name>atoi.c.obj</name>
      </input_file>
      <input_file id="fl-5d">
         <path>C:\ti\ccs1210\ccs\tools\compiler\ti-cgt-msp430_21.6.0.LTS\lib\</path>
         <kind>archive</kind>
         <file>rts430_eabi.lib</file>
         <name>ctype.c.obj</name>
      </input_file>
      <input_file id="fl-5e">
         <path>C:\ti\ccs1210\ccs\tools\compiler\ti-cgt-msp430_21.6.0.LTS\lib\</path>
         <kind>archive</kind>
         <file>rts430_eabi.lib</file>
         <name>memccpy.c.obj</name>
      </input_file>
      <input_file id="fl-5f">
         <path>C:\ti\ccs1210\ccs\tools\compiler\ti-cgt-msp430_21.6.0.LTS\lib\</path>
         <kind>archive</kind>
         <file>rts430_eabi.lib</file>
         <name>strchr.c.obj</name>
      </input_file>
      <input_file id="fl-60">
         <path>C:\ti\ccs1210\ccs\tools\compiler\ti-cgt-msp430_21.6.0.LTS\lib\</path>
         <kind>archive</kind>
         <file>rts430_eabi.lib</file>
         <name>strlen.c.obj</name>
      </input_file>
      <input_file id="fl-61">
         <path>C:\ti\ccs1210\ccs\tools\compiler\ti-cgt-msp430_21.6.0.LTS\lib\</path>
         <kind>archive</kind>
         <file>rts430_eabi.lib</file>
         <name>toupper.c.obj</name>
      </input_file>
      <input_file id="fl-62">
         <path>C:\ti\ccs1210\ccs\tools\compiler\ti-cgt-msp430_21.6.0.LTS\lib\</path>
         <kind>archive</kind>
         <file>rts430_eabi.lib</file>
         <name>errno.c.obj</name>
      </input_file>
      <input_file id="fl-63">
         <path>C:\ti\ccs1210\ccs\tools\compiler\ti-cgt-msp430_21.6.0.LTS\lib\</path>
         <kind>archive</kind>
         <file>rts430_eabi.lib</file>
         <name>abs.c.obj</name>
      </input_file>
      <input_file id="fl-64">
         <path>C:\ti\ccs1210\ccs\tools\compiler\ti-cgt-msp430_21.6.0.LTS\lib\</path>
         <kind>archive</kind>
         <file>rts430_eabi.lib</file>
         <name>wcslen.c.obj</name>
      </input_file>
      <input_file id="fl-65">
         <path>C:\ti\ccs1210\ccs\tools\compiler\ti-cgt-msp430_21.6.0.LTS\lib\</path>
         <kind>archive</kind>
         <file>rts430_eabi.lib</file>
         <name>s_frexp.c.obj</name>
      </input_file>
      <input_file id="fl-66">
         <path>C:\ti\ccs1210\ccs\tools\compiler\ti-cgt-msp430_21.6.0.LTS\lib\</path>
         <kind>archive</kind>
         <file>rts430_eabi.lib</file>
         <name>s_scalbn.c.obj</name>
      </input_file>
      <input_file id="fl-67">
         <path>C:\ti\ccs1210\ccs\tools\compiler\ti-cgt-msp430_21.6.0.LTS\lib\</path>
         <kind>archive</kind>
         <file>rts430_eabi.lib</file>
         <name>div32s.asm.obj</name>
      </input_file>
      <input_file id="fl-68">
         <path>C:\ti\ccs1210\ccs\tools\compiler\ti-cgt-msp430_21.6.0.LTS\lib\</path>
         <kind>archive</kind>
         <file>rts430_eabi.lib</file>
         <name>mult3264.asm.obj</name>
      </input_file>
      <input_file id="fl-69">
         <path>C:\ti\ccs1210\ccs\tools\compiler\ti-cgt-msp430_21.6.0.LTS\lib\</path>
         <kind>archive</kind>
         <file>rts430_eabi.lib</file>
         <name>mult64.asm.obj</name>
      </input_file>
      <input_file id="fl-6a">
         <path>C:\ti\ccs1210\ccs\tools\compiler\ti-cgt-msp430_21.6.0.LTS\lib\</path>
         <kind>archive</kind>
         <file>rts430_eabi.lib</file>
         <name>lsl64.c.obj</name>
      </input_file>
      <input_file id="fl-6b">
         <path>C:\ti\ccs1210\ccs\tools\compiler\ti-cgt-msp430_21.6.0.LTS\lib\</path>
         <kind>archive</kind>
         <file>rts430_eabi.lib</file>
         <name>addd.c.obj</name>
      </input_file>
      <input_file id="fl-6c">
         <path>C:\ti\ccs1210\ccs\tools\compiler\ti-cgt-msp430_21.6.0.LTS\lib\</path>
         <kind>archive</kind>
         <file>rts430_eabi.lib</file>
         <name>s_copysign.c.obj</name>
      </input_file>
      <input_file id="fl-6d">
         <path>C:\ti\ccs1210\ccs\tools\compiler\ti-cgt-msp430_21.6.0.LTS\lib\</path>
         <kind>archive</kind>
         <file>rts430_eabi.lib</file>
         <name>mult1632.asm.obj</name>
      </input_file>
      <input_file id="fl-6e">
         <path>C:\ti\ccs1210\ccs\tools\compiler\ti-cgt-msp430_21.6.0.LTS\lib\</path>
         <kind>archive</kind>
         <file>rts430_eabi.lib</file>
         <name>asr64.c.obj</name>
      </input_file>
   </input_file_list>
   <object_component_list>
      <object_component id="oc-4b8">
         <name>.common:RxByteCtr</name>
         <uninitialized>true</uninitialized>
         <run_address>0x288</run_address>
         <size>0x2</size>
      </object_component>
      <object_component id="oc-4b9">
         <name>.common:PRxData</name>
         <uninitialized>true</uninitialized>
         <run_address>0x284</run_address>
         <size>0x2</size>
      </object_component>
      <object_component id="oc-4b2">
         <name>.common:TxByteCtr</name>
         <uninitialized>true</uninitialized>
         <run_address>0x28a</run_address>
         <size>0x2</size>
      </object_component>
      <object_component id="oc-4b3">
         <name>.common:PTxData</name>
         <uninitialized>true</uninitialized>
         <run_address>0x286</run_address>
         <size>0x2</size>
      </object_component>
      <object_component id="oc-14f">
         <name>.common:distance</name>
         <uninitialized>true</uninitialized>
         <run_address>0x28e</run_address>
         <size>0x2</size>
      </object_component>
      <object_component id="oc-2cb">
         <name>.common:pot</name>
         <uninitialized>true</uninitialized>
         <run_address>0x29a</run_address>
         <size>0x2</size>
      </object_component>
      <object_component id="oc-2c4">
         <name>.common:ldr</name>
         <uninitialized>true</uninitialized>
         <run_address>0x294</run_address>
         <size>0x2</size>
      </object_component>
      <object_component id="oc-2bd">
         <name>.common:ntc</name>
         <uninitialized>true</uninitialized>
         <run_address>0x296</run_address>
         <size>0x2</size>
      </object_component>
      <object_component id="oc-2d2">
         <name>.common:pb</name>
         <uninitialized>true</uninitialized>
         <run_address>0x298</run_address>
         <size>0x2</size>
      </object_component>
      <object_component id="oc-1b0">
         <name>.common:cmd_stored</name>
         <uninitialized>true</uninitialized>
         <run_address>0x200</run_address>
         <size>0x40</size>
      </object_component>
      <object_component id="oc-1a9">
         <name>.common:input_cmd</name>
         <uninitialized>true</uninitialized>
         <run_address>0x240</run_address>
         <size>0x40</size>
      </object_component>
      <object_component id="oc-1b1">
         <name>.common:check</name>
         <uninitialized>true</uninitialized>
         <run_address>0x280</run_address>
         <size>0x4</size>
      </object_component>
      <object_component id="oc-4b4">
         <name>.common:counter</name>
         <uninitialized>true</uninitialized>
         <run_address>0x28c</run_address>
         <size>0x2</size>
      </object_component>
      <object_component id="oc-157">
         <name>.common:forRX</name>
         <uninitialized>true</uninitialized>
         <run_address>0x290</run_address>
         <size>0x2</size>
      </object_component>
      <object_component id="oc-153">
         <name>.common:forTX</name>
         <uninitialized>true</uninitialized>
         <run_address>0x292</run_address>
         <size>0x2</size>
      </object_component>
      <object_component id="oc-2ec">
         <name>.data:acc_values</name>
         <load_address>0x2dc</load_address>
         <run_address>0x2dc</run_address>
         <size>0x18</size>
         <input_file_ref idref="fl-2"/>
      </object_component>
      <object_component id="oc-2ef">
         <name>.data:adc_values</name>
         <load_address>0x312</load_address>
         <run_address>0x312</run_address>
         <size>0x5</size>
         <input_file_ref idref="fl-2"/>
      </object_component>
      <object_component id="oc-26c">
         <name>.data:led_array</name>
         <load_address>0x306</load_address>
         <run_address>0x306</run_address>
         <size>0x6</size>
         <input_file_ref idref="fl-2"/>
      </object_component>
      <object_component id="oc-159">
         <name>.data</name>
         <load_address>0x2c0</load_address>
         <run_address>0x2c0</run_address>
         <size>0x1c</size>
         <input_file_ref idref="fl-2"/>
      </object_component>
      <object_component id="oc-4af">
         <name>.data</name>
         <load_address>0x31b</load_address>
         <run_address>0x31b</run_address>
         <size>0x2</size>
         <input_file_ref idref="fl-5"/>
      </object_component>
      <object_component id="oc-443">
         <name>.data</name>
         <load_address>0x2f4</load_address>
         <run_address>0x2f4</run_address>
         <size>0x12</size>
         <input_file_ref idref="fl-7"/>
      </object_component>
      <object_component id="oc-546">
         <name>.data:xyz_values_8bit</name>
         <load_address>0x318</load_address>
         <run_address>0x318</run_address>
         <size>0x3</size>
         <input_file_ref idref="fl-7"/>
      </object_component>
      <object_component id="oc-543">
         <name>.data:xyz_values_14bit</name>
         <load_address>0x30c</load_address>
         <run_address>0x30c</run_address>
         <size>0x6</size>
         <input_file_ref idref="fl-7"/>
      </object_component>
      <object_component id="oc-347">
         <name>.data:ringBuffer</name>
         <load_address>0x29c</load_address>
         <run_address>0x29c</run_address>
         <size>0x23</size>
         <input_file_ref idref="fl-a"/>
      </object_component>
      <object_component id="oc-34a">
         <name>.data</name>
         <load_address>0x2bf</load_address>
         <run_address>0x2bf</run_address>
         <size>0x1</size>
         <input_file_ref idref="fl-a"/>
      </object_component>
      <object_component id="oc-b1">
         <name>.stack</name>
         <uninitialized>true</uninitialized>
         <run_address>0x3b0</run_address>
         <size>0x2</size>
         <input_file_ref idref="fl-36"/>
      </object_component>
      <object_component id="oc-5ce">
         <name>.stack</name>
         <uninitialized>true</uninitialized>
         <run_address>0x3b0</run_address>
         <size>0x0</size>
      </object_component>
      <object_component id="oc-52c">
         <name>.text:__TI_frcdivd</name>
         <load_address>0xc000</load_address>
         <run_address>0xc000</run_address>
         <size>0x478</size>
         <input_file_ref idref="fl-45"/>
      </object_component>
      <object_component id="oc-4f8">
         <name>.text:__mspabi_mpyd</name>
         <load_address>0xc478</load_address>
         <run_address>0xc478</run_address>
         <size>0x2c0</size>
         <input_file_ref idref="fl-46"/>
      </object_component>
      <object_component id="oc-4f2">
         <name>.text:__mspabi_divd</name>
         <load_address>0xc738</load_address>
         <run_address>0xc738</run_address>
         <size>0x238</size>
         <input_file_ref idref="fl-40"/>
      </object_component>
      <object_component id="oc-30a">
         <name>.text:led_control</name>
         <load_address>0xc970</load_address>
         <run_address>0xc970</run_address>
         <size>0x1e4</size>
         <input_file_ref idref="fl-2"/>
      </object_component>
      <object_component id="oc-1df">
         <name>.text:disp_value</name>
         <load_address>0xcb54</load_address>
         <run_address>0xcb54</run_address>
         <size>0x1d2</size>
         <input_file_ref idref="fl-2"/>
      </object_component>
      <object_component id="oc-534">
         <name>.text:__TI_frcmpyd</name>
         <load_address>0xcd26</load_address>
         <run_address>0xcd26</run_address>
         <size>0x172</size>
         <input_file_ref idref="fl-58"/>
      </object_component>
      <object_component id="oc-16b">
         <name>.text:main</name>
         <load_address>0xce98</load_address>
         <run_address>0xce98</run_address>
         <size>0x14c</size>
         <input_file_ref idref="fl-2"/>
      </object_component>
      <object_component id="oc-562">
         <name>.text:__mpyll</name>
         <load_address>0xcfe4</load_address>
         <run_address>0xcfe4</run_address>
         <size>0x114</size>
         <input_file_ref idref="fl-69"/>
      </object_component>
      <object_component id="oc-45e">
         <name>.text:mma_getreal</name>
         <load_address>0xd0f8</load_address>
         <run_address>0xd0f8</run_address>
         <size>0xfe</size>
         <input_file_ref idref="fl-7"/>
      </object_component>
      <object_component id="oc-275">
         <name>.text:lcd_init</name>
         <load_address>0xd1f6</load_address>
         <run_address>0xd1f6</run_address>
         <size>0xe0</size>
         <input_file_ref idref="fl-3"/>
      </object_component>
      <object_component id="oc-2da">
         <name>.text:__mspabi_cmpd</name>
         <load_address>0xd2d6</load_address>
         <run_address>0xd2d6</run_address>
         <size>0xdc</size>
         <input_file_ref idref="fl-3f"/>
      </object_component>
      <object_component id="oc-304">
         <name>.text:lcd_control</name>
         <load_address>0xd3b2</load_address>
         <run_address>0xd3b2</run_address>
         <size>0xc0</size>
         <input_file_ref idref="fl-2"/>
      </object_component>
      <object_component id="oc-378">
         <name>.text:__mspabi_fltlid</name>
         <load_address>0xd472</load_address>
         <run_address>0xd472</run_address>
         <size>0xac</size>
         <input_file_ref idref="fl-44"/>
      </object_component>
      <object_component id="oc-2e6">
         <name>.text:serialPrintInt</name>
         <load_address>0xd51e</load_address>
         <run_address>0xd51e</run_address>
         <size>0xac</size>
         <input_file_ref idref="fl-a"/>
      </object_component>
      <object_component id="oc-523">
         <name>.text:mma_get14</name>
         <load_address>0xd5ca</load_address>
         <run_address>0xd5ca</run_address>
         <size>0x94</size>
         <input_file_ref idref="fl-7"/>
      </object_component>
      <object_component id="oc-1e5">
         <name>.text:process_command</name>
         <load_address>0xd65e</load_address>
         <run_address>0xd65e</run_address>
         <size>0x94</size>
         <input_file_ref idref="fl-2"/>
      </object_component>
      <object_component id="oc-1cd">
         <name>.text:disp_init</name>
         <load_address>0xd6f2</load_address>
         <run_address>0xd6f2</run_address>
         <size>0x8a</size>
         <input_file_ref idref="fl-2"/>
      </object_component>
      <object_component id="oc-1c1">
         <name>.text:get_user_input</name>
         <load_address>0xd77c</load_address>
         <run_address>0xd77c</run_address>
         <size>0x88</size>
         <input_file_ref idref="fl-2"/>
      </object_component>
      <object_component id="oc-34">
         <name>.text:decompress:lzss:__TI_decompress_lzss</name>
         <load_address>0xd804</load_address>
         <run_address>0xd804</run_address>
         <size>0x7c</size>
         <input_file_ref idref="fl-3e"/>
      </object_component>
      <object_component id="oc-519">
         <name>.text:mma_get8</name>
         <load_address>0xd880</load_address>
         <run_address>0xd880</run_address>
         <size>0x7c</size>
         <input_file_ref idref="fl-7"/>
      </object_component>
      <object_component id="oc-38d">
         <name>.text:mma_init</name>
         <load_address>0xd8fc</load_address>
         <run_address>0xd8fc</run_address>
         <size>0x7a</size>
         <input_file_ref idref="fl-7"/>
      </object_component>
      <object_component id="oc-3b9">
         <name>.text:__mspabi_fixdli</name>
         <load_address>0xd976</load_address>
         <run_address>0xd976</run_address>
         <size>0x72</size>
         <input_file_ref idref="fl-42"/>
      </object_component>
      <object_component id="oc-1d9">
         <name>.text:get_sensor_readings</name>
         <load_address>0xd9e8</load_address>
         <run_address>0xd9e8</run_address>
         <size>0x72</size>
         <input_file_ref idref="fl-2"/>
      </object_component>
      <object_component id="oc-2cc">
         <name>.text:get_pb</name>
         <load_address>0xda5a</load_address>
         <run_address>0xda5a</run_address>
         <size>0x70</size>
         <input_file_ref idref="fl-8"/>
      </object_component>
      <object_component id="oc-424">
         <name>.text:i2c_init</name>
         <load_address>0xdaca</load_address>
         <run_address>0xdaca</run_address>
         <size>0x70</size>
         <input_file_ref idref="fl-5"/>
      </object_component>
      <object_component id="oc-4a0">
         <name>.text:i2c_TXISR</name>
         <load_address>0xdb3a</load_address>
         <run_address>0xdb3a</run_address>
         <size>0x6e</size>
         <input_file_ref idref="fl-5"/>
      </object_component>
      <object_component id="oc-288">
         <name>.text:get_us_dist</name>
         <load_address>0xdba8</load_address>
         <run_address>0xdba8</run_address>
         <size>0x62</size>
         <input_file_ref idref="fl-2"/>
      </object_component>
      <object_component id="oc-41d">
         <name>.text:l_lsr_const</name>
         <load_address>0xdc0a</load_address>
         <run_address>0xdc0a</run_address>
         <size>0x5c</size>
         <input_file_ref idref="fl-53"/>
      </object_component>
      <object_component id="oc-455">
         <name>.text:mma_setRange</name>
         <load_address>0xdc66</load_address>
         <run_address>0xdc66</run_address>
         <size>0x54</size>
         <input_file_ref idref="fl-7"/>
      </object_component>
      <object_component id="oc-1d3">
         <name>.text:reset_actuators</name>
         <load_address>0xdcba</load_address>
         <run_address>0xdcba</run_address>
         <size>0x4e</size>
         <input_file_ref idref="fl-2"/>
      </object_component>
      <object_component id="oc-436">
         <name>.text:i2c_read</name>
         <load_address>0xdd08</load_address>
         <run_address>0xdd08</run_address>
         <size>0x4c</size>
         <input_file_ref idref="fl-5"/>
      </object_component>
      <object_component id="oc-ba">
         <name>.text</name>
         <load_address>0xdd54</load_address>
         <run_address>0xdd54</run_address>
         <size>0x4c</size>
         <input_file_ref idref="fl-52"/>
      </object_component>
      <object_component id="oc-4da">
         <name>.text:get_range</name>
         <load_address>0xdda0</load_address>
         <run_address>0xdda0</run_address>
         <size>0x4a</size>
         <input_file_ref idref="fl-7"/>
      </object_component>
      <object_component id="oc-509">
         <name>.text:send_data</name>
         <load_address>0xddea</load_address>
         <run_address>0xddea</run_address>
         <size>0x48</size>
         <input_file_ref idref="fl-3"/>
      </object_component>
      <object_component id="oc-56c">
         <name>.text:__mspabi_srlll</name>
         <load_address>0xde32</load_address>
         <run_address>0xde32</run_address>
         <size>0x46</size>
         <input_file_ref idref="fl-56"/>
      </object_component>
      <object_component id="oc-55c">
         <name>.text:__mspabi_sllll</name>
         <load_address>0xde78</load_address>
         <run_address>0xde78</run_address>
         <size>0x44</size>
         <input_file_ref idref="fl-6a"/>
      </object_component>
      <object_component id="oc-47a">
         <name>.text:lcd_cursorShow</name>
         <load_address>0xdebc</load_address>
         <run_address>0xdebc</run_address>
         <size>0x44</size>
         <input_file_ref idref="fl-3"/>
      </object_component>
      <object_component id="oc-501">
         <name>.text:send_command</name>
         <load_address>0xdf00</load_address>
         <run_address>0xdf00</run_address>
         <size>0x44</size>
         <input_file_ref idref="fl-3"/>
      </object_component>
      <object_component id="oc-2b1">
         <name>.text:sensor_init</name>
         <load_address>0xdf44</load_address>
         <run_address>0xdf44</run_address>
         <size>0x44</size>
         <input_file_ref idref="fl-8"/>
      </object_component>
      <object_component id="oc-1fe">
         <name>.text:__TI_auto_init_nobinit_nopinit:__TI_auto_init_nobinit_nopinit</name>
         <load_address>0xdf88</load_address>
         <run_address>0xdf88</run_address>
         <size>0x42</size>
         <input_file_ref idref="fl-37"/>
      </object_component>
      <object_component id="oc-2a5">
         <name>.text:get_acceleration</name>
         <load_address>0xdfca</load_address>
         <run_address>0xdfca</run_address>
         <size>0x42</size>
         <input_file_ref idref="fl-2"/>
      </object_component>
      <object_component id="oc-42d">
         <name>.text:i2c_write</name>
         <load_address>0xe00c</load_address>
         <run_address>0xe00c</run_address>
         <size>0x42</size>
         <input_file_ref idref="fl-5"/>
      </object_component>
      <object_component id="oc-46e">
         <name>.text:lcd_enable</name>
         <load_address>0xe04e</load_address>
         <run_address>0xe04e</run_address>
         <size>0x42</size>
         <input_file_ref idref="fl-3"/>
      </object_component>
      <object_component id="oc-2fe">
         <name>.text:relay_control</name>
         <load_address>0xe090</load_address>
         <run_address>0xe090</run_address>
         <size>0x42</size>
         <input_file_ref idref="fl-2"/>
      </object_component>
      <object_component id="oc-3c8">
         <name>.text:write_to_lcd</name>
         <load_address>0xe0d2</load_address>
         <run_address>0xe0d2</run_address>
         <size>0x42</size>
         <input_file_ref idref="fl-2"/>
      </object_component>
      <object_component id="oc-553">
         <name>.text:l_asr_const</name>
         <load_address>0xe114</load_address>
         <run_address>0xe114</run_address>
         <size>0x3e</size>
         <input_file_ref idref="fl-4f"/>
      </object_component>
      <object_component id="oc-418">
         <name>.text:l_lsl_const</name>
         <load_address>0xe152</load_address>
         <run_address>0xe152</run_address>
         <size>0x3e</size>
         <input_file_ref idref="fl-51"/>
      </object_component>
      <object_component id="oc-2ab">
         <name>.text:free_bus</name>
         <load_address>0xe190</load_address>
         <run_address>0xe190</run_address>
         <size>0x3c</size>
         <input_file_ref idref="fl-5"/>
      </object_component>
      <object_component id="oc-2f2">
         <name>.text:process_ldr</name>
         <load_address>0xe1cc</load_address>
         <run_address>0xe1cc</run_address>
         <size>0x3a</size>
         <input_file_ref idref="fl-2"/>
      </object_component>
      <object_component id="oc-43d">
         <name>.text:set_standby_mode</name>
         <load_address>0xe206</load_address>
         <run_address>0xe206</run_address>
         <size>0x3a</size>
         <input_file_ref idref="fl-7"/>
      </object_component>
      <object_component id="oc-23b">
         <name>.text:uart_RXISR</name>
         <load_address>0xe240</load_address>
         <run_address>0xe240</run_address>
         <size>0x3a</size>
         <input_file_ref idref="fl-a"/>
      </object_component>
      <object_component id="oc-1b4">
         <name>.text:uart_init</name>
         <load_address>0xe27a</load_address>
         <run_address>0xe27a</run_address>
         <size>0x36</size>
         <input_file_ref idref="fl-a"/>
      </object_component>
      <object_component id="oc-44f">
         <name>.text:mma_setResolution</name>
         <load_address>0xe2b0</load_address>
         <run_address>0xe2b0</run_address>
         <size>0x34</size>
         <input_file_ref idref="fl-7"/>
      </object_component>
      <object_component id="oc-2c5">
         <name>.text:get_pot</name>
         <load_address>0xe2e4</load_address>
         <run_address>0xe2e4</run_address>
         <size>0x2e</size>
         <input_file_ref idref="fl-8"/>
      </object_component>
      <object_component id="oc-2f8">
         <name>.text</name>
         <load_address>0xe312</load_address>
         <run_address>0xe312</run_address>
         <size>0x2c</size>
         <input_file_ref idref="fl-26"/>
      </object_component>
      <object_component id="oc-28e">
         <name>.text</name>
         <load_address>0xe33e</load_address>
         <run_address>0xe33e</run_address>
         <size>0x2c</size>
         <input_file_ref idref="fl-27"/>
      </object_component>
      <object_component id="oc-b5">
         <name>.text</name>
         <load_address>0xe36a</load_address>
         <run_address>0xe36a</run_address>
         <size>0x2c</size>
         <input_file_ref idref="fl-34"/>
      </object_component>
      <object_component id="oc-2be">
         <name>.text:get_ldr</name>
         <load_address>0xe396</load_address>
         <run_address>0xe396</run_address>
         <size>0x2a</size>
         <input_file_ref idref="fl-8"/>
      </object_component>
      <object_component id="oc-1bb">
         <name>.text:serialPrint</name>
         <load_address>0xe3c0</load_address>
         <run_address>0xe3c0</run_address>
         <size>0x2a</size>
         <input_file_ref idref="fl-a"/>
      </object_component>
      <object_component id="oc-e1">
         <name>.text:Port_1</name>
         <load_address>0xe3ea</load_address>
         <run_address>0xe3ea</run_address>
         <size>0x28</size>
         <input_file_ref idref="fl-2"/>
      </object_component>
      <object_component id="oc-2e0">
         <name>.text:__mspabi_fixdi</name>
         <load_address>0xe412</load_address>
         <run_address>0xe412</run_address>
         <size>0x28</size>
         <input_file_ref idref="fl-41"/>
      </object_component>
      <object_component id="oc-2b7">
         <name>.text:get_ntc</name>
         <load_address>0xe43a</load_address>
         <run_address>0xe43a</run_address>
         <size>0x28</size>
         <input_file_ref idref="fl-8"/>
      </object_component>
      <object_component id="oc-474">
         <name>.text:lcd_cursorSet</name>
         <load_address>0xe462</load_address>
         <run_address>0xe462</run_address>
         <size>0x28</size>
         <input_file_ref idref="fl-3"/>
      </object_component>
      <object_component id="oc-25c">
         <name>.text:serialRead</name>
         <load_address>0xe48a</load_address>
         <run_address>0xe48a</run_address>
         <size>0x28</size>
         <input_file_ref idref="fl-a"/>
      </object_component>
      <object_component id="oc-1a3">
         <name>.text:initMSP</name>
         <load_address>0xe4b2</load_address>
         <run_address>0xe4b2</run_address>
         <size>0x26</size>
         <input_file_ref idref="fl-9"/>
      </object_component>
      <object_component id="oc-27b">
         <name>.text:lcd_clear</name>
         <load_address>0xe4d8</load_address>
         <run_address>0xe4d8</run_address>
         <size>0x26</size>
         <input_file_ref idref="fl-3"/>
      </object_component>
      <object_component id="oc-2d3">
         <name>.text:refresh_timer_start</name>
         <load_address>0xe4fe</load_address>
         <run_address>0xe4fe</run_address>
         <size>0x26</size>
         <input_file_ref idref="fl-2"/>
      </object_component>
      <object_component id="oc-54e">
         <name>.text</name>
         <load_address>0xe524</load_address>
         <run_address>0xe524</run_address>
         <size>0x26</size>
         <input_file_ref idref="fl-54"/>
      </object_component>
      <object_component id="oc-26f">
         <name>.text:shift_register_init</name>
         <load_address>0xe54a</load_address>
         <run_address>0xe54a</run_address>
         <size>0x26</size>
         <input_file_ref idref="fl-2"/>
      </object_component>
      <object_component id="oc-582">
         <name>.text:__mpyul</name>
         <load_address>0xe570</load_address>
         <run_address>0xe570</run_address>
         <size>0x22</size>
         <input_file_ref idref="fl-6d"/>
      </object_component>
      <object_component id="oc-567">
         <name>.text:__mpyull</name>
         <load_address>0xe592</load_address>
         <run_address>0xe592</run_address>
         <size>0x1e</size>
         <input_file_ref idref="fl-68"/>
      </object_component>
      <object_component id="oc-380">
         <name>.text:adac_init</name>
         <load_address>0xe5b0</load_address>
         <run_address>0xe5b0</run_address>
         <size>0x1e</size>
         <input_file_ref idref="fl-4"/>
      </object_component>
      <object_component id="oc-480">
         <name>.text:lcd_putText</name>
         <load_address>0xe5ce</load_address>
         <run_address>0xe5ce</run_address>
         <size>0x1e</size>
         <input_file_ref idref="fl-3"/>
      </object_component>
      <object_component id="oc-10b">
         <name>.text:_c_int00_noargs</name>
         <load_address>0xe5ec</load_address>
         <run_address>0xe5ec</run_address>
         <size>0x1c</size>
         <input_file_ref idref="fl-36"/>
      </object_component>
      <object_component id="oc-ed">
         <name>.text:USCIAB0RX_ISR</name>
         <load_address>0xe608</load_address>
         <run_address>0xe608</run_address>
         <size>0x1a</size>
         <input_file_ref idref="fl-6"/>
      </object_component>
      <object_component id="oc-e7">
         <name>.text:USCIAB0TX_ISR</name>
         <load_address>0xe622</load_address>
         <run_address>0xe622</run_address>
         <size>0x1a</size>
         <input_file_ref idref="fl-6"/>
      </object_component>
      <object_component id="oc-446">
         <name>.text:mma_write</name>
         <load_address>0xe63c</load_address>
         <run_address>0xe63c</run_address>
         <size>0x18</size>
         <input_file_ref idref="fl-7"/>
      </object_component>
      <object_component id="oc-35c">
         <name>.text:send_nibble</name>
         <load_address>0xe654</load_address>
         <run_address>0xe654</run_address>
         <size>0x18</size>
         <input_file_ref idref="fl-3"/>
      </object_component>
      <object_component id="oc-1c7">
         <name>.text:strcmp</name>
         <load_address>0xe66c</load_address>
         <run_address>0xe66c</run_address>
         <size>0x18</size>
         <input_file_ref idref="fl-4c"/>
      </object_component>
      <object_component id="oc-f3">
         <name>.text:Timer</name>
         <load_address>0xe684</load_address>
         <run_address>0xe684</run_address>
         <size>0x16</size>
         <input_file_ref idref="fl-2"/>
      </object_component>
      <object_component id="oc-1eb">
         <name>.text:delay_ms</name>
         <load_address>0xe69a</load_address>
         <run_address>0xe69a</run_address>
         <size>0x16</size>
         <input_file_ref idref="fl-3"/>
      </object_component>
      <object_component id="oc-372">
         <name>.text</name>
         <load_address>0xe6b0</load_address>
         <run_address>0xe6b0</run_address>
         <size>0x16</size>
         <input_file_ref idref="fl-28"/>
      </object_component>
      <object_component id="oc-36b">
         <name>.text:us_timer_init</name>
         <load_address>0xe6c6</load_address>
         <run_address>0xe6c6</run_address>
         <size>0x16</size>
         <input_file_ref idref="fl-2"/>
      </object_component>
      <object_component id="oc-f9">
         <name>.text:decompress:ZI:__TI_zero_init_nomemset:__TI_zero_init_nomemset</name>
         <load_address>0xe6dc</load_address>
         <run_address>0xe6dc</run_address>
         <size>0x14</size>
         <input_file_ref idref="fl-38"/>
      </object_component>
      <object_component id="oc-49a">
         <name>.text:i2c_RXISR</name>
         <load_address>0xe6f0</load_address>
         <run_address>0xe6f0</run_address>
         <size>0x14</size>
         <input_file_ref idref="fl-5"/>
      </object_component>
      <object_component id="oc-1aa">
         <name>.text:memset</name>
         <load_address>0xe704</load_address>
         <run_address>0xe704</run_address>
         <size>0x14</size>
         <input_file_ref idref="fl-4b"/>
      </object_component>
      <object_component id="oc-3f7">
         <name>.text</name>
         <load_address>0xe718</load_address>
         <run_address>0xe718</run_address>
         <size>0x14</size>
         <input_file_ref idref="fl-35"/>
      </object_component>
      <object_component id="oc-3a">
         <name>.text:decompress:none:__TI_decompress_none</name>
         <load_address>0xe72c</load_address>
         <run_address>0xe72c</run_address>
         <size>0x12</size>
         <input_file_ref idref="fl-3d"/>
      </object_component>
      <object_component id="oc-40e">
         <name>.text:enable</name>
         <load_address>0xe73e</load_address>
         <run_address>0xe73e</run_address>
         <size>0x12</size>
         <input_file_ref idref="fl-3"/>
      </object_component>
      <object_component id="oc-468">
         <name>.text:l_lsr</name>
         <load_address>0xe750</load_address>
         <run_address>0xe750</run_address>
         <size>0x12</size>
         <input_file_ref idref="fl-53"/>
      </object_component>
      <object_component id="oc-cf">
         <name>.text:memcpy</name>
         <load_address>0xe762</load_address>
         <run_address>0xe762</run_address>
         <size>0x12</size>
         <input_file_ref idref="fl-4a"/>
      </object_component>
      <object_component id="oc-24e">
         <name>.text:serialWrite</name>
         <load_address>0xe774</load_address>
         <run_address>0xe774</run_address>
         <size>0x12</size>
         <input_file_ref idref="fl-a"/>
      </object_component>
      <object_component id="oc-bf">
         <name>.text</name>
         <load_address>0xe786</load_address>
         <run_address>0xe786</run_address>
         <size>0x10</size>
         <input_file_ref idref="fl-29"/>
      </object_component>
      <object_component id="oc-262">
         <name>.text:strcpy</name>
         <load_address>0xe796</load_address>
         <run_address>0xe796</run_address>
         <size>0x10</size>
         <input_file_ref idref="fl-4d"/>
      </object_component>
      <object_component id="oc-386">
         <name>.text:adac_read</name>
         <load_address>0xe7a6</load_address>
         <run_address>0xe7a6</run_address>
         <size>0xe</size>
         <input_file_ref idref="fl-4"/>
      </object_component>
      <object_component id="oc-3ab">
         <name>.text:clockReset</name>
         <load_address>0xe7b4</load_address>
         <run_address>0xe7b4</run_address>
         <size>0xe</size>
         <input_file_ref idref="fl-8"/>
      </object_component>
      <object_component id="oc-29f">
         <name>.text:get_joystick</name>
         <load_address>0xe7c2</load_address>
         <run_address>0xe7c2</run_address>
         <size>0xe</size>
         <input_file_ref idref="fl-2"/>
      </object_component>
      <object_component id="oc-256">
         <name>.text:serialAvailable</name>
         <load_address>0xe7d0</load_address>
         <run_address>0xe7d0</run_address>
         <size>0xe</size>
         <input_file_ref idref="fl-a"/>
      </object_component>
      <object_component id="oc-293">
         <name>.text:__mspabi_fltid</name>
         <load_address>0xe7de</load_address>
         <run_address>0xe7de</run_address>
         <size>0xc</size>
         <input_file_ref idref="fl-43"/>
      </object_component>
      <object_component id="oc-362">
         <name>.text:delay_us</name>
         <load_address>0xe7ea</load_address>
         <run_address>0xe7ea</run_address>
         <size>0xc</size>
         <input_file_ref idref="fl-3"/>
      </object_component>
      <object_component id="oc-4a6">
         <name>.text:interrupts_mode_i2c</name>
         <load_address>0xe7f6</load_address>
         <run_address>0xe7f6</run_address>
         <size>0xa</size>
         <input_file_ref idref="fl-6"/>
      </object_component>
      <object_component id="oc-247">
         <name>.text:interrupts_mode_uart</name>
         <load_address>0xe800</load_address>
         <run_address>0xe800</run_address>
         <size>0xa</size>
         <input_file_ref idref="fl-6"/>
      </object_component>
      <object_component id="oc-4e0">
         <name>.text:mma_get14X</name>
         <load_address>0xe80a</load_address>
         <run_address>0xe80a</run_address>
         <size>0xa</size>
         <input_file_ref idref="fl-7"/>
      </object_component>
      <object_component id="oc-4e6">
         <name>.text:mma_get14Y</name>
         <load_address>0xe814</load_address>
         <run_address>0xe814</run_address>
         <size>0xa</size>
         <input_file_ref idref="fl-7"/>
      </object_component>
      <object_component id="oc-4ec">
         <name>.text:mma_get14Z</name>
         <load_address>0xe81e</load_address>
         <run_address>0xe81e</run_address>
         <size>0xa</size>
         <input_file_ref idref="fl-7"/>
      </object_component>
      <object_component id="oc-4c8">
         <name>.text:mma_get8X</name>
         <load_address>0xe828</load_address>
         <run_address>0xe828</run_address>
         <size>0xa</size>
         <input_file_ref idref="fl-7"/>
      </object_component>
      <object_component id="oc-4ce">
         <name>.text:mma_get8Y</name>
         <load_address>0xe832</load_address>
         <run_address>0xe832</run_address>
         <size>0xa</size>
         <input_file_ref idref="fl-7"/>
      </object_component>
      <object_component id="oc-4d4">
         <name>.text:mma_get8Z</name>
         <load_address>0xe83c</load_address>
         <run_address>0xe83c</run_address>
         <size>0xa</size>
         <input_file_ref idref="fl-7"/>
      </object_component>
      <object_component id="oc-393">
         <name>.text:mma_getRealX</name>
         <load_address>0xe846</load_address>
         <run_address>0xe846</run_address>
         <size>0xa</size>
         <input_file_ref idref="fl-7"/>
      </object_component>
      <object_component id="oc-399">
         <name>.text:mma_getRealY</name>
         <load_address>0xe850</load_address>
         <run_address>0xe850</run_address>
         <size>0xa</size>
         <input_file_ref idref="fl-7"/>
      </object_component>
      <object_component id="oc-39f">
         <name>.text:mma_getRealZ</name>
         <load_address>0xe85a</load_address>
         <run_address>0xe85a</run_address>
         <size>0xa</size>
         <input_file_ref idref="fl-7"/>
      </object_component>
      <object_component id="oc-3cf">
         <name>.text:shiftModeRight</name>
         <load_address>0xe864</load_address>
         <run_address>0xe864</run_address>
         <size>0xa</size>
         <input_file_ref idref="fl-2"/>
      </object_component>
      <object_component id="oc-dc">
         <name>.text:_isr:__TI_ISR_TRAP</name>
         <load_address>0xe86e</load_address>
         <run_address>0xe86e</run_address>
         <size>0x8</size>
         <input_file_ref idref="fl-33"/>
      </object_component>
      <object_component id="oc-282">
         <name>.text:refresh_timer_stop</name>
         <load_address>0xe876</load_address>
         <run_address>0xe876</run_address>
         <size>0x8</size>
         <input_file_ref idref="fl-2"/>
      </object_component>
      <object_component id="oc-1f2">
         <name>.text:abort</name>
         <load_address>0xe87e</load_address>
         <run_address>0xe87e</run_address>
         <size>0x6</size>
         <input_file_ref idref="fl-47"/>
      </object_component>
      <object_component id="oc-299">
         <name>.text:uart_disable</name>
         <load_address>0xe884</load_address>
         <run_address>0xe884</run_address>
         <size>0x6</size>
         <input_file_ref idref="fl-a"/>
      </object_component>
      <object_component id="oc-165">
         <name>.text:_system_pre_init</name>
         <load_address>0xe88a</load_address>
         <run_address>0xe88a</run_address>
         <size>0x4</size>
         <input_file_ref idref="fl-3b"/>
      </object_component>
      <object_component id="oc-324">
         <name>.text:_system_post_cinit</name>
         <load_address>0xe88e</load_address>
         <run_address>0xe88e</run_address>
         <size>0x2</size>
         <input_file_ref idref="fl-3c"/>
      </object_component>
      <object_component id="oc-241">
         <name>.text:uart_TXISR</name>
         <load_address>0xe890</load_address>
         <run_address>0xe890</run_address>
         <size>0x2</size>
         <input_file_ref idref="fl-a"/>
      </object_component>
      <object_component id="oc-5cd">
         <name>.cinit..data.load</name>
         <load_address>0xed8e</load_address>
         <run_address>0xed8e</run_address>
         <size>0xe</size>
      </object_component>
      <object_component id="oc-5ca">
         <name>__TI_handler_table</name>
         <load_address>0xed9c</load_address>
         <run_address>0xed9c</run_address>
         <size>0x6</size>
      </object_component>
      <object_component id="oc-5cc">
         <name>.cinit..bss.load</name>
         <load_address>0xeda2</load_address>
         <run_address>0xeda2</run_address>
         <size>0x4</size>
      </object_component>
      <object_component id="oc-5cb">
         <name>__TI_cinit_table</name>
         <load_address>0xeda6</load_address>
         <run_address>0xeda6</run_address>
         <size>0x8</size>
      </object_component>
      <object_component id="oc-1ba">
         <name>.const:.string</name>
         <load_address>0xe892</load_address>
         <run_address>0xe892</run_address>
         <size>0x4f2</size>
         <input_file_ref idref="fl-2"/>
      </object_component>
      <object_component id="oc-42a">
         <name>.const:.string:$P$T0$1</name>
         <load_address>0xed84</load_address>
         <run_address>0xed84</run_address>
         <size>0x1</size>
         <input_file_ref idref="fl-4"/>
      </object_component>
      <object_component id="oc-540">
         <name>.const:.string:$P$T0$1</name>
         <load_address>0xed86</load_address>
         <run_address>0xed86</run_address>
         <size>0x1</size>
         <input_file_ref idref="fl-7"/>
      </object_component>
      <object_component id="oc-54a">
         <name>.const:.string:$P$T1$2</name>
         <load_address>0xed88</load_address>
         <run_address>0xed88</run_address>
         <size>0x1</size>
         <input_file_ref idref="fl-7"/>
      </object_component>
      <object_component id="oc-4c5">
         <name>.const:.string:$P$T2$3</name>
         <load_address>0xed8a</load_address>
         <run_address>0xed8a</run_address>
         <size>0x1</size>
         <input_file_ref idref="fl-7"/>
      </object_component>
      <object_component id="oc-44c">
         <name>.const:.string:$P$T3$4</name>
         <load_address>0xed8c</load_address>
         <run_address>0xed8c</run_address>
         <size>0x1</size>
         <input_file_ref idref="fl-7"/>
      </object_component>
      <object_component id="oc-58c">
         <name>.binit</name>
         <load_address>0xc000</load_address>
         <run_address>0xc000</run_address>
         <size>0x0</size>
      </object_component>
      <object_component id="oc-40">
         <name>.int00</name>
         <load_address>0xffe0</load_address>
         <run_address>0xffe0</run_address>
         <size>0x2</size>
         <input_file_ref idref="fl-2a"/>
      </object_component>
      <object_component id="oc-41">
         <name>.int02</name>
         <load_address>0xffe4</load_address>
         <run_address>0xffe4</run_address>
         <size>0x2</size>
         <input_file_ref idref="fl-2"/>
      </object_component>
      <object_component id="oc-42">
         <name>.int03</name>
         <load_address>0xffe6</load_address>
         <run_address>0xffe6</run_address>
         <size>0x2</size>
         <input_file_ref idref="fl-2b"/>
      </object_component>
      <object_component id="oc-43">
         <name>.int05</name>
         <load_address>0xffea</load_address>
         <run_address>0xffea</run_address>
         <size>0x2</size>
         <input_file_ref idref="fl-2c"/>
      </object_component>
      <object_component id="oc-44">
         <name>.int06</name>
         <load_address>0xffec</load_address>
         <run_address>0xffec</run_address>
         <size>0x2</size>
         <input_file_ref idref="fl-6"/>
      </object_component>
      <object_component id="oc-45">
         <name>.int07</name>
         <load_address>0xffee</load_address>
         <run_address>0xffee</run_address>
         <size>0x2</size>
         <input_file_ref idref="fl-6"/>
      </object_component>
      <object_component id="oc-46">
         <name>.int08</name>
         <load_address>0xfff0</load_address>
         <run_address>0xfff0</run_address>
         <size>0x2</size>
         <input_file_ref idref="fl-2d"/>
      </object_component>
      <object_component id="oc-47">
         <name>.int09</name>
         <load_address>0xfff2</load_address>
         <run_address>0xfff2</run_address>
         <size>0x2</size>
         <input_file_ref idref="fl-2e"/>
      </object_component>
      <object_component id="oc-48">
         <name>.int10</name>
         <load_address>0xfff4</load_address>
         <run_address>0xfff4</run_address>
         <size>0x2</size>
         <input_file_ref idref="fl-2f"/>
      </object_component>
      <object_component id="oc-49">
         <name>.int11</name>
         <load_address>0xfff6</load_address>
         <run_address>0xfff6</run_address>
         <size>0x2</size>
         <input_file_ref idref="fl-30"/>
      </object_component>
      <object_component id="oc-4a">
         <name>.int12</name>
         <load_address>0xfff8</load_address>
         <run_address>0xfff8</run_address>
         <size>0x2</size>
         <input_file_ref idref="fl-31"/>
      </object_component>
      <object_component id="oc-4b">
         <name>.int13</name>
         <load_address>0xfffa</load_address>
         <run_address>0xfffa</run_address>
         <size>0x2</size>
         <input_file_ref idref="fl-2"/>
      </object_component>
      <object_component id="oc-4c">
         <name>.int14</name>
         <load_address>0xfffc</load_address>
         <run_address>0xfffc</run_address>
         <size>0x2</size>
         <input_file_ref idref="fl-32"/>
      </object_component>
      <object_component id="oc-b4">
         <name>.reset</name>
         <load_address>0xfffe</load_address>
         <run_address>0xfffe</run_address>
         <size>0x2</size>
         <input_file_ref idref="fl-36"/>
      </object_component>
      <object_component id="oc-150">
         <name>.debug_info</name>
         <load_address>0x0</load_address>
         <run_address>0x0</run_address>
         <size>0x984</size>
         <input_file_ref idref="fl-2"/>
      </object_component>
      <object_component id="oc-2ed">
         <name>.debug_info</name>
         <load_address>0x984</load_address>
         <run_address>0x984</run_address>
         <size>0xdc</size>
         <input_file_ref idref="fl-2"/>
      </object_component>
      <object_component id="oc-2f0">
         <name>.debug_info</name>
         <load_address>0xa60</load_address>
         <run_address>0xa60</run_address>
         <size>0xdc</size>
         <input_file_ref idref="fl-2"/>
      </object_component>
      <object_component id="oc-26d">
         <name>.debug_info</name>
         <load_address>0xb3c</load_address>
         <run_address>0xb3c</run_address>
         <size>0xda</size>
         <input_file_ref idref="fl-2"/>
      </object_component>
      <object_component id="oc-15a">
         <name>.debug_info</name>
         <load_address>0xc16</load_address>
         <run_address>0xc16</run_address>
         <size>0x22e</size>
         <input_file_ref idref="fl-2"/>
      </object_component>
      <object_component id="oc-3c9">
         <name>.debug_info</name>
         <load_address>0xe44</load_address>
         <run_address>0xe44</run_address>
         <size>0x1ab</size>
         <input_file_ref idref="fl-2"/>
      </object_component>
      <object_component id="oc-36c">
         <name>.debug_info</name>
         <load_address>0xfef</load_address>
         <run_address>0xfef</run_address>
         <size>0x10f</size>
         <input_file_ref idref="fl-2"/>
      </object_component>
      <object_component id="oc-271">
         <name>.debug_info</name>
         <load_address>0x10fe</load_address>
         <run_address>0x10fe</run_address>
         <size>0x118</size>
         <input_file_ref idref="fl-2"/>
      </object_component>
      <object_component id="oc-3d0">
         <name>.debug_info</name>
         <load_address>0x1216</load_address>
         <run_address>0x1216</run_address>
         <size>0x10e</size>
         <input_file_ref idref="fl-2"/>
      </object_component>
      <object_component id="oc-1d4">
         <name>.debug_info</name>
         <load_address>0x1324</load_address>
         <run_address>0x1324</run_address>
         <size>0x166</size>
         <input_file_ref idref="fl-2"/>
      </object_component>
      <object_component id="oc-2ff">
         <name>.debug_info</name>
         <load_address>0x148a</load_address>
         <run_address>0x148a</run_address>
         <size>0x126</size>
         <input_file_ref idref="fl-2"/>
      </object_component>
      <object_component id="oc-283">
         <name>.debug_info</name>
         <load_address>0x15b0</load_address>
         <run_address>0x15b0</run_address>
         <size>0x119</size>
         <input_file_ref idref="fl-2"/>
      </object_component>
      <object_component id="oc-2d4">
         <name>.debug_info</name>
         <load_address>0x16c9</load_address>
         <run_address>0x16c9</run_address>
         <size>0x11b</size>
         <input_file_ref idref="fl-2"/>
      </object_component>
      <object_component id="oc-2f3">
         <name>.debug_info</name>
         <load_address>0x17e4</load_address>
         <run_address>0x17e4</run_address>
         <size>0x141</size>
         <input_file_ref idref="fl-2"/>
      </object_component>
      <object_component id="oc-305">
         <name>.debug_info</name>
         <load_address>0x1925</load_address>
         <run_address>0x1925</run_address>
         <size>0x1dc</size>
         <input_file_ref idref="fl-2"/>
      </object_component>
      <object_component id="oc-30c">
         <name>.debug_info</name>
         <load_address>0x1b01</load_address>
         <run_address>0x1b01</run_address>
         <size>0x24e</size>
         <input_file_ref idref="fl-2"/>
      </object_component>
      <object_component id="oc-1e6">
         <name>.debug_info</name>
         <load_address>0x1d4f</load_address>
         <run_address>0x1d4f</run_address>
         <size>0x1a9</size>
         <input_file_ref idref="fl-2"/>
      </object_component>
      <object_component id="oc-1c2">
         <name>.debug_info</name>
         <load_address>0x1ef8</load_address>
         <run_address>0x1ef8</run_address>
         <size>0x1a4</size>
         <input_file_ref idref="fl-2"/>
      </object_component>
      <object_component id="oc-1ce">
         <name>.debug_info</name>
         <load_address>0x209c</load_address>
         <run_address>0x209c</run_address>
         <size>0x239</size>
         <input_file_ref idref="fl-2"/>
      </object_component>
      <object_component id="oc-28a">
         <name>.debug_info</name>
         <load_address>0x22d5</load_address>
         <run_address>0x22d5</run_address>
         <size>0x13e</size>
         <input_file_ref idref="fl-2"/>
      </object_component>
      <object_component id="oc-2a0">
         <name>.debug_info</name>
         <load_address>0x2413</load_address>
         <run_address>0x2413</run_address>
         <size>0x12d</size>
         <input_file_ref idref="fl-2"/>
      </object_component>
      <object_component id="oc-2a6">
         <name>.debug_info</name>
         <load_address>0x2540</load_address>
         <run_address>0x2540</run_address>
         <size>0x15d</size>
         <input_file_ref idref="fl-2"/>
      </object_component>
      <object_component id="oc-1da">
         <name>.debug_info</name>
         <load_address>0x269d</load_address>
         <run_address>0x269d</run_address>
         <size>0x23d</size>
         <input_file_ref idref="fl-2"/>
      </object_component>
      <object_component id="oc-1e0">
         <name>.debug_info</name>
         <load_address>0x28da</load_address>
         <run_address>0x28da</run_address>
         <size>0x4a9</size>
         <input_file_ref idref="fl-2"/>
      </object_component>
      <object_component id="oc-16c">
         <name>.debug_info</name>
         <load_address>0x2d83</load_address>
         <run_address>0x2d83</run_address>
         <size>0x2c5</size>
         <input_file_ref idref="fl-2"/>
      </object_component>
      <object_component id="oc-f4">
         <name>.debug_info</name>
         <load_address>0x3048</load_address>
         <run_address>0x3048</run_address>
         <size>0x100</size>
         <input_file_ref idref="fl-2"/>
      </object_component>
      <object_component id="oc-e2">
         <name>.debug_info</name>
         <load_address>0x3148</load_address>
         <run_address>0x3148</run_address>
         <size>0x102</size>
         <input_file_ref idref="fl-2"/>
      </object_component>
      <object_component id="oc-192">
         <name>.debug_info</name>
         <load_address>0x324a</load_address>
         <run_address>0x324a</run_address>
         <size>0x26b</size>
         <input_file_ref idref="fl-2"/>
      </object_component>
      <object_component id="oc-ca">
         <name>.debug_info</name>
         <load_address>0x34b5</load_address>
         <run_address>0x34b5</run_address>
         <size>0x84</size>
         <input_file_ref idref="fl-2"/>
      </object_component>
      <object_component id="oc-231">
         <name>.debug_info</name>
         <load_address>0x3539</load_address>
         <run_address>0x3539</run_address>
         <size>0x282</size>
         <input_file_ref idref="fl-2"/>
      </object_component>
      <object_component id="oc-142">
         <name>.debug_info</name>
         <load_address>0x37bb</load_address>
         <run_address>0x37bb</run_address>
         <size>0x2c</size>
         <input_file_ref idref="fl-2"/>
      </object_component>
      <object_component id="oc-197">
         <name>.debug_info</name>
         <load_address>0x37e7</load_address>
         <run_address>0x37e7</run_address>
         <size>0x35</size>
         <input_file_ref idref="fl-2"/>
      </object_component>
      <object_component id="oc-510">
         <name>.debug_info</name>
         <load_address>0x381c</load_address>
         <run_address>0x381c</run_address>
         <size>0x239</size>
         <input_file_ref idref="fl-3"/>
      </object_component>
      <object_component id="oc-1ec">
         <name>.debug_info</name>
         <load_address>0x3a55</load_address>
         <run_address>0x3a55</run_address>
         <size>0x128</size>
         <input_file_ref idref="fl-3"/>
      </object_component>
      <object_component id="oc-40f">
         <name>.debug_info</name>
         <load_address>0x3b7d</load_address>
         <run_address>0x3b7d</run_address>
         <size>0x119</size>
         <input_file_ref idref="fl-3"/>
      </object_component>
      <object_component id="oc-35f">
         <name>.debug_info</name>
         <load_address>0x3c96</load_address>
         <run_address>0x3c96</run_address>
         <size>0x14e</size>
         <input_file_ref idref="fl-3"/>
      </object_component>
      <object_component id="oc-364">
         <name>.debug_info</name>
         <load_address>0x3de4</load_address>
         <run_address>0x3de4</run_address>
         <size>0x128</size>
         <input_file_ref idref="fl-3"/>
      </object_component>
      <object_component id="oc-50b">
         <name>.debug_info</name>
         <load_address>0x3f0c</load_address>
         <run_address>0x3f0c</run_address>
         <size>0x1d3</size>
         <input_file_ref idref="fl-3"/>
      </object_component>
      <object_component id="oc-503">
         <name>.debug_info</name>
         <load_address>0x40df</load_address>
         <run_address>0x40df</run_address>
         <size>0x1d5</size>
         <input_file_ref idref="fl-3"/>
      </object_component>
      <object_component id="oc-481">
         <name>.debug_info</name>
         <load_address>0x42b4</load_address>
         <run_address>0x42b4</run_address>
         <size>0x154</size>
         <input_file_ref idref="fl-3"/>
      </object_component>
      <object_component id="oc-276">
         <name>.debug_info</name>
         <load_address>0x4408</load_address>
         <run_address>0x4408</run_address>
         <size>0x2dc</size>
         <input_file_ref idref="fl-3"/>
      </object_component>
      <object_component id="oc-470">
         <name>.debug_info</name>
         <load_address>0x46e4</load_address>
         <run_address>0x46e4</run_address>
         <size>0x1b0</size>
         <input_file_ref idref="fl-3"/>
      </object_component>
      <object_component id="oc-47b">
         <name>.debug_info</name>
         <load_address>0x4894</load_address>
         <run_address>0x4894</run_address>
         <size>0x1b9</size>
         <input_file_ref idref="fl-3"/>
      </object_component>
      <object_component id="oc-476">
         <name>.debug_info</name>
         <load_address>0x4a4d</load_address>
         <run_address>0x4a4d</run_address>
         <size>0x16a</size>
         <input_file_ref idref="fl-3"/>
      </object_component>
      <object_component id="oc-27d">
         <name>.debug_info</name>
         <load_address>0x4bb7</load_address>
         <run_address>0x4bb7</run_address>
         <size>0x164</size>
         <input_file_ref idref="fl-3"/>
      </object_component>
      <object_component id="oc-434">
         <name>.debug_info</name>
         <load_address>0x4d1b</load_address>
         <run_address>0x4d1b</run_address>
         <size>0x289</size>
         <input_file_ref idref="fl-4"/>
      </object_component>
      <object_component id="oc-42b">
         <name>.debug_info</name>
         <load_address>0x4fa4</load_address>
         <run_address>0x4fa4</run_address>
         <size>0xda</size>
         <input_file_ref idref="fl-4"/>
      </object_component>
      <object_component id="oc-387">
         <name>.debug_info</name>
         <load_address>0x507e</load_address>
         <run_address>0x507e</run_address>
         <size>0x150</size>
         <input_file_ref idref="fl-4"/>
      </object_component>
      <object_component id="oc-384">
         <name>.debug_info</name>
         <load_address>0x51ce</load_address>
         <run_address>0x51ce</run_address>
         <size>0x153</size>
         <input_file_ref idref="fl-4"/>
      </object_component>
      <object_component id="oc-1b2">
         <name>.debug_info</name>
         <load_address>0x5321</load_address>
         <run_address>0x5321</run_address>
         <size>0x3fb</size>
         <input_file_ref idref="fl-5"/>
      </object_component>
      <object_component id="oc-4b0">
         <name>.debug_info</name>
         <load_address>0x571c</load_address>
         <run_address>0x571c</run_address>
         <size>0x105</size>
         <input_file_ref idref="fl-5"/>
      </object_component>
      <object_component id="oc-42f">
         <name>.debug_info</name>
         <load_address>0x5821</load_address>
         <run_address>0x5821</run_address>
         <size>0x199</size>
         <input_file_ref idref="fl-5"/>
      </object_component>
      <object_component id="oc-439">
         <name>.debug_info</name>
         <load_address>0x59ba</load_address>
         <run_address>0x59ba</run_address>
         <size>0x162</size>
         <input_file_ref idref="fl-5"/>
      </object_component>
      <object_component id="oc-2ad">
         <name>.debug_info</name>
         <load_address>0x5b1c</load_address>
         <run_address>0x5b1c</run_address>
         <size>0x119</size>
         <input_file_ref idref="fl-5"/>
      </object_component>
      <object_component id="oc-426">
         <name>.debug_info</name>
         <load_address>0x5c35</load_address>
         <run_address>0x5c35</run_address>
         <size>0x159</size>
         <input_file_ref idref="fl-5"/>
      </object_component>
      <object_component id="oc-4a3">
         <name>.debug_info</name>
         <load_address>0x5d8e</load_address>
         <run_address>0x5d8e</run_address>
         <size>0x125</size>
         <input_file_ref idref="fl-5"/>
      </object_component>
      <object_component id="oc-49b">
         <name>.debug_info</name>
         <load_address>0x5eb3</load_address>
         <run_address>0x5eb3</run_address>
         <size>0x110</size>
         <input_file_ref idref="fl-5"/>
      </object_component>
      <object_component id="oc-154">
         <name>.debug_info</name>
         <load_address>0x5fc3</load_address>
         <run_address>0x5fc3</run_address>
         <size>0x172</size>
         <input_file_ref idref="fl-6"/>
      </object_component>
      <object_component id="oc-248">
         <name>.debug_info</name>
         <load_address>0x6135</load_address>
         <run_address>0x6135</run_address>
         <size>0x19b</size>
         <input_file_ref idref="fl-6"/>
      </object_component>
      <object_component id="oc-4a7">
         <name>.debug_info</name>
[...]
      </symbol>
      <symbol id="sm-525">
         <name>__TI_int08</name>
         <value>0xfff0</value>
         <object_component_ref idref="oc-46"/>
      </symbol>
      <symbol id="sm-528">
         <name>__TI_int09</name>
         <value>0xfff2</value>
         <object_component_ref idref="oc-47"/>
      </symbol>
      <symbol id="sm-52b">
         <name>__TI_int10</name>
         <value>0xfff4</value>
         <object_component_ref idref="oc-48"/>
      </symbol>
      <symbol id="sm-52e">
         <name>__TI_int11</name>
         <value>0xfff6</value>
         <object_component_ref idref="oc-49"/>
      </symbol>
      <symbol id="sm-531">
         <name>__TI_int12</name>
         <value>0xfff8</value>
         <object_component_ref idref="oc-4a"/>
      </symbol>
      <symbol id="sm-534">
         <name>__TI_int14</name>
         <value>0xfffc</value>
         <object_component_ref idref="oc-4c"/>
      </symbol>
      <symbol id="sm-53c">
         <name>__TI_ISR_TRAP</name>
         <value>0xe86e</value>
         <object_component_ref idref="oc-dc"/>
      </symbol>
      <symbol id="sm-544">
         <name>__mspabi_slli</name>
         <value>0xe36a</value>
         <object_component_ref idref="oc-b5"/>
      </symbol>
      <symbol id="sm-545">
         <name>__mspabi_slli_9</name>
         <value>0xe382</value>
         <object_component_ref idref="oc-b5"/>
      </symbol>
      <symbol id="sm-546">
         <name>__mspabi_slli_8</name>
         <value>0xe384</value>
         <object_component_ref idref="oc-b5"/>
      </symbol>
      <symbol id="sm-547">
         <name>__mspabi_slli_7</name>
         <value>0xe386</value>
         <object_component_ref idref="oc-b5"/>
      </symbol>
      <symbol id="sm-548">
         <name>__mspabi_slli_6</name>
         <value>0xe388</value>
         <object_component_ref idref="oc-b5"/>
      </symbol>
      <symbol id="sm-549">
         <name>__mspabi_slli_5</name>
         <value>0xe38a</value>
         <object_component_ref idref="oc-b5"/>
      </symbol>
      <symbol id="sm-54a">
         <name>__mspabi_slli_4</name>
         <value>0xe38c</value>
         <object_component_ref idref="oc-b5"/>
      </symbol>
      <symbol id="sm-54b">
         <name>__mspabi_slli_3</name>
         <value>0xe38e</value>
         <object_component_ref idref="oc-b5"/>
      </symbol>
      <symbol id="sm-54c">
         <name>__mspabi_slli_2</name>
         <value>0xe390</value>
         <object_component_ref idref="oc-b5"/>
      </symbol>
      <symbol id="sm-54d">
         <name>__mspabi_slli_1</name>
         <value>0xe392</value>
         <object_component_ref idref="oc-b5"/>
      </symbol>
      <symbol id="sm-54e">
         <name>__mspabi_slli_15</name>
         <value>0xe376</value>
         <object_component_ref idref="oc-b5"/>
      </symbol>
      <symbol id="sm-54f">
         <name>__mspabi_slli_14</name>
         <value>0xe378</value>
         <object_component_ref idref="oc-b5"/>
      </symbol>
      <symbol id="sm-550">
         <name>__mspabi_slli_13</name>
         <value>0xe37a</value>
         <object_component_ref idref="oc-b5"/>
      </symbol>
      <symbol id="sm-551">
         <name>__mspabi_slli_12</name>
         <value>0xe37c</value>
         <object_component_ref idref="oc-b5"/>
      </symbol>
      <symbol id="sm-552">
         <name>__mspabi_slli_11</name>
         <value>0xe37e</value>
         <object_component_ref idref="oc-b5"/>
      </symbol>
      <symbol id="sm-553">
         <name>__mspabi_slli_10</name>
         <value>0xe380</value>
         <object_component_ref idref="oc-b5"/>
      </symbol>
      <symbol id="sm-55d">
         <name>__mspabi_mpyi_sw</name>
         <value>0xe718</value>
         <object_component_ref idref="oc-3f7"/>
      </symbol>
      <symbol id="sm-55e">
         <name>__mspabi_mpyi</name>
         <value>0xe718</value>
         <object_component_ref idref="oc-3f7"/>
      </symbol>
      <symbol id="sm-56e">
         <name>_stack</name>
         <value>0x3b0</value>
         <object_component_ref idref="oc-b1"/>
      </symbol>
      <symbol id="sm-56f">
         <name>_c_int00_noargs</name>
         <value>0xe5ec</value>
         <object_component_ref idref="oc-10b"/>
      </symbol>
      <symbol id="sm-570">
         <name>_reset_vector</name>
         <value>0xfffe</value>
         <object_component_ref idref="oc-b4"/>
      </symbol>
      <symbol id="sm-592">
         <name>__TI_auto_init_nobinit_nopinit</name>
         <value>0xdf88</value>
         <object_component_ref idref="oc-1fe"/>
      </symbol>
      <symbol id="sm-5a5">
         <name>__TI_zero_init_nomemset</name>
         <value>0xe6dc</value>
         <object_component_ref idref="oc-f9"/>
      </symbol>
      <symbol id="sm-5b0">
         <name>_system_pre_init</name>
         <value>0xe88a</value>
         <object_component_ref idref="oc-165"/>
      </symbol>
      <symbol id="sm-5b9">
         <name>_system_post_cinit</name>
         <value>0xe88e</value>
         <object_component_ref idref="oc-324"/>
      </symbol>
      <symbol id="sm-5cf">
         <name>__TI_decompress_none</name>
         <value>0xe72c</value>
         <object_component_ref idref="oc-3a"/>
      </symbol>
      <symbol id="sm-5f2">
         <name>__TI_decompress_lzss</name>
         <value>0xd804</value>
         <object_component_ref idref="oc-34"/>
      </symbol>
      <symbol id="sm-611">
         <name>__mspabi_cmpd</name>
         <value>0xd2d6</value>
         <object_component_ref idref="oc-2da"/>
      </symbol>
      <symbol id="sm-632">
         <name>__mspabi_divd</name>
         <value>0xc738</value>
         <object_component_ref idref="oc-4f2"/>
      </symbol>
      <symbol id="sm-63f">
         <name>__mspabi_fixdi</name>
         <value>0xe412</value>
         <object_component_ref idref="oc-2e0"/>
      </symbol>
      <symbol id="sm-64e">
         <name>__mspabi_fixdli</name>
         <value>0xd976</value>
         <object_component_ref idref="oc-3b9"/>
      </symbol>
      <symbol id="sm-657">
         <name>__mspabi_fltid</name>
         <value>0xe7de</value>
         <object_component_ref idref="oc-293"/>
      </symbol>
      <symbol id="sm-66e">
         <name>__mspabi_fltlid</name>
         <value>0xd472</value>
         <object_component_ref idref="oc-378"/>
      </symbol>
      <symbol id="sm-689">
         <name>__TI_frcdivd</name>
         <value>0xc000</value>
         <object_component_ref idref="oc-52c"/>
      </symbol>
      <symbol id="sm-6af">
         <name>__mspabi_mpyd</name>
         <value>0xc478</value>
         <object_component_ref idref="oc-4f8"/>
      </symbol>
      <symbol id="sm-6b9">
         <name>C$$EXIT</name>
         <value>0xe87e</value>
         <object_component_ref idref="oc-1f2"/>
      </symbol>
      <symbol id="sm-6ba">
         <name>abort</name>
         <value>0xe87e</value>
         <object_component_ref idref="oc-1f2"/>
      </symbol>
      <symbol id="sm-6ca">
         <name>memcpy</name>
         <value>0xe762</value>
         <object_component_ref idref="oc-cf"/>
      </symbol>
      <symbol id="sm-6d8">
         <name>memset</name>
         <value>0xe704</value>
         <object_component_ref idref="oc-1aa"/>
      </symbol>
      <symbol id="sm-6e6">
         <name>strcmp</name>
         <value>0xe66c</value>
         <object_component_ref idref="oc-1c7"/>
      </symbol>
      <symbol id="sm-6f3">
         <name>strcpy</name>
         <value>0xe796</value>
         <object_component_ref idref="oc-262"/>
      </symbol>
      <symbol id="sm-6fc">
         <name>__mspabi_sral_15</name>
         <value>0xe114</value>
         <object_component_ref idref="oc-553"/>
      </symbol>
      <symbol id="sm-6fd">
         <name>__mspabi_sral_14</name>
         <value>0xe118</value>
         <object_component_ref idref="oc-553"/>
      </symbol>
      <symbol id="sm-6fe">
         <name>__mspabi_sral_13</name>
         <value>0xe11c</value>
         <object_component_ref idref="oc-553"/>
      </symbol>
      <symbol id="sm-6ff">
         <name>__mspabi_sral_12</name>
         <value>0xe120</value>
         <object_component_ref idref="oc-553"/>
      </symbol>
      <symbol id="sm-700">
         <name>__mspabi_sral_11</name>
         <value>0xe124</value>
         <object_component_ref idref="oc-553"/>
      </symbol>
      <symbol id="sm-701">
         <name>__mspabi_sral_10</name>
         <value>0xe128</value>
         <object_component_ref idref="oc-553"/>
      </symbol>
      <symbol id="sm-702">
         <name>__mspabi_sral_8</name>
         <value>0xe130</value>
         <object_component_ref idref="oc-553"/>
      </symbol>
      <symbol id="sm-703">
         <name>__mspabi_sral_9</name>
         <value>0xe12c</value>
         <object_component_ref idref="oc-553"/>
      </symbol>
      <symbol id="sm-704">
         <name>__mspabi_sral_6</name>
         <value>0xe138</value>
         <object_component_ref idref="oc-553"/>
      </symbol>
      <symbol id="sm-705">
         <name>__mspabi_sral_7</name>
         <value>0xe134</value>
         <object_component_ref idref="oc-553"/>
      </symbol>
      <symbol id="sm-706">
         <name>__mspabi_sral_4</name>
         <value>0xe140</value>
         <object_component_ref idref="oc-553"/>
      </symbol>
      <symbol id="sm-707">
         <name>__mspabi_sral_5</name>
         <value>0xe13c</value>
         <object_component_ref idref="oc-553"/>
      </symbol>
      <symbol id="sm-708">
         <name>__mspabi_sral_2</name>
         <value>0xe148</value>
         <object_component_ref idref="oc-553"/>
      </symbol>
      <symbol id="sm-709">
         <name>__mspabi_sral_3</name>
         <value>0xe144</value>
         <object_component_ref idref="oc-553"/>
      </symbol>
      <symbol id="sm-70a">
         <name>__mspabi_sral_1</name>
         <value>0xe14c</value>
         <object_component_ref idref="oc-553"/>
      </symbol>
      <symbol id="sm-713">
         <name>__mspabi_slll_9</name>
         <value>0xe16a</value>
         <object_component_ref idref="oc-418"/>
      </symbol>
      <symbol id="sm-714">
         <name>__mspabi_slll_8</name>
         <value>0xe16e</value>
         <object_component_ref idref="oc-418"/>
      </symbol>
      <symbol id="sm-715">
         <name>__mspabi_slll_7</name>
         <value>0xe172</value>
         <object_component_ref idref="oc-418"/>
      </symbol>
      <symbol id="sm-716">
         <name>__mspabi_slll_6</name>
         <value>0xe176</value>
         <object_component_ref idref="oc-418"/>
      </symbol>
      <symbol id="sm-717">
         <name>__mspabi_slll_5</name>
         <value>0xe17a</value>
         <object_component_ref idref="oc-418"/>
      </symbol>
      <symbol id="sm-718">
         <name>__mspabi_slll_4</name>
         <value>0xe17e</value>
         <object_component_ref idref="oc-418"/>
      </symbol>
      <symbol id="sm-719">
         <name>__mspabi_slll_3</name>
         <value>0xe182</value>
         <object_component_ref idref="oc-418"/>
      </symbol>
      <symbol id="sm-71a">
         <name>__mspabi_slll_2</name>
         <value>0xe186</value>
         <object_component_ref idref="oc-418"/>
      </symbol>
      <symbol id="sm-71b">
         <name>__mspabi_slll_1</name>
         <value>0xe18a</value>
         <object_component_ref idref="oc-418"/>
      </symbol>
      <symbol id="sm-71c">
         <name>__mspabi_slll_15</name>
         <value>0xe152</value>
         <object_component_ref idref="oc-418"/>
      </symbol>
      <symbol id="sm-71d">
         <name>__mspabi_slll_14</name>
         <value>0xe156</value>
         <object_component_ref idref="oc-418"/>
      </symbol>
      <symbol id="sm-71e">
         <name>__mspabi_slll_13</name>
         <value>0xe15a</value>
         <object_component_ref idref="oc-418"/>
      </symbol>
      <symbol id="sm-71f">
         <name>__mspabi_slll_12</name>
         <value>0xe15e</value>
         <object_component_ref idref="oc-418"/>
      </symbol>
      <symbol id="sm-720">
         <name>__mspabi_slll_11</name>
         <value>0xe162</value>
         <object_component_ref idref="oc-418"/>
      </symbol>
      <symbol id="sm-721">
         <name>__mspabi_slll_10</name>
         <value>0xe166</value>
         <object_component_ref idref="oc-418"/>
      </symbol>
      <symbol id="sm-729">
         <name>__mspabi_srli_8</name>
         <value>0xdd7e</value>
         <object_component_ref idref="oc-ba"/>
      </symbol>
      <symbol id="sm-72a">
         <name>__mspabi_srli_9</name>
         <value>0xdd7a</value>
         <object_component_ref idref="oc-ba"/>
      </symbol>
      <symbol id="sm-72b">
         <name>__mspabi_srli_6</name>
         <value>0xdd86</value>
         <object_component_ref idref="oc-ba"/>
      </symbol>
      <symbol id="sm-72c">
         <name>__mspabi_srli_7</name>
         <value>0xdd82</value>
         <object_component_ref idref="oc-ba"/>
      </symbol>
      <symbol id="sm-72d">
         <name>__mspabi_srli_4</name>
         <value>0xdd8e</value>
         <object_component_ref idref="oc-ba"/>
      </symbol>
      <symbol id="sm-72e">
         <name>__mspabi_srli_5</name>
         <value>0xdd8a</value>
         <object_component_ref idref="oc-ba"/>
      </symbol>
      <symbol id="sm-72f">
         <name>__mspabi_srli_2</name>
         <value>0xdd96</value>
         <object_component_ref idref="oc-ba"/>
      </symbol>
      <symbol id="sm-730">
         <name>__mspabi_srli_3</name>
         <value>0xdd92</value>
         <object_component_ref idref="oc-ba"/>
      </symbol>
      <symbol id="sm-731">
         <name>__mspabi_srli_1</name>
         <value>0xdd9a</value>
         <object_component_ref idref="oc-ba"/>
      </symbol>
      <symbol id="sm-732">
         <name>__mspabi_srli</name>
         <value>0xdd54</value>
         <object_component_ref idref="oc-ba"/>
      </symbol>
      <symbol id="sm-733">
         <name>__mspabi_srli_15</name>
         <value>0xdd62</value>
         <object_component_ref idref="oc-ba"/>
      </symbol>
      <symbol id="sm-734">
         <name>__mspabi_srli_14</name>
         <value>0xdd66</value>
         <object_component_ref idref="oc-ba"/>
      </symbol>
      <symbol id="sm-735">
         <name>__mspabi_srli_13</name>
         <value>0xdd6a</value>
         <object_component_ref idref="oc-ba"/>
      </symbol>
      <symbol id="sm-736">
         <name>__mspabi_srli_12</name>
         <value>0xdd6e</value>
         <object_component_ref idref="oc-ba"/>
      </symbol>
      <symbol id="sm-737">
         <name>__mspabi_srli_11</name>
         <value>0xdd72</value>
         <object_component_ref idref="oc-ba"/>
      </symbol>
      <symbol id="sm-738">
         <name>__mspabi_srli_10</name>
         <value>0xdd76</value>
         <object_component_ref idref="oc-ba"/>
      </symbol>
      <symbol id="sm-748">
         <name>__mspabi_srll_8</name>
         <value>0xdc34</value>
         <object_component_ref idref="oc-41d"/>
      </symbol>
      <symbol id="sm-749">
         <name>__mspabi_srll_9</name>
         <value>0xdc2e</value>
         <object_component_ref idref="oc-41d"/>
      </symbol>
      <symbol id="sm-74a">
         <name>__mspabi_srll_6</name>
         <value>0xdc40</value>
         <object_component_ref idref="oc-41d"/>
      </symbol>
      <symbol id="sm-74b">
         <name>__mspabi_srll_7</name>
         <value>0xdc3a</value>
         <object_component_ref idref="oc-41d"/>
      </symbol>
      <symbol id="sm-74c">
         <name>__mspabi_srll_4</name>
         <value>0xdc4c</value>
         <object_component_ref idref="oc-41d"/>
      </symbol>
      <symbol id="sm-74d">
         <name>__mspabi_srll_5</name>
         <value>0xdc46</value>
         <object_component_ref idref="oc-41d"/>
      </symbol>
      <symbol id="sm-74e">
         <name>__mspabi_srll_2</name>
         <value>0xdc58</value>
         <object_component_ref idref="oc-41d"/>
      </symbol>
      <symbol id="sm-74f">
         <name>__mspabi_srll_3</name>
         <value>0xdc52</value>
         <object_component_ref idref="oc-41d"/>
      </symbol>
      <symbol id="sm-750">
         <name>__mspabi_srll_1</name>
         <value>0xdc5e</value>
         <object_component_ref idref="oc-41d"/>
      </symbol>
      <symbol id="sm-751">
         <name>__mspabi_srll_15</name>
         <value>0xdc0a</value>
         <object_component_ref idref="oc-41d"/>
      </symbol>
      <symbol id="sm-752">
         <name>__mspabi_srll_14</name>
         <value>0xdc10</value>
         <object_component_ref idref="oc-41d"/>
      </symbol>
      <symbol id="sm-753">
         <name>__mspabi_srll_13</name>
         <value>0xdc16</value>
         <object_component_ref idref="oc-41d"/>
      </symbol>
      <symbol id="sm-754">
         <name>__mspabi_srll_12</name>
         <value>0xdc1c</value>
         <object_component_ref idref="oc-41d"/>
      </symbol>
      <symbol id="sm-755">
         <name>__mspabi_srll_11</name>
         <value>0xdc22</value>
         <object_component_ref idref="oc-41d"/>
      </symbol>
      <symbol id="sm-756">
         <name>__mspabi_srll_10</name>
         <value>0xdc28</value>
         <object_component_ref idref="oc-41d"/>
      </symbol>
      <symbol id="sm-757">
         <name>__mspabi_srll</name>
         <value>0xe750</value>
         <object_component_ref idref="oc-468"/>
      </symbol>
      <symbol id="sm-761">
         <name>__mspabi_mpyl_sw</name>
         <value>0xe524</value>
         <object_component_ref idref="oc-54e"/>
      </symbol>
      <symbol id="sm-762">
         <name>__mspabi_mpyl</name>
         <value>0xe524</value>
         <object_component_ref idref="oc-54e"/>
      </symbol>
      <symbol id="sm-770">
         <name>__mspabi_srlll</name>
         <value>0xde32</value>
         <object_component_ref idref="oc-56c"/>
      </symbol>
      <symbol id="sm-77c">
         <name>__TI_frcmpyd</name>
         <value>0xcd26</value>
         <object_component_ref idref="oc-534"/>
      </symbol>
      <symbol id="sm-793">
         <name>__mspabi_mpyull_sw</name>
         <value>0xe592</value>
         <object_component_ref idref="oc-567"/>
      </symbol>
      <symbol id="sm-794">
         <name>__mspabi_mpyull</name>
         <value>0xe592</value>
         <object_component_ref idref="oc-567"/>
      </symbol>
      <symbol id="sm-79c">
         <name>__mspabi_mpyll</name>
         <value>0xcfe4</value>
         <object_component_ref idref="oc-562"/>
      </symbol>
      <symbol id="sm-79d">
         <name>__mspabi_mpyll_sw</name>
         <value>0xcfe4</value>
         <object_component_ref idref="oc-562"/>
      </symbol>
      <symbol id="sm-7aa">
         <name>__mspabi_sllll</name>
         <value>0xde78</value>
         <object_component_ref idref="oc-55c"/>
      </symbol>
      <symbol id="sm-7b7">
         <name>__mspabi_mpyul_sw</name>
         <value>0xe570</value>
         <object_component_ref idref="oc-582"/>
      </symbol>
      <symbol id="sm-7b8">
         <name>__mspabi_mpyul</name>
         <value>0xe570</value>
         <object_component_ref idref="oc-582"/>
      </symbol>
   </symbol_table>
   <title>Link successful</title>
</link_info>
