<?xml version="1.0" encoding="ISO-8859-1" ?>
<link_info>
   <banner>MSP430 Linker PC v21.6.0.LTS</banner>
   <copyright>Copyright (c) 2003-2018 Texas Instruments Incorporated</copyright>
   <link_time>0x64a4948a</link_time>
   <link_errors>0x0</link_errors>
   <output_file>Exercise_4_Venkatesan.out</output_file>
   <entry_point>
      <name>_c_int00_noargs</name>
      <address>0xcb08</address>
   </entry_point>
   <input_file_list>
      <input_file id="fl-2">
         <path>.\</path>
         <kind>object</kind>
         <file>main.obj</file>
         <name>main.obj</name>
      </input_file>
      <input_file id="fl-3">
         <path>.\libs\</path>
         <kind>object</kind>
         <file>LCD.obj</file>
         <name>LCD.obj</name>
      </input_file>
      <input_file id="fl-4">
         <path>.\libs\</path>
         <kind>object</kind>
         <file>adac.obj</file>
         <name>adac.obj</name>
      </input_file>
      <input_file id="fl-5">
         <path>.\libs\</path>
         <kind>object</kind>
         <file>flash.obj</file>
         <name>flash.obj</name>
      </input_file>
      <input_file id="fl-6">
         <path>.\libs\</path>
         <kind>object</kind>
         <file>i2c.obj</file>
         <name>i2c.obj</name>
      </input_file>
      <input_file id="fl-7">
         <path>.\libs\</path>
         <kind>object</kind>
         <file>interrupts.obj</file>
         <name>interrupts.obj</name>
      </input_file>
      <input_file id="fl-8">
         <path>.\libs\</path>
         <kind>object</kind>
         <file>spi.obj</file>
         <name>spi.obj</name>
      </input_file>
      <input_file id="fl-9">
         <path>.\libs\</path>
         <kind>object</kind>
         <file>templateEMP.obj</file>
         <name>templateEMP.obj</name>
      </input_file>
      <input_file id="fl-a">
         <path>.\libs\</path>
         <kind>object</kind>
         <file>uart.obj</file>
         <name>uart.obj</name>
      </input_file>
      <input_file id="fl-f">
         <kind>object</kind>
         <file>&lt;internal&gt;</file>
         <name>&lt;internal&gt;</name>
      </input_file>
      <input_file id="fl-25">
         <path>C:\ti\ccs1210\ccs\tools\compiler\ti-cgt-msp430_21.6.0.LTS\lib\</path>
         <kind>archive</kind>
         <file>rts430_eabi.lib</file>
         <name>sprintf.c.obj</name>
      </input_file>
      <input_file id="fl-26">
         <path>C:\ti\ccs1210\ccs\tools\compiler\ti-cgt-msp430_21.6.0.LTS\lib\</path>
         <kind>archive</kind>
         <file>rts430_eabi.lib</file>
         <name>asr16.asm.obj</name>
      </input_file>
      <input_file id="fl-27">
         <path>C:\ti\ccs1210\ccs\tools\compiler\ti-cgt-msp430_21.6.0.LTS\lib\</path>
         <kind>archive</kind>
         <file>rts430_eabi.lib</file>
         <name>div16s.asm.obj</name>
      </input_file>
      <input_file id="fl-28">
         <path>C:\ti\ccs1210\ccs\tools\compiler\ti-cgt-msp430_21.6.0.LTS\lib\</path>
         <kind>archive</kind>
         <file>rts430_eabi.lib</file>
         <name>div16u.asm.obj</name>
      </input_file>
      <input_file id="fl-29">
         <path>C:\ti\ccs1210\ccs\tools\compiler\ti-cgt-msp430_21.6.0.LTS\lib\</path>
         <kind>archive</kind>
         <file>rts430_eabi.lib</file>
         <name>epilog.asm.obj</name>
      </input_file>
      <input_file id="fl-2a">
         <path>C:\ti\ccs1210\ccs\tools\compiler\ti-cgt-msp430_21.6.0.LTS\lib\</path>
         <kind>archive</kind>
         <file>rts430_eabi.lib</file>
         <name>int00.asm.obj</name>
      </input_file>
      <input_file id="fl-2b">
         <path>C:\ti\ccs1210\ccs\tools\compiler\ti-cgt-msp430_21.6.0.LTS\lib\</path>
         <kind>archive</kind>
         <file>rts430_eabi.lib</file>
         <name>int02.asm.obj</name>
      </input_file>
      <input_file id="fl-2c">
         <path>C:\ti\ccs1210\ccs\tools\compiler\ti-cgt-msp430_21.6.0.LTS\lib\</path>
         <kind>archive</kind>
         <file>rts430_eabi.lib</file>
         <name>int03.asm.obj</name>
      </input_file>
      <input_file id="fl-2d">
         <path>C:\ti\ccs1210\ccs\tools\compiler\ti-cgt-msp430_21.6.0.LTS\lib\</path>
         <kind>archive</kind>
         <file>rts430_eabi.lib</file>
         <name>int05.asm.obj</name>
      </input_file>
      <input_file id="fl-2e">
         <path>C:\ti\ccs1210\ccs\tools\compiler\ti-cgt-msp430_21.6.0.LTS\lib\</path>
         <kind>archive</kind>
         <file>rts430_eabi.lib</file>
         <name>int08.asm.obj</name>
      </input_file>
      <input_file id="fl-2f">
         <path>C:\ti\ccs1210\ccs\tools\compiler\ti-cgt-msp430_21.6.0.LTS\lib\</path>
         <kind>archive</kind>
         <file>rts430_eabi.lib</file>
         <name>int09.asm.obj</name>
      </input_file>
      <input_file id="fl-30">
         <path>C:\ti\ccs1210\ccs\tools\compiler\ti-cgt-msp430_21.6.0.LTS\lib\</path>
         <kind>archive</kind>
         <file>rts430_eabi.lib</file>
         <name>int10.asm.obj</name>
      </input_file>
      <input_file id="fl-31">
         <path>C:\ti\ccs1210\ccs\tools\compiler\ti-cgt-msp430_21.6.0.LTS\lib\</path>
         <kind>archive</kind>
         <file>rts430_eabi.lib</file>
         <name>int11.asm.obj</name>
      </input_file>
      <input_file id="fl-32">
         <path>C:\ti\ccs1210\ccs\tools\compiler\ti-cgt-msp430_21.6.0.LTS\lib\</path>
         <kind>archive</kind>
         <file>rts430_eabi.lib</file>
         <name>int12.asm.obj</name>
      </input_file>
      <input_file id="fl-33">
         <path>C:\ti\ccs1210\ccs\tools\compiler\ti-cgt-msp430_21.6.0.LTS\lib\</path>
         <kind>archive</kind>
         <file>rts430_eabi.lib</file>
         <name>int13.asm.obj</name>
      </input_file>
      <input_file id="fl-34">
         <path>C:\ti\ccs1210\ccs\tools\compiler\ti-cgt-msp430_21.6.0.LTS\lib\</path>
         <kind>archive</kind>
         <file>rts430_eabi.lib</file>
         <name>int14.asm.obj</name>
      </input_file>
      <input_file id="fl-35">
         <path>C:\ti\ccs1210\ccs\tools\compiler\ti-cgt-msp430_21.6.0.LTS\lib\</path>
         <kind>archive</kind>
         <file>rts430_eabi.lib</file>
         <name>isr_trap.asm.obj</name>
      </input_file>
      <input_file id="fl-36">
         <path>C:\ti\ccs1210\ccs\tools\compiler\ti-cgt-msp430_21.6.0.LTS\lib\</path>
         <kind>archive</kind>
         <file>rts430_eabi.lib</file>
         <name>mult16.asm.obj</name>
      </input_file>
      <input_file id="fl-37">
         <path>C:\ti\ccs1210\ccs\tools\compiler\ti-cgt-msp430_21.6.0.LTS\lib\</path>
         <kind>archive</kind>
         <file>rts430_eabi.lib</file>
         <name>boot.c.obj</name>
      </input_file>
      <input_file id="fl-38">
         <path>C:\ti\ccs1210\ccs\tools\compiler\ti-cgt-msp430_21.6.0.LTS\lib\</path>
         <kind>archive</kind>
         <file>rts430_eabi.lib</file>
         <name>autoinit.c.obj</name>
      </input_file>
      <input_file id="fl-39">
         <path>C:\ti\ccs1210\ccs\tools\compiler\ti-cgt-msp430_21.6.0.LTS\lib\</path>
         <kind>archive</kind>
         <file>rts430_eabi.lib</file>
         <name>copy_zero_init.c.obj</name>
      </input_file>
      <input_file id="fl-3a">
         <path>C:\ti\ccs1210\ccs\tools\compiler\ti-cgt-msp430_21.6.0.LTS\lib\</path>
         <kind>archive</kind>
         <file>rts430_eabi.lib</file>
         <name>cpy_tbl.c.obj</name>
      </input_file>
      <input_file id="fl-3b">
         <path>C:\ti\ccs1210\ccs\tools\compiler\ti-cgt-msp430_21.6.0.LTS\lib\</path>
         <kind>archive</kind>
         <file>rts430_eabi.lib</file>
         <name>mpu_init.c.obj</name>
      </input_file>
      <input_file id="fl-3c">
         <path>C:\ti\ccs1210\ccs\tools\compiler\ti-cgt-msp430_21.6.0.LTS\lib\</path>
         <kind>archive</kind>
         <file>rts430_eabi.lib</file>
         <name>pre_init.c.obj</name>
      </input_file>
      <input_file id="fl-3d">
         <path>C:\ti\ccs1210\ccs\tools\compiler\ti-cgt-msp430_21.6.0.LTS\lib\</path>
         <kind>archive</kind>
         <file>rts430_eabi.lib</file>
         <name>startup.c.obj</name>
      </input_file>
      <input_file id="fl-3e">
         <path>C:\ti\ccs1210\ccs\tools\compiler\ti-cgt-msp430_21.6.0.LTS\lib\</path>
         <kind>archive</kind>
         <file>rts430_eabi.lib</file>
         <name>copy_decompress_none.c.obj</name>
      </input_file>
      <input_file id="fl-3f">
         <path>C:\ti\ccs1210\ccs\tools\compiler\ti-cgt-msp430_21.6.0.LTS\lib\</path>
         <kind>archive</kind>
         <file>rts430_eabi.lib</file>
         <name>copy_decompress_lzss.c.obj</name>
      </input_file>
      <input_file id="fl-40">
         <path>C:\ti\ccs1210\ccs\tools\compiler\ti-cgt-msp430_21.6.0.LTS\lib\</path>
         <kind>archive</kind>
         <file>rts430_eabi.lib</file>
         <name>exit.c.obj</name>
      </input_file>
      <input_file id="fl-41">
         <path>C:\ti\ccs1210\ccs\tools\compiler\ti-cgt-msp430_21.6.0.LTS\lib\</path>
         <kind>archive</kind>
         <file>rts430_eabi.lib</file>
         <name>_lock.c.obj</name>
      </input_file>
      <input_file id="fl-42">
         <path>C:\ti\ccs1210\ccs\tools\compiler\ti-cgt-msp430_21.6.0.LTS\lib\</path>
         <kind>archive</kind>
         <file>rts430_eabi.lib</file>
         <name>args_main.c.obj</name>
      </input_file>
      <input_file id="fl-43">
         <path>C:\ti\ccs1210\ccs\tools\compiler\ti-cgt-msp430_21.6.0.LTS\lib\</path>
         <kind>archive</kind>
         <file>rts430_eabi.lib</file>
         <name>memcpy.c.obj</name>
      </input_file>
      <input_file id="fl-44">
         <path>C:\ti\ccs1210\ccs\tools\compiler\ti-cgt-msp430_21.6.0.LTS\lib\</path>
         <kind>archive</kind>
         <file>rts430_eabi.lib</file>
         <name>_printfi.c.obj</name>
      </input_file>
      <input_file id="fl-45">
         <path>C:\ti\ccs1210\ccs\tools\compiler\ti-cgt-msp430_21.6.0.LTS\lib\</path>
         <kind>archive</kind>
         <file>rts430_eabi.lib</file>
         <name>div32u.asm.obj</name>
      </input_file>
      <input_file id="fl-46">
         <path>C:\ti\ccs1210\ccs\tools\compiler\ti-cgt-msp430_21.6.0.LTS\lib\</path>
         <kind>archive</kind>
         <file>rts430_eabi.lib</file>
         <name>lsl16.asm.obj</name>
      </input_file>
      <input_file id="fl-47">
         <path>C:\ti\ccs1210\ccs\tools\compiler\ti-cgt-msp430_21.6.0.LTS\lib\</path>
         <kind>archive</kind>
         <file>rts430_eabi.lib</file>
         <name>lsr16.asm.obj</name>
      </input_file>
      <input_file id="fl-48">
         <path>C:\ti\ccs1210\ccs\tools\compiler\ti-cgt-msp430_21.6.0.LTS\lib\</path>
         <kind>archive</kind>
         <file>rts430_eabi.lib</file>
         <name>exit_gvars.c.obj</name>
      </input_file>
      <input_file id="fl-49">
         <path>C:\ti\ccs1210\ccs\tools\compiler\ti-cgt-msp430_21.6.0.LTS\lib\</path>
         <kind>archive</kind>
         <file>rts430_eabi.lib</file>
         <name>lsr64.c.obj</name>
      </input_file>
      <input_file id="fl-4a">
         <path>C:\ti\ccs1210\ccs\tools\compiler\ti-cgt-msp430_21.6.0.LTS\lib\</path>
         <kind>archive</kind>
         <file>rts430_eabi.lib</file>
         <name>div64u.c.obj</name>
      </input_file>
      <input_file id="fl-4b">
         <path>C:\ti\ccs1210\ccs\tools\compiler\ti-cgt-msp430_21.6.0.LTS\lib\</path>
         <kind>archive</kind>
         <file>rts430_eabi.lib</file>
         <name>cmpd.c.obj</name>
      </input_file>
      <input_file id="fl-4c">
         <path>C:\ti\ccs1210\ccs\tools\compiler\ti-cgt-msp430_21.6.0.LTS\lib\</path>
         <kind>archive</kind>
         <file>rts430_eabi.lib</file>
         <name>divd.c.obj</name>
      </input_file>
      <input_file id="fl-4d">
         <path>C:\ti\ccs1210\ccs\tools\compiler\ti-cgt-msp430_21.6.0.LTS\lib\</path>
         <kind>archive</kind>
         <file>rts430_eabi.lib</file>
         <name>fixdi.c.obj</name>
      </input_file>
      <input_file id="fl-4e">
         <path>C:\ti\ccs1210\ccs\tools\compiler\ti-cgt-msp430_21.6.0.LTS\lib\</path>
         <kind>archive</kind>
         <file>rts430_eabi.lib</file>
         <name>fixdli.c.obj</name>
      </input_file>
      <input_file id="fl-4f">
         <path>C:\ti\ccs1210\ccs\tools\compiler\ti-cgt-msp430_21.6.0.LTS\lib\</path>
         <kind>archive</kind>
         <file>rts430_eabi.lib</file>
         <name>fltid.c.obj</name>
      </input_file>
      <input_file id="fl-50">
         <path>C:\ti\ccs1210\ccs\tools\compiler\ti-cgt-msp430_21.6.0.LTS\lib\</path>
         <kind>archive</kind>
         <file>rts430_eabi.lib</file>
         <name>fltlid.c.obj</name>
      </input_file>
      <input_file id="fl-51">
         <path>C:\ti\ccs1210\ccs\tools\compiler\ti-cgt-msp430_21.6.0.LTS\lib\</path>
         <kind>archive</kind>
         <file>rts430_eabi.lib</file>
         <name>frcdivd.c.obj</name>
      </input_file>
      <input_file id="fl-52">
         <path>C:\ti\ccs1210\ccs\tools\compiler\ti-cgt-msp430_21.6.0.LTS\lib\</path>
         <kind>archive</kind>
         <file>rts430_eabi.lib</file>
         <name>mpyd.c.obj</name>
      </input_file>
      <input_file id="fl-53">
         <path>C:\ti\ccs1210\ccs\tools\compiler\ti-cgt-msp430_21.6.0.LTS\lib\</path>
         <kind>archive</kind>
         <file>rts430_eabi.lib</file>
         <name>negd.c.obj</name>
      </input_file>
      <input_file id="fl-54">
         <path>C:\ti\ccs1210\ccs\tools\compiler\ti-cgt-msp430_21.6.0.LTS\lib\</path>
         <kind>archive</kind>
         <file>rts430_eabi.lib</file>
         <name>subd.c.obj</name>
      </input_file>
      <input_file id="fl-55">
         <path>C:\ti\ccs1210\ccs\tools\compiler\ti-cgt-msp430_21.6.0.LTS\lib\</path>
         <kind>archive</kind>
         <file>rts430_eabi.lib</file>
         <name>_ltoa.c.obj</name>
      </input_file>
      <input_file id="fl-56">
         <path>C:\ti\ccs1210\ccs\tools\compiler\ti-cgt-msp430_21.6.0.LTS\lib\</path>
         <kind>archive</kind>
         <file>rts430_eabi.lib</file>
         <name>atoi.c.obj</name>
      </input_file>
      <input_file id="fl-57">
         <path>C:\ti\ccs1210\ccs\tools\compiler\ti-cgt-msp430_21.6.0.LTS\lib\</path>
         <kind>archive</kind>
         <file>rts430_eabi.lib</file>
         <name>ctype.c.obj</name>
      </input_file>
      <input_file id="fl-58">
         <path>C:\ti\ccs1210\ccs\tools\compiler\ti-cgt-msp430_21.6.0.LTS\lib\</path>
         <kind>archive</kind>
         <file>rts430_eabi.lib</file>
         <name>memccpy.c.obj</name>
      </input_file>
      <input_file id="fl-59">
         <path>C:\ti\ccs1210\ccs\tools\compiler\ti-cgt-msp430_21.6.0.LTS\lib\</path>
         <kind>archive</kind>
         <file>rts430_eabi.lib</file>
         <name>memset.c.obj</name>
      </input_file>
      <input_file id="fl-5a">
         <path>C:\ti\ccs1210\ccs\tools\compiler\ti-cgt-msp430_21.6.0.LTS\lib\</path>
         <kind>archive</kind>
         <file>rts430_eabi.lib</file>
         <name>strchr.c.obj</name>
      </input_file>
      <input_file id="fl-5b">
         <path>C:\ti\ccs1210\ccs\tools\compiler\ti-cgt-msp430_21.6.0.LTS\lib\</path>
         <kind>archive</kind>
         <file>rts430_eabi.lib</file>
         <name>strlen.c.obj</name>
      </input_file>
      <input_file id="fl-5c">
         <path>C:\ti\ccs1210\ccs\tools\compiler\ti-cgt-msp430_21.6.0.LTS\lib\</path>
         <kind>archive</kind>
         <file>rts430_eabi.lib</file>
         <name>toupper.c.obj</name>
      </input_file>
      <input_file id="fl-5d">
         <path>C:\ti\ccs1210\ccs\tools\compiler\ti-cgt-msp430_21.6.0.LTS\lib\</path>
         <kind>archive</kind>
         <file>rts430_eabi.lib</file>
         <name>errno.c.obj</name>
      </input_file>
      <input_file id="fl-5e">
         <path>C:\ti\ccs1210\ccs\tools\compiler\ti-cgt-msp430_21.6.0.LTS\lib\</path>
         <kind>archive</kind>
         <file>rts430_eabi.lib</file>
         <name>abs.c.obj</name>
      </input_file>
      <input_file id="fl-5f">
         <path>C:\ti\ccs1210\ccs\tools\compiler\ti-cgt-msp430_21.6.0.LTS\lib\</path>
         <kind>archive</kind>
         <file>rts430_eabi.lib</file>
         <name>wcslen.c.obj</name>
      </input_file>
      <input_file id="fl-60">
         <path>C:\ti\ccs1210\ccs\tools\compiler\ti-cgt-msp430_21.6.0.LTS\lib\</path>
         <kind>archive</kind>
         <file>rts430_eabi.lib</file>
         <name>s_frexp.c.obj</name>
      </input_file>
      <input_file id="fl-61">
         <path>C:\ti\ccs1210\ccs\tools\compiler\ti-cgt-msp430_21.6.0.LTS\lib\</path>
         <kind>archive</kind>
         <file>rts430_eabi.lib</file>
         <name>s_scalbn.c.obj</name>
      </input_file>
      <input_file id="fl-62">
         <path>C:\ti\ccs1210\ccs\tools\compiler\ti-cgt-msp430_21.6.0.LTS\lib\</path>
         <kind>archive</kind>
         <file>rts430_eabi.lib</file>
         <name>asr32.asm.obj</name>
      </input_file>
      <input_file id="fl-63">
         <path>C:\ti\ccs1210\ccs\tools\compiler\ti-cgt-msp430_21.6.0.LTS\lib\</path>
         <kind>archive</kind>
         <file>rts430_eabi.lib</file>
         <name>div32s.asm.obj</name>
      </input_file>
      <input_file id="fl-64">
         <path>C:\ti\ccs1210\ccs\tools\compiler\ti-cgt-msp430_21.6.0.LTS\lib\</path>
         <kind>archive</kind>
         <file>rts430_eabi.lib</file>
         <name>lsl32.asm.obj</name>
      </input_file>
      <input_file id="fl-65">
         <path>C:\ti\ccs1210\ccs\tools\compiler\ti-cgt-msp430_21.6.0.LTS\lib\</path>
         <kind>archive</kind>
         <file>rts430_eabi.lib</file>
         <name>lsr32.asm.obj</name>
      </input_file>
      <input_file id="fl-66">
         <path>C:\ti\ccs1210\ccs\tools\compiler\ti-cgt-msp430_21.6.0.LTS\lib\</path>
         <kind>archive</kind>
         <file>rts430_eabi.lib</file>
         <name>mult32.asm.obj</name>
      </input_file>
      <input_file id="fl-67">
         <path>C:\ti\ccs1210\ccs\tools\compiler\ti-cgt-msp430_21.6.0.LTS\lib\</path>
         <kind>archive</kind>
         <file>rts430_eabi.lib</file>
         <name>lsl64.c.obj</name>
      </input_file>
      <input_file id="fl-68">
         <path>C:\ti\ccs1210\ccs\tools\compiler\ti-cgt-msp430_21.6.0.LTS\lib\</path>
         <kind>archive</kind>
         <file>rts430_eabi.lib</file>
         <name>addd.c.obj</name>
      </input_file>
      <input_file id="fl-69">
         <path>C:\ti\ccs1210\ccs\tools\compiler\ti-cgt-msp430_21.6.0.LTS\lib\</path>
         <kind>archive</kind>
         <file>rts430_eabi.lib</file>
         <name>frcmpyd.c.obj</name>
      </input_file>
      <input_file id="fl-6a">
         <path>C:\ti\ccs1210\ccs\tools\compiler\ti-cgt-msp430_21.6.0.LTS\lib\</path>
         <kind>archive</kind>
         <file>rts430_eabi.lib</file>
         <name>s_copysign.c.obj</name>
      </input_file>
      <input_file id="fl-6b">
         <path>C:\ti\ccs1210\ccs\tools\compiler\ti-cgt-msp430_21.6.0.LTS\lib\</path>
         <kind>archive</kind>
         <file>rts430_eabi.lib</file>
         <name>mult3264.asm.obj</name>
      </input_file>
      <input_file id="fl-6c">
         <path>C:\ti\ccs1210\ccs\tools\compiler\ti-cgt-msp430_21.6.0.LTS\lib\</path>
         <kind>archive</kind>
         <file>rts430_eabi.lib</file>
         <name>mult64.asm.obj</name>
      </input_file>
      <input_file id="fl-6d">
         <path>C:\ti\ccs1210\ccs\tools\compiler\ti-cgt-msp430_21.6.0.LTS\lib\</path>
         <kind>archive</kind>
         <file>rts430_eabi.lib</file>
         <name>asr64.c.obj</name>
      </input_file>
      <input_file id="fl-6e">
         <path>C:\ti\ccs1210\ccs\tools\compiler\ti-cgt-msp430_21.6.0.LTS\lib\</path>
         <kind>archive</kind>
         <file>rts430_eabi.lib</file>
         <name>mult1632.asm.obj</name>
      </input_file>
   </input_file_list>
   <object_component_list>
      <object_component id="oc-340">
         <name>.common:RxByteCtr</name>
         <uninitialized>true</uninitialized>
         <run_address>0x264</run_address>
         <size>0x2</size>
      </object_component>
      <object_component id="oc-341">
         <name>.common:PRxData</name>
         <uninitialized>true</uninitialized>
         <run_address>0x260</run_address>
         <size>0x2</size>
      </object_component>
      <object_component id="oc-338">
         <name>.common:TxByteCtr</name>
         <uninitialized>true</uninitialized>
         <run_address>0x268</run_address>
         <size>0x2</size>
      </object_component>
      <object_component id="oc-33b">
         <name>.common:PTxData</name>
         <uninitialized>true</uninitialized>
         <run_address>0x262</run_address>
         <size>0x2</size>
      </object_component>
      <object_component id="oc-291">
         <name>.common:x_pos</name>
         <uninitialized>true</uninitialized>
         <run_address>0x272</run_address>
         <size>0x2</size>
      </object_component>
      <object_component id="oc-292">
         <name>.common:y_pos</name>
         <uninitialized>true</uninitialized>
         <run_address>0x274</run_address>
         <size>0x2</size>
      </object_component>
      <object_component id="oc-293">
         <name>.common:button</name>
         <uninitialized>true</uninitialized>
         <run_address>0x26a</run_address>
         <size>0x2</size>
      </object_component>
      <object_component id="oc-297">
         <name>.common:chosen_letter</name>
         <uninitialized>true</uninitialized>
         <run_address>0x276</run_address>
         <size>0x1</size>
      </object_component>
      <object_component id="oc-33c">
         <name>.common:counter</name>
         <uninitialized>true</uninitialized>
         <run_address>0x26c</run_address>
         <size>0x2</size>
      </object_component>
      <object_component id="oc-147">
         <name>.common:forRX</name>
         <uninitialized>true</uninitialized>
         <run_address>0x26e</run_address>
         <size>0x2</size>
      </object_component>
      <object_component id="oc-143">
         <name>.common:forTX</name>
         <uninitialized>true</uninitialized>
         <run_address>0x270</run_address>
         <size>0x2</size>
      </object_component>
      <object_component id="oc-30c">
         <name>.common:SPIdata</name>
         <uninitialized>true</uninitialized>
         <run_address>0x266</run_address>
         <size>0x2</size>
      </object_component>
      <object_component id="oc-19a">
         <name>.data</name>
         <load_address>0x23c</load_address>
         <run_address>0x23c</run_address>
         <size>0x10</size>
         <input_file_ref idref="fl-2"/>
      </object_component>
      <object_component id="oc-19d">
         <name>.data:flash_read_data</name>
         <load_address>0x22c</load_address>
         <run_address>0x22c</run_address>
         <size>0x10</size>
         <input_file_ref idref="fl-2"/>
      </object_component>
      <object_component id="oc-1ca">
         <name>.data:adc_values</name>
         <load_address>0x252</load_address>
         <run_address>0x252</run_address>
         <size>0x5</size>
         <input_file_ref idref="fl-2"/>
      </object_component>
      <object_component id="oc-294">
         <name>.data:letters</name>
         <load_address>0x200</load_address>
         <run_address>0x200</run_address>
         <size>0x1b</size>
         <input_file_ref idref="fl-2"/>
      </object_component>
      <object_component id="oc-298">
         <name>.data:flash_data</name>
         <load_address>0x21c</load_address>
         <run_address>0x21c</run_address>
         <size>0x10</size>
         <input_file_ref idref="fl-2"/>
      </object_component>
      <object_component id="oc-253">
         <name>.data:flashInstructData</name>
         <load_address>0x258</load_address>
         <run_address>0x258</run_address>
         <size>0x4</size>
         <input_file_ref idref="fl-5"/>
      </object_component>
      <object_component id="oc-303">
         <name>.data:flashRXData</name>
         <load_address>0x25e</load_address>
         <run_address>0x25e</run_address>
         <size>0x1</size>
         <input_file_ref idref="fl-5"/>
      </object_component>
      <object_component id="oc-335">
         <name>.data</name>
         <load_address>0x25c</load_address>
         <run_address>0x25c</run_address>
         <size>0x2</size>
         <input_file_ref idref="fl-6"/>
      </object_component>
      <object_component id="oc-309">
         <name>.data</name>
         <load_address>0x24c</load_address>
         <run_address>0x24c</run_address>
         <size>0x6</size>
         <input_file_ref idref="fl-8"/>
      </object_component>
      <object_component id="oc-b1">
         <name>.stack</name>
         <uninitialized>true</uninitialized>
         <run_address>0x3b0</run_address>
         <size>0x2</size>
         <input_file_ref idref="fl-37"/>
      </object_component>
      <object_component id="oc-3ee">
         <name>.stack</name>
         <uninitialized>true</uninitialized>
         <run_address>0x3b0</run_address>
         <size>0x0</size>
      </object_component>
      <object_component id="oc-1d3">
         <name>.text:process_joystick</name>
         <load_address>0xc000</load_address>
         <run_address>0xc000</run_address>
         <size>0x166</size>
         <input_file_ref idref="fl-2"/>
      </object_component>
      <object_component id="oc-187">
         <name>.text:lcd_init</name>
         <load_address>0xc166</load_address>
         <run_address>0xc166</run_address>
         <size>0xe0</size>
         <input_file_ref idref="fl-3"/>
      </object_component>
      <object_component id="oc-1b2">
         <name>.text:disp_from_flash</name>
         <load_address>0xc246</load_address>
         <run_address>0xc246</run_address>
         <size>0xbc</size>
         <input_file_ref idref="fl-2"/>
      </object_component>
      <object_component id="oc-157">
         <name>.text:main</name>
         <load_address>0xc302</load_address>
         <run_address>0xc302</run_address>
         <size>0xa2</size>
         <input_file_ref idref="fl-2"/>
      </object_component>
      <object_component id="oc-34">
         <name>.text:decompress:lzss:__TI_decompress_lzss</name>
         <load_address>0xc3a4</load_address>
         <run_address>0xc3a4</run_address>
         <size>0x7c</size>
         <input_file_ref idref="fl-3f"/>
      </object_component>
      <object_component id="oc-32c">
         <name>.text:i2c_TXISR</name>
         <load_address>0xc420</load_address>
         <run_address>0xc420</run_address>
         <size>0x6a</size>
         <input_file_ref idref="fl-6"/>
      </object_component>
      <object_component id="oc-275">
         <name>.text:i2c_init</name>
         <load_address>0xc48a</load_address>
         <run_address>0xc48a</run_address>
         <size>0x6a</size>
         <input_file_ref idref="fl-6"/>
      </object_component>
      <object_component id="oc-29c">
         <name>.text:flash_write</name>
         <load_address>0xc4f4</load_address>
         <run_address>0xc4f4</run_address>
         <size>0x58</size>
         <input_file_ref idref="fl-5"/>
      </object_component>
      <object_component id="oc-18e">
         <name>.text:write_to_lcd</name>
         <load_address>0xc54c</load_address>
         <run_address>0xc54c</run_address>
         <size>0x4e</size>
         <input_file_ref idref="fl-2"/>
      </object_component>
      <object_component id="oc-28a">
         <name>.text:i2c_read</name>
         <load_address>0xc59a</load_address>
         <run_address>0xc59a</run_address>
         <size>0x4c</size>
         <input_file_ref idref="fl-6"/>
      </object_component>
      <object_component id="oc-ba">
         <name>.text</name>
         <load_address>0xc5e6</load_address>
         <run_address>0xc5e6</run_address>
         <size>0x4c</size>
         <input_file_ref idref="fl-47"/>
      </object_component>
      <object_component id="oc-2df">
         <name>.text:send_data</name>
         <load_address>0xc632</load_address>
         <run_address>0xc632</run_address>
         <size>0x48</size>
         <input_file_ref idref="fl-3"/>
      </object_component>
      <object_component id="oc-23c">
         <name>.text:spi_init</name>
         <load_address>0xc67a</load_address>
         <run_address>0xc67a</run_address>
         <size>0x48</size>
         <input_file_ref idref="fl-8"/>
      </object_component>
      <object_component id="oc-1a6">
         <name>.text:lcd_cursorShow</name>
         <load_address>0xc6c2</load_address>
         <run_address>0xc6c2</run_address>
         <size>0x44</size>
         <input_file_ref idref="fl-3"/>
      </object_component>
      <object_component id="oc-266">
         <name>.text:send_command</name>
         <load_address>0xc706</load_address>
         <run_address>0xc706</run_address>
         <size>0x44</size>
         <input_file_ref idref="fl-3"/>
      </object_component>
      <object_component id="oc-1ec">
         <name>.text:__TI_auto_init_nobinit_nopinit:__TI_auto_init_nobinit_nopinit</name>
         <load_address>0xc74a</load_address>
         <run_address>0xc74a</run_address>
         <size>0x42</size>
         <input_file_ref idref="fl-38"/>
      </object_component>
      <object_component id="oc-27e">
         <name>.text:i2c_write</name>
         <load_address>0xc78c</load_address>
         <run_address>0xc78c</run_address>
         <size>0x42</size>
         <input_file_ref idref="fl-6"/>
      </object_component>
      <object_component id="oc-22d">
         <name>.text:lcd_enable</name>
         <load_address>0xc7ce</load_address>
         <run_address>0xc7ce</run_address>
         <size>0x42</size>
         <input_file_ref idref="fl-3"/>
      </object_component>
      <object_component id="oc-1a0">
         <name>.text:flash_read</name>
         <load_address>0xc810</load_address>
         <run_address>0xc810</run_address>
         <size>0x3e</size>
         <input_file_ref idref="fl-5"/>
      </object_component>
      <object_component id="oc-2ef">
         <name>.text:spi_RXISR</name>
         <load_address>0xc84e</load_address>
         <run_address>0xc84e</run_address>
         <size>0x3e</size>
         <input_file_ref idref="fl-8"/>
      </object_component>
      <object_component id="oc-320">
         <name>.text:free_bus</name>
         <load_address>0xc88c</load_address>
         <run_address>0xc88c</run_address>
         <size>0x3c</size>
         <input_file_ref idref="fl-6"/>
      </object_component>
      <object_component id="oc-2f5">
         <name>.text:spi_TXISR</name>
         <load_address>0xc8c8</load_address>
         <run_address>0xc8c8</run_address>
         <size>0x36</size>
         <input_file_ref idref="fl-8"/>
      </object_component>
      <object_component id="oc-256">
         <name>.text:spi_write</name>
         <load_address>0xc8fe</load_address>
         <run_address>0xc8fe</run_address>
         <size>0x36</size>
         <input_file_ref idref="fl-8"/>
      </object_component>
      <object_component id="oc-347">
         <name>.text:erase_section</name>
         <load_address>0xc934</load_address>
         <run_address>0xc934</run_address>
         <size>0x32</size>
         <input_file_ref idref="fl-5"/>
      </object_component>
      <object_component id="oc-24d">
         <name>.text:flash_busy</name>
         <load_address>0xc966</load_address>
         <run_address>0xc966</run_address>
         <size>0x2e</size>
         <input_file_ref idref="fl-5"/>
      </object_component>
      <object_component id="oc-25c">
         <name>.text:spi_read</name>
         <load_address>0xc994</load_address>
         <run_address>0xc994</run_address>
         <size>0x2e</size>
         <input_file_ref idref="fl-8"/>
      </object_component>
      <object_component id="oc-319">
         <name>.text</name>
         <load_address>0xc9c2</load_address>
         <run_address>0xc9c2</run_address>
         <size>0x2c</size>
         <input_file_ref idref="fl-26"/>
      </object_component>
      <object_component id="oc-b5">
         <name>.text</name>
         <load_address>0xc9ee</load_address>
         <run_address>0xc9ee</run_address>
         <size>0x2c</size>
         <input_file_ref idref="fl-46"/>
      </object_component>
      <object_component id="oc-1ac">
         <name>.text:lcd_cursorSet</name>
         <load_address>0xca1a</load_address>
         <run_address>0xca1a</run_address>
         <size>0x28</size>
         <input_file_ref idref="fl-3"/>
      </object_component>
      <object_component id="oc-181">
         <name>.text:initMSP</name>
         <load_address>0xca42</load_address>
         <run_address>0xca42</run_address>
         <size>0x26</size>
         <input_file_ref idref="fl-9"/>
      </object_component>
      <object_component id="oc-1b8">
         <name>.text:lcd_clear</name>
         <load_address>0xca68</load_address>
         <run_address>0xca68</run_address>
         <size>0x26</size>
         <input_file_ref idref="fl-3"/>
      </object_component>
      <object_component id="oc-1d9">
         <name>.text:save_to_flash</name>
         <load_address>0xca8e</load_address>
         <run_address>0xca8e</run_address>
         <size>0x20</size>
         <input_file_ref idref="fl-2"/>
      </object_component>
      <object_component id="oc-1be">
         <name>.text:adac_init</name>
         <load_address>0xcaae</load_address>
         <run_address>0xcaae</run_address>
         <size>0x1e</size>
         <input_file_ref idref="fl-4"/>
      </object_component>
      <object_component id="oc-233">
         <name>.text:lcd_putText</name>
         <load_address>0xcacc</load_address>
         <run_address>0xcacc</run_address>
         <size>0x1e</size>
         <input_file_ref idref="fl-3"/>
      </object_component>
      <object_component id="oc-34d">
         <name>.text:write_enable</name>
         <load_address>0xcaea</load_address>
         <run_address>0xcaea</run_address>
         <size>0x1e</size>
         <input_file_ref idref="fl-5"/>
      </object_component>
      <object_component id="oc-ff">
         <name>.text:_c_int00_noargs</name>
         <load_address>0xcb08</load_address>
         <run_address>0xcb08</run_address>
         <size>0x1c</size>
         <input_file_ref idref="fl-37"/>
      </object_component>
      <object_component id="oc-e7">
         <name>.text:USCIAB0RX_ISR</name>
         <load_address>0xcb24</load_address>
         <run_address>0xcb24</run_address>
         <size>0x1a</size>
         <input_file_ref idref="fl-7"/>
      </object_component>
      <object_component id="oc-e1">
         <name>.text:USCIAB0TX_ISR</name>
         <load_address>0xcb3e</load_address>
         <run_address>0xcb3e</run_address>
         <size>0x1a</size>
         <input_file_ref idref="fl-7"/>
      </object_component>
      <object_component id="oc-220">
         <name>.text:send_nibble</name>
         <load_address>0xcb58</load_address>
         <run_address>0xcb58</run_address>
         <size>0x18</size>
         <input_file_ref idref="fl-3"/>
      </object_component>
      <object_component id="oc-247">
         <name>.text:add_to_buffer</name>
         <load_address>0xcb70</load_address>
         <run_address>0xcb70</run_address>
         <size>0x16</size>
         <input_file_ref idref="fl-5"/>
      </object_component>
      <object_component id="oc-1c4">
         <name>.text:delay_ms</name>
         <load_address>0xcb86</load_address>
         <run_address>0xcb86</run_address>
         <size>0x16</size>
         <input_file_ref idref="fl-3"/>
      </object_component>
      <object_component id="oc-226">
         <name>.text:delay_us</name>
         <load_address>0xcb9c</load_address>
         <run_address>0xcb9c</run_address>
         <size>0x16</size>
         <input_file_ref idref="fl-3"/>
      </object_component>
      <object_component id="oc-ed">
         <name>.text:decompress:ZI:__TI_zero_init_nomemset:__TI_zero_init_nomemset</name>
         <load_address>0xcbb2</load_address>
         <run_address>0xcbb2</run_address>
         <size>0x14</size>
         <input_file_ref idref="fl-39"/>
      </object_component>
      <object_component id="oc-326">
         <name>.text:i2c_RXISR</name>
         <load_address>0xcbc6</load_address>
         <run_address>0xcbc6</run_address>
         <size>0x14</size>
         <input_file_ref idref="fl-6"/>
      </object_component>
      <object_component id="oc-3a">
         <name>.text:decompress:none:__TI_decompress_none</name>
         <load_address>0xcbda</load_address>
         <run_address>0xcbda</run_address>
         <size>0x12</size>
         <input_file_ref idref="fl-3e"/>
      </object_component>
      <object_component id="oc-2d6">
         <name>.text:enable</name>
         <load_address>0xcbec</load_address>
         <run_address>0xcbec</run_address>
         <size>0x12</size>
         <input_file_ref idref="fl-3"/>
      </object_component>
      <object_component id="oc-194">
         <name>.text:flash_init</name>
         <load_address>0xcbfe</load_address>
         <run_address>0xcbfe</run_address>
         <size>0x12</size>
         <input_file_ref idref="fl-5"/>
      </object_component>
      <object_component id="oc-cf">
         <name>.text:memcpy</name>
         <load_address>0xcc10</load_address>
         <run_address>0xcc10</run_address>
         <size>0x12</size>
         <input_file_ref idref="fl-43"/>
      </object_component>
      <object_component id="oc-bf">
         <name>.text</name>
         <load_address>0xcc22</load_address>
         <run_address>0xcc22</run_address>
         <size>0x10</size>
         <input_file_ref idref="fl-29"/>
      </object_component>
      <object_component id="oc-1cd">
         <name>.text:adac_read</name>
         <load_address>0xcc32</load_address>
         <run_address>0xcc32</run_address>
         <size>0xe</size>
         <input_file_ref idref="fl-4"/>
      </object_component>
      <object_component id="oc-2fb">
         <name>.text:interrupts_mode</name>
         <load_address>0xcc40</load_address>
         <run_address>0xcc40</run_address>
         <size>0xa</size>
         <input_file_ref idref="fl-7"/>
      </object_component>
      <object_component id="oc-dc">
         <name>.text:_isr:__TI_ISR_TRAP</name>
         <load_address>0xcc4a</load_address>
         <run_address>0xcc4a</run_address>
         <size>0x8</size>
         <input_file_ref idref="fl-35"/>
      </object_component>
      <object_component id="oc-30f">
         <name>.text:spi_busy</name>
         <load_address>0xcc52</load_address>
         <run_address>0xcc52</run_address>
         <size>0x8</size>
         <input_file_ref idref="fl-8"/>
      </object_component>
      <object_component id="oc-1e0">
         <name>.text:abort</name>
         <load_address>0xcc5a</load_address>
         <run_address>0xcc5a</run_address>
         <size>0x6</size>
         <input_file_ref idref="fl-40"/>
      </object_component>
      <object_component id="oc-26d">
         <name>.text:lcd_putChar</name>
         <load_address>0xcc60</load_address>
         <run_address>0xcc60</run_address>
         <size>0x6</size>
         <input_file_ref idref="fl-3"/>
      </object_component>
      <object_component id="oc-151">
         <name>.text:_system_pre_init</name>
         <load_address>0xcc66</load_address>
         <run_address>0xcc66</run_address>
         <size>0x4</size>
         <input_file_ref idref="fl-3c"/>
      </object_component>
      <object_component id="oc-2b5">
         <name>.text:_system_post_cinit</name>
         <load_address>0xcc6a</load_address>
         <run_address>0xcc6a</run_address>
         <size>0x2</size>
         <input_file_ref idref="fl-3d"/>
      </object_component>
      <object_component id="oc-3ed">
         <name>.cinit..data.load</name>
         <load_address>0xccd8</load_address>
         <run_address>0xccd8</run_address>
         <size>0x2d</size>
      </object_component>
      <object_component id="oc-3ea">
         <name>__TI_handler_table</name>
         <load_address>0xcd06</load_address>
         <run_address>0xcd06</run_address>
         <size>0x6</size>
      </object_component>
      <object_component id="oc-3ec">
         <name>.cinit..bss.load</name>
         <load_address>0xcd0c</load_address>
         <run_address>0xcd0c</run_address>
         <size>0x4</size>
      </object_component>
      <object_component id="oc-3eb">
         <name>__TI_cinit_table</name>
         <load_address>0xcd10</load_address>
         <run_address>0xcd10</run_address>
         <size>0x8</size>
      </object_component>
      <object_component id="oc-18d">
         <name>.const:.string</name>
         <load_address>0xcc6c</load_address>
         <run_address>0xcc6c</run_address>
         <size>0x6a</size>
         <input_file_ref idref="fl-2"/>
      </object_component>
      <object_component id="oc-27b">
         <name>.const:.string:$P$T0$1</name>
         <load_address>0xccd6</load_address>
         <run_address>0xccd6</run_address>
         <size>0x1</size>
         <input_file_ref idref="fl-4"/>
      </object_component>
      <object_component id="oc-3ac">
         <name>.binit</name>
         <load_address>0xc000</load_address>
         <run_address>0xc000</run_address>
         <size>0x0</size>
      </object_component>
      <object_component id="oc-40">
         <name>.int00</name>
         <load_address>0xffe0</load_address>
         <run_address>0xffe0</run_address>
         <size>0x2</size>
         <input_file_ref idref="fl-2a"/>
      </object_component>
      <object_component id="oc-41">
         <name>.int02</name>
         <load_address>0xffe4</load_address>
         <run_address>0xffe4</run_address>
         <size>0x2</size>
         <input_file_ref idref="fl-2b"/>
      </object_component>
      <object_component id="oc-42">
         <name>.int03</name>
         <load_address>0xffe6</load_address>
         <run_address>0xffe6</run_address>
         <size>0x2</size>
         <input_file_ref idref="fl-2c"/>
      </object_component>
      <object_component id="oc-43">
         <name>.int05</name>
         <load_address>0xffea</load_address>
         <run_address>0xffea</run_address>
         <size>0x2</size>
         <input_file_ref idref="fl-2d"/>
      </object_component>
      <object_component id="oc-44">
         <name>.int06</name>
         <load_address>0xffec</load_address>
         <run_address>0xffec</run_address>
         <size>0x2</size>
         <input_file_ref idref="fl-7"/>
      </object_component>
      <object_component id="oc-45">
         <name>.int07</name>
         <load_address>0xffee</load_address>
         <run_address>0xffee</run_address>
         <size>0x2</size>
         <input_file_ref idref="fl-7"/>
      </object_component>
      <object_component id="oc-46">
         <name>.int08</name>
         <load_address>0xfff0</load_address>
         <run_address>0xfff0</run_address>
         <size>0x2</size>
         <input_file_ref idref="fl-2e"/>
      </object_component>
      <object_component id="oc-47">
         <name>.int09</name>
         <load_address>0xfff2</load_address>
         <run_address>0xfff2</run_address>
         <size>0x2</size>
         <input_file_ref idref="fl-2f"/>
      </object_component>
      <object_component id="oc-48">
         <name>.int10</name>
         <load_address>0xfff4</load_address>
         <run_address>0xfff4</run_address>
         <size>0x2</size>
         <input_file_ref idref="fl-30"/>
      </object_component>
      <object_component id="oc-49">
         <name>.int11</name>
         <load_address>0xfff6</load_address>
         <run_address>0xfff6</run_address>
         <size>0x2</size>
         <input_file_ref idref="fl-31"/>
      </object_component>
      <object_component id="oc-4a">
         <name>.int12</name>
         <load_address>0xfff8</load_address>
         <run_address>0xfff8</run_address>
         <size>0x2</size>
         <input_file_ref idref="fl-32"/>
      </object_component>
      <object_component id="oc-4b">
         <name>.int13</name>
         <load_address>0xfffa</load_address>
         <run_address>0xfffa</run_address>
         <size>0x2</size>
         <input_file_ref idref="fl-33"/>
      </object_component>
      <object_component id="oc-4c">
         <name>.int14</name>
         <load_address>0xfffc</load_address>
         <run_address>0xfffc</run_address>
         <size>0x2</size>
         <input_file_ref idref="fl-34"/>
      </object_component>
      <object_component id="oc-b4">
         <name>.reset</name>
         <load_address>0xfffe</load_address>
         <run_address>0xfffe</run_address>
         <size>0x2</size>
         <input_file_ref idref="fl-37"/>
      </object_component>
      <object_component id="oc-23a">
         <name>.debug_info</name>
         <load_address>0x0</load_address>
         <run_address>0x0</run_address>
         <size>0x567</size>
         <input_file_ref idref="fl-2"/>
      </object_component>
      <object_component id="oc-19b">
         <name>.debug_info</name>
         <load_address>0x567</load_address>
         <run_address>0x567</run_address>
         <size>0x200</size>
         <input_file_ref idref="fl-2"/>
      </object_component>
      <object_component id="oc-19e">
         <name>.debug_info</name>
         <load_address>0x767</load_address>
         <run_address>0x767</run_address>
         <size>0x117</size>
         <input_file_ref idref="fl-2"/>
      </object_component>
      <object_component id="oc-1cb">
         <name>.debug_info</name>
         <load_address>0x87e</load_address>
         <run_address>0x87e</run_address>
         <size>0x10d</size>
         <input_file_ref idref="fl-2"/>
      </object_component>
      <object_component id="oc-295">
         <name>.debug_info</name>
         <load_address>0x98b</load_address>
         <run_address>0x98b</run_address>
         <size>0x107</size>
         <input_file_ref idref="fl-2"/>
      </object_component>
      <object_component id="oc-299">
         <name>.debug_info</name>
         <load_address>0xa92</load_address>
         <run_address>0xa92</run_address>
         <size>0x10d</size>
         <input_file_ref idref="fl-2"/>
      </object_component>
      <object_component id="oc-18f">
         <name>.debug_info</name>
         <load_address>0xb9f</load_address>
         <run_address>0xb9f</run_address>
         <size>0x1f8</size>
         <input_file_ref idref="fl-2"/>
      </object_component>
      <object_component id="oc-1da">
         <name>.debug_info</name>
         <load_address>0xd97</load_address>
         <run_address>0xd97</run_address>
         <size>0x16f</size>
         <input_file_ref idref="fl-2"/>
      </object_component>
      <object_component id="oc-1b3">
         <name>.debug_info</name>
         <load_address>0xf06</load_address>
         <run_address>0xf06</run_address>
         <size>0x263</size>
         <input_file_ref idref="fl-2"/>
      </object_component>
      <object_component id="oc-1d4">
         <name>.debug_info</name>
         <load_address>0x1169</load_address>
         <run_address>0x1169</run_address>
         <size>0x211</size>
         <input_file_ref idref="fl-2"/>
      </object_component>
      <object_component id="oc-158">
         <name>.debug_info</name>
         <load_address>0x137a</load_address>
         <run_address>0x137a</run_address>
         <size>0x294</size>
         <input_file_ref idref="fl-2"/>
      </object_component>
      <object_component id="oc-2ea">
         <name>.debug_info</name>
         <load_address>0x160e</load_address>
         <run_address>0x160e</run_address>
         <size>0x26b</size>
         <input_file_ref idref="fl-2"/>
      </object_component>
      <object_component id="oc-ca">
         <name>.debug_info</name>
         <load_address>0x1879</load_address>
         <run_address>0x1879</run_address>
         <size>0x84</size>
         <input_file_ref idref="fl-2"/>
      </object_component>
      <object_component id="oc-385">
         <name>.debug_info</name>
         <load_address>0x18fd</load_address>
         <run_address>0x18fd</run_address>
         <size>0x282</size>
         <input_file_ref idref="fl-2"/>
      </object_component>
      <object_component id="oc-2e6">
         <name>.debug_info</name>
         <load_address>0x1b7f</load_address>
         <run_address>0x1b7f</run_address>
         <size>0x26a</size>
         <input_file_ref idref="fl-3"/>
      </object_component>
      <object_component id="oc-1c5">
         <name>.debug_info</name>
         <load_address>0x1de9</load_address>
         <run_address>0x1de9</run_address>
         <size>0x159</size>
         <input_file_ref idref="fl-3"/>
      </object_component>
      <object_component id="oc-2d7">
         <name>.debug_info</name>
         <load_address>0x1f42</load_address>
         <run_address>0x1f42</run_address>
         <size>0x14a</size>
         <input_file_ref idref="fl-3"/>
      </object_component>
      <object_component id="oc-221">
         <name>.debug_info</name>
         <load_address>0x208c</load_address>
         <run_address>0x208c</run_address>
         <size>0x17f</size>
         <input_file_ref idref="fl-3"/>
      </object_component>
      <object_component id="oc-227">
         <name>.debug_info</name>
         <load_address>0x220b</load_address>
         <run_address>0x220b</run_address>
         <size>0x159</size>
         <input_file_ref idref="fl-3"/>
      </object_component>
      <object_component id="oc-2e0">
         <name>.debug_info</name>
         <load_address>0x2364</load_address>
         <run_address>0x2364</run_address>
         <size>0x204</size>
         <input_file_ref idref="fl-3"/>
      </object_component>
      <object_component id="oc-267">
         <name>.debug_info</name>
         <load_address>0x2568</load_address>
         <run_address>0x2568</run_address>
         <size>0x206</size>
         <input_file_ref idref="fl-3"/>
      </object_component>
      <object_component id="oc-234">
         <name>.debug_info</name>
         <load_address>0x276e</load_address>
         <run_address>0x276e</run_address>
         <size>0x185</size>
         <input_file_ref idref="fl-3"/>
      </object_component>
      <object_component id="oc-26e">
         <name>.debug_info</name>
         <load_address>0x28f3</load_address>
         <run_address>0x28f3</run_address>
         <size>0x173</size>
         <input_file_ref idref="fl-3"/>
      </object_component>
      <object_component id="oc-188">
         <name>.debug_info</name>
         <load_address>0x2a66</load_address>
         <run_address>0x2a66</run_address>
         <size>0x30d</size>
         <input_file_ref idref="fl-3"/>
      </object_component>
      <object_component id="oc-22e">
         <name>.debug_info</name>
         <load_address>0x2d73</load_address>
         <run_address>0x2d73</run_address>
         <size>0x1e1</size>
         <input_file_ref idref="fl-3"/>
      </object_component>
      <object_component id="oc-1a7">
         <name>.debug_info</name>
         <load_address>0x2f54</load_address>
         <run_address>0x2f54</run_address>
         <size>0x1ea</size>
         <input_file_ref idref="fl-3"/>
      </object_component>
      <object_component id="oc-1ad">
         <name>.debug_info</name>
         <load_address>0x313e</load_address>
         <run_address>0x313e</run_address>
         <size>0x19b</size>
         <input_file_ref idref="fl-3"/>
      </object_component>
      <object_component id="oc-1b9">
         <name>.debug_info</name>
         <load_address>0x32d9</load_address>
         <run_address>0x32d9</run_address>
         <size>0x195</size>
         <input_file_ref idref="fl-3"/>
      </object_component>
      <object_component id="oc-285">
         <name>.debug_info</name>
         <load_address>0x346e</load_address>
         <run_address>0x346e</run_address>
         <size>0x2ba</size>
         <input_file_ref idref="fl-4"/>
      </object_component>
      <object_component id="oc-27c">
         <name>.debug_info</name>
         <load_address>0x3728</load_address>
         <run_address>0x3728</run_address>
         <size>0x10b</size>
         <input_file_ref idref="fl-4"/>
      </object_component>
      <object_component id="oc-1ce">
         <name>.debug_info</name>
         <load_address>0x3833</load_address>
         <run_address>0x3833</run_address>
         <size>0x181</size>
         <input_file_ref idref="fl-4"/>
      </object_component>
      <object_component id="oc-1bf">
         <name>.debug_info</name>
         <load_address>0x39b4</load_address>
         <run_address>0x39b4</run_address>
         <size>0x184</size>
         <input_file_ref idref="fl-4"/>
      </object_component>
      <object_component id="oc-263">
         <name>.debug_info</name>
         <load_address>0x3b38</load_address>
         <run_address>0x3b38</run_address>
         <size>0x274</size>
         <input_file_ref idref="fl-5"/>
      </object_component>
      <object_component id="oc-254">
         <name>.debug_info</name>
         <load_address>0x3dac</load_address>
         <run_address>0x3dac</run_address>
         <size>0x121</size>
         <input_file_ref idref="fl-5"/>
      </object_component>
      <object_component id="oc-304">
         <name>.debug_info</name>
         <load_address>0x3ecd</load_address>
         <run_address>0x3ecd</run_address>
         <size>0x115</size>
         <input_file_ref idref="fl-5"/>
      </object_component>
      <object_component id="oc-34e">
         <name>.debug_info</name>
         <load_address>0x3fe2</load_address>
         <run_address>0x3fe2</run_address>
         <size>0x15d</size>
         <input_file_ref idref="fl-5"/>
      </object_component>
      <object_component id="oc-250">
         <name>.debug_info</name>
         <load_address>0x413f</load_address>
         <run_address>0x413f</run_address>
         <size>0x16c</size>
         <input_file_ref idref="fl-5"/>
      </object_component>
      <object_component id="oc-24a">
         <name>.debug_info</name>
         <load_address>0x42ab</load_address>
         <run_address>0x42ab</run_address>
         <size>0x19f</size>
         <input_file_ref idref="fl-5"/>
      </object_component>
      <object_component id="oc-349">
         <name>.debug_info</name>
         <load_address>0x444a</load_address>
         <run_address>0x444a</run_address>
         <size>0x1b4</size>
         <input_file_ref idref="fl-5"/>
      </object_component>
      <object_component id="oc-29f">
         <name>.debug_info</name>
         <load_address>0x45fe</load_address>
         <run_address>0x45fe</run_address>
         <size>0x24a</size>
         <input_file_ref idref="fl-5"/>
      </object_component>
      <object_component id="oc-1a3">
         <name>.debug_info</name>
         <load_address>0x4848</load_address>
         <run_address>0x4848</run_address>
         <size>0x20f</size>
         <input_file_ref idref="fl-5"/>
      </object_component>
      <object_component id="oc-197">
         <name>.debug_info</name>
         <load_address>0x4a57</load_address>
         <run_address>0x4a57</run_address>
         <size>0x158</size>
         <input_file_ref idref="fl-5"/>
      </object_component>
      <object_component id="oc-339">
         <name>.debug_info</name>
         <load_address>0x4baf</load_address>
         <run_address>0x4baf</run_address>
         <size>0x3f6</size>
         <input_file_ref idref="fl-6"/>
      </object_component>
      <object_component id="oc-336">
         <name>.debug_info</name>
         <load_address>0x4fa5</load_address>
         <run_address>0x4fa5</run_address>
         <size>0x136</size>
         <input_file_ref idref="fl-6"/>
      </object_component>
      <object_component id="oc-281">
         <name>.debug_info</name>
         <load_address>0x50db</load_address>
         <run_address>0x50db</run_address>
         <size>0x1ca</size>
         <input_file_ref idref="fl-6"/>
      </object_component>
      <object_component id="oc-28d">
         <name>.debug_info</name>
         <load_address>0x52a5</load_address>
         <run_address>0x52a5</run_address>
         <size>0x193</size>
         <input_file_ref idref="fl-6"/>
      </object_component>
      <object_component id="oc-321">
         <name>.debug_info</name>
         <load_address>0x5438</load_address>
         <run_address>0x5438</run_address>
         <size>0x14a</size>
         <input_file_ref idref="fl-6"/>
      </object_component>
      <object_component id="oc-277">
         <name>.debug_info</name>
         <load_address>0x5582</load_address>
         <run_address>0x5582</run_address>
         <size>0x186</size>
         <input_file_ref idref="fl-6"/>
      </object_component>
      <object_component id="oc-32d">
         <name>.debug_info</name>
         <load_address>0x5708</load_address>
         <run_address>0x5708</run_address>
         <size>0x156</size>
         <input_file_ref idref="fl-6"/>
      </object_component>
      <object_component id="oc-327">
         <name>.debug_info</name>
         <load_address>0x585e</load_address>
         <run_address>0x585e</run_address>
         <size>0x141</size>
         <input_file_ref idref="fl-6"/>
      </object_component>
      <object_component id="oc-144">
         <name>.debug_info</name>
         <load_address>0x599f</load_address>
         <run_address>0x599f</run_address>
         <size>0x1a3</size>
         <input_file_ref idref="fl-7"/>
      </object_component>
      <object_component id="oc-2fd">
         <name>.debug_info</name>
         <load_address>0x5b42</load_address>
         <run_address>0x5b42</run_address>
         <size>0x1c2</size>
         <input_file_ref idref="fl-7"/>
      </object_component>
      <object_component id="oc-e5">
         <name>.debug_info</name>
         <load_address>0x5d04</load_address>
         <run_address>0x5d04</run_address>
         <size>0x166</size>
         <input_file_ref idref="fl-7"/>
      </object_component>
      <object_component id="oc-e8">
         <name>.debug_info</name>
         <load_address>0x5e6a</load_address>
         <run_address>0x5e6a</run_address>
         <size>0x166</size>
         <input_file_ref idref="fl-7"/>
      </object_component>
      <object_component id="oc-30d">
         <name>.debug_info</name>
         <load_address>0x5fd0</load_address>
         <run_address>0x5fd0</run_address>
         <size>0x314</size>
         <input_file_ref idref="fl-8"/>
      </object_component>
      <object_component id="oc-30a">
         <name>.debug_info</name>
         <load_address>0x62e4</load_address>
         <run_address>0x62e4</run_address>
         <size>0x1a2</size>
         <input_file_ref idref="fl-8"/>
      </object_component>
      <object_component id="oc-313">
         <name>.debug_info</name>
         <load_address>0x6486</load_address>
         <run_address>0x6486</run_address>
         <size>0x143</size>
         <input_file_ref idref="fl-8"/>
      </object_component>
      <object_component id="oc-259">
         <name>.debug_info</name>
         <load_address>0x65c9</load_address>
         <run_address>0x65c9</run_address>
         <size>0x18f</size>
         <input_file_ref idref="fl-8"/>
      </object_component>
      <object_component id="oc-260">
         <name>.debug_info</name>
         <load_address>0x6758</load_address>
         <run_address>0x6758</run_address>
         <size>0x18d</size>
         <input_file_ref idref="fl-8"/>
      </object_component>
      <object_component id="oc-23d">
         <name>.debug_info</name>
         <load_address>0x68e5</load_address>
         <run_address>0x68e5</run_address>
         <size>0x155</size>
         <input_file_ref idref="fl-8"/>
      </object_component>
      <object_component id="oc-2f7">
         <name>.debug_info</name>
         <load_address>0x6a3a</load_address>
         <run_address>0x6a3a</run_address>
         <size>0x141</size>
         <input_file_ref idref="fl-8"/>
      </object_component>
      <object_component id="oc-2f0">
         <name>.debug_info</name>
         <load_address>0x6b7b</load_address>
         <run_address>0x6b7b</run_address>
         <size>0x141</size>
         <input_file_ref idref="fl-8"/>
      </object_component>
      <object_component id="oc-185">
         <name>.debug_info</name>
         <load_address>0x6cbc</load_address>
         <run_address>0x6cbc</run_address>
         <size>0x158</size>
         <input_file_ref idref="fl-9"/>
      </object_component>
      <object_component id="oc-31c">
         <name>.debug_info</name>
         <load_address>0x6e14</load_address>
         <run_address>0x6e14</run_address>
         <size>0x120</size>
         <input_file_ref idref="fl-26"/>
      </object_component>
      <object_component id="oc-c1">
         <name>.debug_info</name>
         <load_address>0x6f34</load_address>
         <run_address>0x6f34</run_address>
         <size>0x12e</size>
         <input_file_ref idref="fl-29"/>
      </object_component>
      <object_component id="oc-de">
         <name>.debug_info</name>
         <load_address>0x7062</load_address>
         <run_address>0x7062</run_address>
         <size>0x10f</size>
         <input_file_ref idref="fl-35"/>
      </object_component>
      <object_component id="oc-b2">
         <name>.debug_info</name>
         <load_address>0x7171</load_address>
         <run_address>0x7171</run_address>
         <size>0x100</size>
         <input_file_ref idref="fl-37"/>
      </object_component>
      <object_component id="oc-102">
         <name>.debug_info</name>
         <load_address>0x7271</load_address>
         <run_address>0x7271</run_address>
         <size>0x17a</size>
         <input_file_ref idref="fl-37"/>
      </object_component>
      <object_component id="oc-2bc">
         <name>.debug_info</name>
         <load_address>0x73eb</load_address>
         <run_address>0x73eb</run_address>
         <size>0x3de</size>
         <input_file_ref idref="fl-38"/>
      </object_component>
      <object_component id="oc-1ed">
         <name>.debug_info</name>
         <load_address>0x77c9</load_address>
         <run_address>0x77c9</run_address>
         <size>0x1e0</size>
         <input_file_ref idref="fl-38"/>
      </object_component>
      <object_component id="oc-36b">
         <name>.debug_info</name>
         <load_address>0x79a9</load_address>
         <run_address>0x79a9</run_address>
         <size>0x39</size>
         <input_file_ref idref="fl-38"/>
      </object_component>
      <object_component id="oc-37c">
         <name>.debug_info</name>
         <load_address>0x79e2</load_address>
         <run_address>0x79e2</run_address>
         <size>0x2c</size>
         <input_file_ref idref="fl-38"/>
      </object_component>
      <object_component id="oc-2c7">
         <name>.debug_info</name>
         <load_address>0x7a0e</load_address>
         <run_address>0x7a0e</run_address>
         <size>0x2c</size>
         <input_file_ref idref="fl-38"/>
      </object_component>
      <object_component id="oc-370">
         <name>.debug_info</name>
         <load_address>0x7a3a</load_address>
         <run_address>0x7a3a</run_address>
         <size>0xcd</size>
         <input_file_ref idref="fl-38"/>
      </object_component>
      <object_component id="oc-14f">
         <name>.debug_info</name>
         <load_address>0x7b07</load_address>
         <run_address>0x7b07</run_address>
         <size>0x175</size>
         <input_file_ref idref="fl-39"/>
      </object_component>
      <object_component id="oc-f0">
         <name>.debug_info</name>
         <load_address>0x7c7c</load_address>
         <run_address>0x7c7c</run_address>
         <size>0x1d2</size>
         <input_file_ref idref="fl-39"/>
      </object_component>
      <object_component id="oc-14a">
         <name>.debug_info</name>
         <load_address>0x7e4e</load_address>
         <run_address>0x7e4e</run_address>
         <size>0x46</size>
         <input_file_ref idref="fl-39"/>
      </object_component>
      <object_component id="oc-136">
         <name>.debug_info</name>
         <load_address>0x7e94</load_address>
         <run_address>0x7e94</run_address>
         <size>0x2c</size>
         <input_file_ref idref="fl-39"/>
      </object_component>
      <object_component id="oc-154">
         <name>.debug_info</name>
         <load_address>0x7ec0</load_address>
         <run_address>0x7ec0</run_address>
         <size>0x153</size>
         <input_file_ref idref="fl-3c"/>
      </object_component>
      <object_component id="oc-2b6">
         <name>.debug_info</name>
         <load_address>0x8013</load_address>
         <run_address>0x8013</run_address>
         <size>0x150</size>
         <input_file_ref idref="fl-3d"/>
      </object_component>
      <object_component id="oc-db">
         <name>.debug_info</name>
         <load_address>0x8163</load_address>
         <run_address>0x8163</run_address>
         <size>0x180</size>
         <input_file_ref idref="fl-3e"/>
      </object_component>
      <object_component id="oc-3d">
         <name>.debug_info</name>
         <load_address>0x82e3</load_address>
         <run_address>0x82e3</run_address>
         <size>0x1ea</size>
         <input_file_ref idref="fl-3e"/>
      </object_component>
      <object_component id="oc-d6">
         <name>.debug_info</name>
         <load_address>0x84cd</load_address>
         <run_address>0x84cd</run_address>
         <size>0x46</size>
         <input_file_ref idref="fl-3e"/>
      </object_component>
      <object_component id="oc-13b">
         <name>.debug_info</name>
         <load_address>0x8513</load_address>
         <run_address>0x8513</run_address>
         <size>0x2c</size>
         <input_file_ref idref="fl-3e"/>
      </object_component>
      <object_component id="oc-133">
         <name>.debug_info</name>
         <load_address>0x853f</load_address>
         <run_address>0x853f</run_address>
         <size>0x176</size>
         <input_file_ref idref="fl-3f"/>
      </object_component>
      <object_component id="oc-36">
         <name>.debug_info</name>
         <load_address>0x86b5</load_address>
         <run_address>0x86b5</run_address>
         <size>0x292</size>
         <input_file_ref idref="fl-3f"/>
      </object_component>
      <object_component id="oc-c5">
         <name>.debug_info</name>
         <load_address>0x8947</load_address>
         <run_address>0x8947</run_address>
         <size>0x60</size>
         <input_file_ref idref="fl-3f"/>
      </object_component>
      <object_component id="oc-173">
         <name>.debug_info</name>
         <load_address>0x89a7</load_address>
         <run_address>0x89a7</run_address>
         <size>0x46</size>
         <input_file_ref idref="fl-3f"/>
      </object_component>
      <object_component id="oc-12e">
         <name>.debug_info</name>
         <load_address>0x89ed</load_address>
         <run_address>0x89ed</run_address>
         <size>0x39</size>
         <input_file_ref idref="fl-3f"/>
      </object_component>
      <object_component id="oc-1e1">
         <name>.debug_info</name>
         <load_address>0x8a26</load_address>
         <run_address>0x8a26</run_address>
         <size>0x122</size>
         <input_file_ref idref="fl-40"/>
      </object_component>
      <object_component id="oc-135">
         <name>.debug_info</name>
         <load_address>0x8b48</load_address>
         <run_address>0x8b48</run_address>
         <size>0x181</size>
         <input_file_ref idref="fl-43"/>
      </object_component>
      <object_component id="oc-d2">
         <name>.debug_info</name>
         <load_address>0x8cc9</load_address>
         <run_address>0x8cc9</run_address>
         <size>0x17a</size>
         <input_file_ref idref="fl-43"/>
      </object_component>
      <object_component id="oc-b7">
         <name>.debug_info</name>
         <load_address>0x8e43</load_address>
         <run_address>0x8e43</run_address>
         <size>0x120</size>
         <input_file_ref idref="fl-46"/>
      </object_component>
      <object_component id="oc-bc">
         <name>.debug_info</name>
         <load_address>0x8f63</load_address>
         <run_address>0x8f63</run_address>
         <size>0x120</size>
         <input_file_ref idref="fl-47"/>
      </object_component>
      <object_component id="oc-3ef">
         <name>.debug_info</name>
         <load_address>0x9083</load_address>
         <run_address>0x9083</run_address>
         <size>0xd8</size>
      </object_component>
      <object_component id="oc-2e9">
         <name>.debug_line</name>
         <load_address>0x0</load_address>
         <run_address>0x0</run_address>
         <size>0xa1</size>
         <input_file_ref idref="fl-2"/>
      </object_component>
      <object_component id="oc-244">
         <name>.debug_line</name>
         <load_address>0xa1</load_address>
         <run_address>0xa1</run_address>
         <size>0x2d</size>
         <input_file_ref idref="fl-2"/>
      </object_component>
      <object_component id="oc-246">
         <name>.debug_line</name>
         <load_address>0xce</load_address>
         <run_address>0xce</run_address>
         <size>0x2d</size>
         <input_file_ref idref="fl-2"/>
      </object_component>
      <object_component id="oc-289">
         <name>.debug_line</name>
         <load_address>0xfb</load_address>
         <run_address>0xfb</run_address>
         <size>0x2d</size>
         <input_file_ref idref="fl-2"/>
      </object_component>
      <object_component id="oc-344">
         <name>.debug_line</name>
         <load_address>0x128</load_address>
         <run_address>0x128</run_address>
         <size>0x2d</size>
         <input_file_ref idref="fl-2"/>
      </object_component>
      <object_component id="oc-346">
         <name>.debug_line</name>
         <load_address>0x155</load_address>
         <run_address>0x155</run_address>
         <size>0x2d</size>
         <input_file_ref idref="fl-2"/>
      </object_component>
      <object_component id="oc-193">
         <name>.debug_line</name>
         <load_address>0x182</load_address>
         <run_address>0x182</run_address>
         <size>0x4c</size>
         <input_file_ref idref="fl-2"/>
      </object_component>
      <object_component id="oc-1dd">
         <name>.debug_line</name>
         <load_address>0x1ce</load_address>
         <run_address>0x1ce</run_address>
         <size>0x45</size>
         <input_file_ref idref="fl-2"/>
      </object_component>
      <object_component id="oc-1b6">
         <name>.debug_line</name>
         <load_address>0x213</load_address>
         <run_address>0x213</run_address>
         <size>0x70</size>
         <input_file_ref idref="fl-2"/>
      </object_component>
      <object_component id="oc-1d8">
         <name>.debug_line</name>
         <load_address>0x283</load_address>
         <run_address>0x283</run_address>
         <size>0x88</size>
         <input_file_ref idref="fl-2"/>
      </object_component>
      <object_component id="oc-15c">
         <name>.debug_line</name>
         <load_address>0x30b</load_address>
         <run_address>0x30b</run_address>
         <size>0x61</size>
         <input_file_ref idref="fl-2"/>
      </object_component>
      <object_component id="oc-2ed">
         <name>.debug_line</name>
         <load_address>0x36c</load_address>
         <run_address>0x36c</run_address>
         <size>0x72</size>
         <input_file_ref idref="fl-2"/>
      </object_component>
      <object_component id="oc-cd">
         <name>.debug_line</name>
         <load_address>0x3de</load_address>
         <run_address>0x3de</run_address>
         <size>0x20</size>
         <input_file_ref idref="fl-2"/>
      </object_component>
      <object_component id="oc-388">
         <name>.debug_line</name>
         <load_address>0x3fe</load_address>
         <run_address>0x3fe</run_address>
         <size>0x76</size>
         <input_file_ref idref="fl-2"/>
      </object_component>
      <object_component id="oc-384">
         <name>.debug_line</name>
         <load_address>0x474</load_address>
         <run_address>0x474</run_address>
         <size>0xbb</size>
         <input_file_ref idref="fl-3"/>
      </object_component>
      <object_component id="oc-1c8">
         <name>.debug_line</name>
         <load_address>0x52f</load_address>
         <run_address>0x52f</run_address>
         <size>0x4a</size>
         <input_file_ref idref="fl-3"/>
      </object_component>
      <object_component id="oc-2db">
         <name>.debug_line</name>
         <load_address>0x579</load_address>
         <run_address>0x579</run_address>
         <size>0x48</size>
         <input_file_ref idref="fl-3"/>
      </object_component>
      <object_component id="oc-224">
         <name>.debug_line</name>
         <load_address>0x5c1</load_address>
         <run_address>0x5c1</run_address>
         <size>0x4a</size>
         <input_file_ref idref="fl-3"/>
      </object_component>
      <object_component id="oc-22b">
         <name>.debug_line</name>
         <load_address>0x60b</load_address>
         <run_address>0x60b</run_address>
         <size>0x4a</size>
         <input_file_ref idref="fl-3"/>
      </object_component>
      <object_component id="oc-2e3">
         <name>.debug_line</name>
         <load_address>0x655</load_address>
         <run_address>0x655</run_address>
         <size>0x57</size>
         <input_file_ref idref="fl-3"/>
      </object_component>
      <object_component id="oc-26b">
         <name>.debug_line</name>
         <load_address>0x6ac</load_address>
         <run_address>0x6ac</run_address>
         <size>0x55</size>
         <input_file_ref idref="fl-3"/>
      </object_component>
      <object_component id="oc-238">
         <name>.debug_line</name>
         <load_address>0x701</load_address>
         <run_address>0x701</run_address>
         <size>0x4e</size>
         <input_file_ref idref="fl-3"/>
      </object_component>
      <object_component id="oc-271">
         <name>.debug_line</name>
         <load_address>0x74f</load_address>
         <run_address>0x74f</run_address>
         <size>0x47</size>
         <input_file_ref idref="fl-3"/>
      </object_component>
      <object_component id="oc-18b">
         <name>.debug_line</name>
         <load_address>0x796</load_address>
         <run_address>0x796</run_address>
         <size>0x65</size>
         <input_file_ref idref="fl-3"/>
      </object_component>
      <object_component id="oc-231">
         <name>.debug_line</name>
         <load_address>0x7fb</load_address>
         <run_address>0x7fb</run_address>
         <size>0x51</size>
         <input_file_ref idref="fl-3"/>
      </object_component>
      <object_component id="oc-1aa">
         <name>.debug_line</name>
         <load_address>0x84c</load_address>
         <run_address>0x84c</run_address>
         <size>0x51</size>
         <input_file_ref idref="fl-3"/>
      </object_component>
      <object_component id="oc-1b0">
         <name>.debug_line</name>
         <load_address>0x89d</load_address>
         <run_address>0x89d</run_address>
         <size>0x4c</size>
         <input_file_ref idref="fl-3"/>
      </object_component>
      <object_component id="oc-1bd">
         <name>.debug_line</name>
         <load_address>0x8e9</load_address>
         <run_address>0x8e9</run_address>
         <size>0x4b</size>
         <input_file_ref idref="fl-3"/>
      </object_component>
      <object_component id="oc-33f">
         <name>.debug_line</name>
         <load_address>0x934</load_address>
         <run_address>0x934</run_address>
         <size>0x49</size>
         <input_file_ref idref="fl-4"/>
      </object_component>
      <object_component id="oc-334">
         <name>.debug_line</name>
         <load_address>0x97d</load_address>
         <run_address>0x97d</run_address>
         <size>0x32</size>
         <input_file_ref idref="fl-4"/>
      </object_component>
      <object_component id="oc-1d2">
         <name>.debug_line</name>
         <load_address>0x9af</load_address>
         <run_address>0x9af</run_address>
         <size>0x46</size>
         <input_file_ref idref="fl-4"/>
      </object_component>
      <object_component id="oc-1c3">
         <name>.debug_line</name>
         <load_address>0x9f5</load_address>
         <run_address>0x9f5</run_address>
         <size>0x4b</size>
         <input_file_ref idref="fl-4"/>
      </object_component>
      <object_component id="oc-318">
         <name>.debug_line</name>
         <load_address>0xa40</load_address>
         <run_address>0xa40</run_address>
         <size>0x83</size>
         <input_file_ref idref="fl-5"/>
      </object_component>
      <object_component id="oc-308">
         <name>.debug_line</name>
         <load_address>0xac3</load_address>
         <run_address>0xac3</run_address>
         <size>0x33</size>
         <input_file_ref idref="fl-5"/>
      </object_component>
      <object_component id="oc-38e">
         <name>.debug_line</name>
         <load_address>0xaf6</load_address>
         <run_address>0xaf6</run_address>
         <size>0x33</size>
         <input_file_ref idref="fl-5"/>
      </object_component>
      <object_component id="oc-352">
         <name>.debug_line</name>
         <load_address>0xb29</load_address>
         <run_address>0xb29</run_address>
         <size>0x49</size>
[...]
         <value>0xc6c2</value>
         <object_component_ref idref="oc-1a6"/>
      </symbol>
      <symbol id="sm-199">
         <name>lcd_putChar</name>
         <value>0xcc60</value>
         <object_component_ref idref="oc-26d"/>
      </symbol>
      <symbol id="sm-19a">
         <name>delay_ms</name>
         <value>0xcb86</value>
         <object_component_ref idref="oc-1c4"/>
      </symbol>
      <symbol id="sm-19b">
         <name>lcd_init</name>
         <value>0xc166</value>
         <object_component_ref idref="oc-187"/>
      </symbol>
      <symbol id="sm-19c">
         <name>enable</name>
         <value>0xcbec</value>
         <object_component_ref idref="oc-2d6"/>
      </symbol>
      <symbol id="sm-19d">
         <name>send_nibble</name>
         <value>0xcb58</value>
         <object_component_ref idref="oc-220"/>
      </symbol>
      <symbol id="sm-1b7">
         <name>adac_init</name>
         <value>0xcaae</value>
         <object_component_ref idref="oc-1be"/>
      </symbol>
      <symbol id="sm-1b8">
         <name>adac_read</name>
         <value>0xcc32</value>
         <object_component_ref idref="oc-1cd"/>
      </symbol>
      <symbol id="sm-1fc">
         <name>write_enable</name>
         <value>0xcaea</value>
         <object_component_ref idref="oc-34d"/>
      </symbol>
      <symbol id="sm-1fd">
         <name>flashInstructData</name>
         <value>0x258</value>
         <object_component_ref idref="oc-253"/>
      </symbol>
      <symbol id="sm-1fe">
         <name>flash_busy</name>
         <value>0xc966</value>
         <object_component_ref idref="oc-24d"/>
      </symbol>
      <symbol id="sm-1ff">
         <name>flash_read</name>
         <value>0xc810</value>
         <object_component_ref idref="oc-1a0"/>
      </symbol>
      <symbol id="sm-200">
         <name>flash_write</name>
         <value>0xc4f4</value>
         <object_component_ref idref="oc-29c"/>
      </symbol>
      <symbol id="sm-201">
         <name>erase_section</name>
         <value>0xc934</value>
         <object_component_ref idref="oc-347"/>
      </symbol>
      <symbol id="sm-202">
         <name>flashRXData</name>
         <value>0x25e</value>
         <object_component_ref idref="oc-303"/>
      </symbol>
      <symbol id="sm-203">
         <name>add_to_buffer</name>
         <value>0xcb70</value>
         <object_component_ref idref="oc-247"/>
      </symbol>
      <symbol id="sm-204">
         <name>flash_init</name>
         <value>0xcbfe</value>
         <object_component_ref idref="oc-194"/>
      </symbol>
      <symbol id="sm-24a">
         <name>counter</name>
         <value>0x26c</value>
      </symbol>
      <symbol id="sm-24b">
         <name>free_bus</name>
         <value>0xc88c</value>
         <object_component_ref idref="oc-320"/>
      </symbol>
      <symbol id="sm-24c">
         <name>i2c_TXISR</name>
         <value>0xc420</value>
         <object_component_ref idref="oc-32c"/>
      </symbol>
      <symbol id="sm-24d">
         <name>i2c_RXISR</name>
         <value>0xcbc6</value>
         <object_component_ref idref="oc-326"/>
      </symbol>
      <symbol id="sm-24e">
         <name>transferFinished</name>
         <value>0x25c</value>
         <object_component_ref idref="oc-335"/>
      </symbol>
      <symbol id="sm-24f">
         <name>i2c_read</name>
         <value>0xc59a</value>
         <object_component_ref idref="oc-28a"/>
      </symbol>
      <symbol id="sm-250">
         <name>nack</name>
         <value>0x25d</value>
         <object_component_ref idref="oc-335"/>
      </symbol>
      <symbol id="sm-251">
         <name>i2c_init</name>
         <value>0xc48a</value>
         <object_component_ref idref="oc-275"/>
      </symbol>
      <symbol id="sm-252">
         <name>i2c_write</name>
         <value>0xc78c</value>
         <object_component_ref idref="oc-27e"/>
      </symbol>
      <symbol id="sm-26f">
         <name>forRX</name>
         <value>0x26e</value>
      </symbol>
      <symbol id="sm-270">
         <name>forTX</name>
         <value>0x270</value>
      </symbol>
      <symbol id="sm-271">
         <name>__TI_int06</name>
         <value>0xffec</value>
         <object_component_ref idref="oc-44"/>
      </symbol>
      <symbol id="sm-272">
         <name>__TI_int07</name>
         <value>0xffee</value>
         <object_component_ref idref="oc-45"/>
      </symbol>
      <symbol id="sm-273">
         <name>interrupts_mode</name>
         <value>0xcc40</value>
         <object_component_ref idref="oc-2fb"/>
      </symbol>
      <symbol id="sm-274">
         <name>USCIAB0RX_ISR</name>
         <value>0xcb24</value>
         <object_component_ref idref="oc-e7"/>
      </symbol>
      <symbol id="sm-275">
         <name>USCIAB0TX_ISR</name>
         <value>0xcb3e</value>
         <object_component_ref idref="oc-e1"/>
      </symbol>
      <symbol id="sm-2b1">
         <name>SPIdata</name>
         <value>0x266</value>
      </symbol>
      <symbol id="sm-2b2">
         <name>SPIbufferPosition</name>
         <value>0x24e</value>
         <object_component_ref idref="oc-309"/>
      </symbol>
      <symbol id="sm-2b3">
         <name>spi_init</name>
         <value>0xc67a</value>
         <object_component_ref idref="oc-23c"/>
      </symbol>
      <symbol id="sm-2b4">
         <name>spi_TXISR</name>
         <value>0xc8c8</value>
         <object_component_ref idref="oc-2f5"/>
      </symbol>
      <symbol id="sm-2b5">
         <name>SPIbyteCounter</name>
         <value>0x24d</value>
         <object_component_ref idref="oc-309"/>
      </symbol>
      <symbol id="sm-2b6">
         <name>SPItransferFinished</name>
         <value>0x24c</value>
         <object_component_ref idref="oc-309"/>
      </symbol>
      <symbol id="sm-2b7">
         <name>spi_RXISR</name>
         <value>0xc84e</value>
         <object_component_ref idref="oc-2ef"/>
      </symbol>
      <symbol id="sm-2b8">
         <name>spi_busy</name>
         <value>0xcc52</value>
         <object_component_ref idref="oc-30f"/>
      </symbol>
      <symbol id="sm-2b9">
         <name>spi_read</name>
         <value>0xc994</value>
         <object_component_ref idref="oc-25c"/>
      </symbol>
      <symbol id="sm-2ba">
         <name>spi_write</name>
         <value>0xc8fe</value>
         <object_component_ref idref="oc-256"/>
      </symbol>
      <symbol id="sm-2bb">
         <name>receive</name>
         <value>0x250</value>
         <object_component_ref idref="oc-309"/>
      </symbol>
      <symbol id="sm-2c6">
         <name>initMSP</name>
         <value>0xca42</value>
         <object_component_ref idref="oc-181"/>
      </symbol>
      <symbol id="sm-2d0">
         <name>__mspabi_srai</name>
         <value>0xc9c2</value>
         <object_component_ref idref="oc-319"/>
      </symbol>
      <symbol id="sm-2d1">
         <name>__mspabi_srai_8</name>
         <value>0xc9dc</value>
         <object_component_ref idref="oc-319"/>
      </symbol>
      <symbol id="sm-2d2">
         <name>__mspabi_srai_9</name>
         <value>0xc9da</value>
         <object_component_ref idref="oc-319"/>
      </symbol>
      <symbol id="sm-2d3">
         <name>__mspabi_srai_6</name>
         <value>0xc9e0</value>
         <object_component_ref idref="oc-319"/>
      </symbol>
      <symbol id="sm-2d4">
         <name>__mspabi_srai_7</name>
         <value>0xc9de</value>
         <object_component_ref idref="oc-319"/>
      </symbol>
      <symbol id="sm-2d5">
         <name>__mspabi_srai_4</name>
         <value>0xc9e4</value>
         <object_component_ref idref="oc-319"/>
      </symbol>
      <symbol id="sm-2d6">
         <name>__mspabi_srai_5</name>
         <value>0xc9e2</value>
         <object_component_ref idref="oc-319"/>
      </symbol>
      <symbol id="sm-2d7">
         <name>__mspabi_srai_2</name>
         <value>0xc9e8</value>
         <object_component_ref idref="oc-319"/>
      </symbol>
      <symbol id="sm-2d8">
         <name>__mspabi_srai_3</name>
         <value>0xc9e6</value>
         <object_component_ref idref="oc-319"/>
      </symbol>
      <symbol id="sm-2d9">
         <name>__mspabi_srai_1</name>
         <value>0xc9ea</value>
         <object_component_ref idref="oc-319"/>
      </symbol>
      <symbol id="sm-2da">
         <name>__mspabi_srai_15</name>
         <value>0xc9ce</value>
         <object_component_ref idref="oc-319"/>
      </symbol>
      <symbol id="sm-2db">
         <name>__mspabi_srai_14</name>
         <value>0xc9d0</value>
         <object_component_ref idref="oc-319"/>
      </symbol>
      <symbol id="sm-2dc">
         <name>__mspabi_srai_13</name>
         <value>0xc9d2</value>
         <object_component_ref idref="oc-319"/>
      </symbol>
      <symbol id="sm-2dd">
         <name>__mspabi_srai_12</name>
         <value>0xc9d4</value>
         <object_component_ref idref="oc-319"/>
      </symbol>
      <symbol id="sm-2de">
         <name>__mspabi_srai_11</name>
         <value>0xc9d6</value>
         <object_component_ref idref="oc-319"/>
      </symbol>
      <symbol id="sm-2df">
         <name>__mspabi_srai_10</name>
         <value>0xc9d8</value>
         <object_component_ref idref="oc-319"/>
      </symbol>
      <symbol id="sm-2ea">
         <name>__mspabi_func_epilog_2</name>
         <value>0xcc2c</value>
         <object_component_ref idref="oc-bf"/>
      </symbol>
      <symbol id="sm-2eb">
         <name>__mspabi_func_epilog_3</name>
         <value>0xcc2a</value>
         <object_component_ref idref="oc-bf"/>
      </symbol>
      <symbol id="sm-2ec">
         <name>__mspabi_func_epilog_1</name>
         <value>0xcc2e</value>
         <object_component_ref idref="oc-bf"/>
      </symbol>
      <symbol id="sm-2ed">
         <name>__mspabi_func_epilog_6</name>
         <value>0xcc24</value>
         <object_component_ref idref="oc-bf"/>
      </symbol>
      <symbol id="sm-2ee">
         <name>__mspabi_func_epilog_7</name>
         <value>0xcc22</value>
         <object_component_ref idref="oc-bf"/>
      </symbol>
      <symbol id="sm-2ef">
         <name>__mspabi_func_epilog_4</name>
         <value>0xcc28</value>
         <object_component_ref idref="oc-bf"/>
      </symbol>
      <symbol id="sm-2f0">
         <name>__mspabi_func_epilog_5</name>
         <value>0xcc26</value>
         <object_component_ref idref="oc-bf"/>
      </symbol>
      <symbol id="sm-2f3">
         <name>__TI_int00</name>
         <value>0xffe0</value>
         <object_component_ref idref="oc-40"/>
      </symbol>
      <symbol id="sm-2f6">
         <name>__TI_int02</name>
         <value>0xffe4</value>
         <object_component_ref idref="oc-41"/>
      </symbol>
      <symbol id="sm-2f9">
         <name>__TI_int03</name>
         <value>0xffe6</value>
         <object_component_ref idref="oc-42"/>
      </symbol>
      <symbol id="sm-2fc">
         <name>__TI_int05</name>
         <value>0xffea</value>
         <object_component_ref idref="oc-43"/>
      </symbol>
      <symbol id="sm-2ff">
         <name>__TI_int08</name>
         <value>0xfff0</value>
         <object_component_ref idref="oc-46"/>
      </symbol>
      <symbol id="sm-302">
         <name>__TI_int09</name>
         <value>0xfff2</value>
         <object_component_ref idref="oc-47"/>
      </symbol>
      <symbol id="sm-305">
         <name>__TI_int10</name>
         <value>0xfff4</value>
         <object_component_ref idref="oc-48"/>
      </symbol>
      <symbol id="sm-308">
         <name>__TI_int11</name>
         <value>0xfff6</value>
         <object_component_ref idref="oc-49"/>
      </symbol>
      <symbol id="sm-30b">
         <name>__TI_int12</name>
         <value>0xfff8</value>
         <object_component_ref idref="oc-4a"/>
      </symbol>
      <symbol id="sm-30e">
         <name>__TI_int13</name>
         <value>0xfffa</value>
         <object_component_ref idref="oc-4b"/>
      </symbol>
      <symbol id="sm-311">
         <name>__TI_int14</name>
         <value>0xfffc</value>
         <object_component_ref idref="oc-4c"/>
      </symbol>
      <symbol id="sm-319">
         <name>__TI_ISR_TRAP</name>
         <value>0xcc4a</value>
         <object_component_ref idref="oc-dc"/>
      </symbol>
      <symbol id="sm-32a">
         <name>_stack</name>
         <value>0x3b0</value>
         <object_component_ref idref="oc-b1"/>
      </symbol>
      <symbol id="sm-32b">
         <name>_c_int00_noargs</name>
         <value>0xcb08</value>
         <object_component_ref idref="oc-ff"/>
      </symbol>
      <symbol id="sm-32c">
         <name>_reset_vector</name>
         <value>0xfffe</value>
         <object_component_ref idref="oc-b4"/>
      </symbol>
      <symbol id="sm-34e">
         <name>__TI_auto_init_nobinit_nopinit</name>
         <value>0xc74a</value>
         <object_component_ref idref="oc-1ec"/>
      </symbol>
      <symbol id="sm-366">
         <name>__TI_zero_init_nomemset</name>
         <value>0xcbb2</value>
         <object_component_ref idref="oc-ed"/>
      </symbol>
      <symbol id="sm-371">
         <name>_system_pre_init</name>
         <value>0xcc66</value>
         <object_component_ref idref="oc-151"/>
      </symbol>
      <symbol id="sm-37a">
         <name>_system_post_cinit</name>
         <value>0xcc6a</value>
         <object_component_ref idref="oc-2b5"/>
      </symbol>
      <symbol id="sm-390">
         <name>__TI_decompress_none</name>
         <value>0xcbda</value>
         <object_component_ref idref="oc-3a"/>
      </symbol>
      <symbol id="sm-3b3">
         <name>__TI_decompress_lzss</name>
         <value>0xc3a4</value>
         <object_component_ref idref="oc-34"/>
      </symbol>
      <symbol id="sm-3bd">
         <name>C$$EXIT</name>
         <value>0xcc5a</value>
         <object_component_ref idref="oc-1e0"/>
      </symbol>
      <symbol id="sm-3be">
         <name>abort</name>
         <value>0xcc5a</value>
         <object_component_ref idref="oc-1e0"/>
      </symbol>
      <symbol id="sm-3ce">
         <name>memcpy</name>
         <value>0xcc10</value>
         <object_component_ref idref="oc-cf"/>
      </symbol>
      <symbol id="sm-3d8">
         <name>__mspabi_slli</name>
         <value>0xc9ee</value>
         <object_component_ref idref="oc-b5"/>
      </symbol>
      <symbol id="sm-3d9">
         <name>__mspabi_slli_9</name>
         <value>0xca06</value>
         <object_component_ref idref="oc-b5"/>
      </symbol>
      <symbol id="sm-3da">
         <name>__mspabi_slli_8</name>
         <value>0xca08</value>
         <object_component_ref idref="oc-b5"/>
      </symbol>
      <symbol id="sm-3db">
         <name>__mspabi_slli_7</name>
         <value>0xca0a</value>
         <object_component_ref idref="oc-b5"/>
      </symbol>
      <symbol id="sm-3dc">
         <name>__mspabi_slli_6</name>
         <value>0xca0c</value>
         <object_component_ref idref="oc-b5"/>
      </symbol>
      <symbol id="sm-3dd">
         <name>__mspabi_slli_5</name>
         <value>0xca0e</value>
         <object_component_ref idref="oc-b5"/>
      </symbol>
      <symbol id="sm-3de">
         <name>__mspabi_slli_4</name>
         <value>0xca10</value>
         <object_component_ref idref="oc-b5"/>
      </symbol>
      <symbol id="sm-3df">
         <name>__mspabi_slli_3</name>
         <value>0xca12</value>
         <object_component_ref idref="oc-b5"/>
      </symbol>
      <symbol id="sm-3e0">
         <name>__mspabi_slli_2</name>
         <value>0xca14</value>
         <object_component_ref idref="oc-b5"/>
      </symbol>
      <symbol id="sm-3e1">
         <name>__mspabi_slli_1</name>
         <value>0xca16</value>
         <object_component_ref idref="oc-b5"/>
      </symbol>
      <symbol id="sm-3e2">
         <name>__mspabi_slli_15</name>
         <value>0xc9fa</value>
         <object_component_ref idref="oc-b5"/>
      </symbol>
      <symbol id="sm-3e3">
         <name>__mspabi_slli_14</name>
         <value>0xc9fc</value>
         <object_component_ref idref="oc-b5"/>
      </symbol>
      <symbol id="sm-3e4">
         <name>__mspabi_slli_13</name>
         <value>0xc9fe</value>
         <object_component_ref idref="oc-b5"/>
      </symbol>
      <symbol id="sm-3e5">
         <name>__mspabi_slli_12</name>
         <value>0xca00</value>
         <object_component_ref idref="oc-b5"/>
      </symbol>
      <symbol id="sm-3e6">
         <name>__mspabi_slli_11</name>
         <value>0xca02</value>
         <object_component_ref idref="oc-b5"/>
      </symbol>
      <symbol id="sm-3e7">
         <name>__mspabi_slli_10</name>
         <value>0xca04</value>
         <object_component_ref idref="oc-b5"/>
      </symbol>
      <symbol id="sm-3ef">
         <name>__mspabi_srli_8</name>
         <value>0xc610</value>
         <object_component_ref idref="oc-ba"/>
      </symbol>
      <symbol id="sm-3f0">
         <name>__mspabi_srli_9</name>
         <value>0xc60c</value>
         <object_component_ref idref="oc-ba"/>
      </symbol>
      <symbol id="sm-3f1">
         <name>__mspabi_srli_6</name>
         <value>0xc618</value>
         <object_component_ref idref="oc-ba"/>
      </symbol>
      <symbol id="sm-3f2">
         <name>__mspabi_srli_7</name>
         <value>0xc614</value>
         <object_component_ref idref="oc-ba"/>
      </symbol>
      <symbol id="sm-3f3">
         <name>__mspabi_srli_4</name>
         <value>0xc620</value>
         <object_component_ref idref="oc-ba"/>
      </symbol>
      <symbol id="sm-3f4">
         <name>__mspabi_srli_5</name>
         <value>0xc61c</value>
         <object_component_ref idref="oc-ba"/>
      </symbol>
      <symbol id="sm-3f5">
         <name>__mspabi_srli_2</name>
         <value>0xc628</value>
         <object_component_ref idref="oc-ba"/>
      </symbol>
      <symbol id="sm-3f6">
         <name>__mspabi_srli_3</name>
         <value>0xc624</value>
         <object_component_ref idref="oc-ba"/>
      </symbol>
      <symbol id="sm-3f7">
         <name>__mspabi_srli_1</name>
         <value>0xc62c</value>
         <object_component_ref idref="oc-ba"/>
      </symbol>
      <symbol id="sm-3f8">
         <name>__mspabi_srli</name>
         <value>0xc5e6</value>
         <object_component_ref idref="oc-ba"/>
      </symbol>
      <symbol id="sm-3f9">
         <name>__mspabi_srli_15</name>
         <value>0xc5f4</value>
         <object_component_ref idref="oc-ba"/>
      </symbol>
      <symbol id="sm-3fa">
         <name>__mspabi_srli_14</name>
         <value>0xc5f8</value>
         <object_component_ref idref="oc-ba"/>
      </symbol>
      <symbol id="sm-3fb">
         <name>__mspabi_srli_13</name>
         <value>0xc5fc</value>
         <object_component_ref idref="oc-ba"/>
      </symbol>
      <symbol id="sm-3fc">
         <name>__mspabi_srli_12</name>
         <value>0xc600</value>
         <object_component_ref idref="oc-ba"/>
      </symbol>
      <symbol id="sm-3fd">
         <name>__mspabi_srli_11</name>
         <value>0xc604</value>
         <object_component_ref idref="oc-ba"/>
      </symbol>
      <symbol id="sm-3fe">
         <name>__mspabi_srli_10</name>
         <value>0xc608</value>
         <object_component_ref idref="oc-ba"/>
      </symbol>
   </symbol_table>
   <title>Link successful</title>
</link_info>
