******************************************************************************
                  MSP430 Linker PC v21.6.0                     
******************************************************************************
>> Linked Sun Jul 30 00:44:44 2023

OUTPUT FILE NAME:   <Exercise_5_Venkatesan.out>
ENTRY POINT SYMBOL: "_c_int00_noargs"  address: 0000e5ec


MEMORY CONFIGURATION

         name            origin    length      used     unused   attr    fill
----------------------  --------  ---------  --------  --------  ----  --------
  SFR                   00000000   00000010  00000000  00000010  RWIX
  PERIPHERALS_8BIT      00000010   000000f0  00000000  000000f0  RWIX
  PERIPHERALS_16BIT     00000100   00000100  00000000  00000100  RWIX
  RAM                   00000200   00000200  0000016d  00000093  RWIX
  INFOD                 00001000   00000040  00000000  00000040  RWIX
  INFOC                 00001040   00000040  00000000  00000040  RWIX
  INFOB                 00001080   00000040  00000000  00000040  RWIX
  INFOA                 000010c0   00000040  00000000  00000040  RWIX
  FLASH                 0000c000   00003fde  00002dad  00001231  RWIX
  BSLSIGNATURE          0000ffde   00000002  00000002  00000000  RWIX  ffff 
  INT00                 0000ffe0   00000002  00000002  00000000  RWIX
  INT01                 0000ffe2   00000002  00000000  00000002  RWIX
  INT02                 0000ffe4   00000002  00000002  00000000  RWIX
  INT03                 0000ffe6   00000002  00000002  00000000  RWIX
  INT04                 0000ffe8   00000002  00000000  00000002  RWIX
  INT05                 0000ffea   00000002  00000002  00000000  RWIX
  INT06                 0000ffec   00000002  00000002  00000000  RWIX
  INT07                 0000ffee   00000002  00000002  00000000  RWIX
  INT08                 0000fff0   00000002  00000002  00000000  RWIX
  INT09                 0000fff2   00000002  00000002  00000000  RWIX
  INT10                 0000fff4   00000002  00000002  00000000  RWIX
  INT11                 0000fff6   00000002  00000002  00000000  RWIX
  INT12                 0000fff8   00000002  00000002  00000000  RWIX
  INT13                 0000fffa   00000002  00000002  00000000  RWIX
  INT14                 0000fffc   00000002  00000002  00000000  RWIX
  RESET                 0000fffe   00000002  00000002  00000000  RWIX


SECTION ALLOCATION MAP

 output                                  attributes/
section   page    origin      length       input sections
--------  ----  ----------  ----------   ----------------
.bss       0    00000200    0000009c     UNINITIALIZED
                  00000200    00000040     (.common:cmd_stored)
                  00000240    00000040     (.common:input_cmd)
                  00000280    00000004     (.common:check)
                  00000284    00000002     (.common:PRxData)
                  00000286    00000002     (.common:PTxData)
                  00000288    00000002     (.common:RxByteCtr)
                  0000028a    00000002     (.common:TxByteCtr)
                  0000028c    00000002     (.common:counter)
                  0000028e    00000002     (.common:distance)
                  00000290    00000002     (.common:forRX)
                  00000292    00000002     (.common:forTX)
                  00000294    00000002     (.common:ldr)
                  00000296    00000002     (.common:ntc)
                  00000298    00000002     (.common:pb)
                  0000029a    00000002     (.common:pot)

.data      0    0000029c    00000081     UNINITIALIZED
                  0000029c    00000023     uart.obj (.data:ringBuffer)
                  000002bf    00000001     uart.obj (.data)
                  000002c0    0000001c     main.obj (.data)
                  000002dc    00000018     main.obj (.data:acc_values)
                  000002f4    00000012     mma.obj (.data)
                  00000306    00000006     main.obj (.data:led_array)
                  0000030c    00000006     mma.obj (.data:xyz_values_14bit)
                  00000312    00000005     main.obj (.data:adc_values)
                  00000317    00000001     --HOLE--
                  00000318    00000003     mma.obj (.data:xyz_values_8bit)
                  0000031b    00000002     i2c.obj (.data)

.stack     0    000003b0    00000050     UNINITIALIZED
                  000003b0    00000002     rts430_eabi.lib : boot.c.obj (.stack)
                  000003b2    0000004e     --HOLE--

.text      0    0000c000    00002892     
                  0000c000    00000478     rts430_eabi.lib : frcdivd.c.obj (.text:__TI_frcdivd)
                  0000c478    000002c0                     : mpyd.c.obj (.text:__mspabi_mpyd)
                  0000c738    00000238                     : divd.c.obj (.text:__mspabi_divd)
                  0000c970    000001e4     main.obj (.text:led_control)
                  0000cb54    000001d2     main.obj (.text:disp_value)
                  0000cd26    00000172     rts430_eabi.lib : frcmpyd.c.obj (.text:__TI_frcmpyd)
                  0000ce98    0000014c     main.obj (.text:main)
                  0000cfe4    00000114     rts430_eabi.lib : mult64.asm.obj (.text:__mpyll)
                  0000d0f8    000000fe     mma.obj (.text:mma_getreal)
                  0000d1f6    000000e0     LCD.obj (.text:lcd_init)
                  0000d2d6    000000dc     rts430_eabi.lib : cmpd.c.obj (.text:__mspabi_cmpd)
                  0000d3b2    000000c0     main.obj (.text:lcd_control)
                  0000d472    000000ac     rts430_eabi.lib : fltlid.c.obj (.text:__mspabi_fltlid)
                  0000d51e    000000ac     uart.obj (.text:serialPrintInt)
                  0000d5ca    00000094     mma.obj (.text:mma_get14)
                  0000d65e    00000094     main.obj (.text:process_command)
                  0000d6f2    0000008a     main.obj (.text:disp_init)
                  0000d77c    00000088     main.obj (.text:get_user_input)
                  0000d804    0000007c     rts430_eabi.lib : copy_decompress_lzss.c.obj (.text:decompress:lzss:__TI_decompress_lzss)
                  0000d880    0000007c     mma.obj (.text:mma_get8)
                  0000d8fc    0000007a     mma.obj (.text:mma_init)
                  0000d976    00000072     rts430_eabi.lib : fixdli.c.obj (.text:__mspabi_fixdli)
                  0000d9e8    00000072     main.obj (.text:get_sensor_readings)
                  0000da5a    00000070     sensor.obj (.text:get_pb)
                  0000daca    00000070     i2c.obj (.text:i2c_init)
                  0000db3a    0000006e     i2c.obj (.text:i2c_TXISR)
                  0000dba8    00000062     main.obj (.text:get_us_dist)
                  0000dc0a    0000005c     rts430_eabi.lib : lsr32.asm.obj (.text:l_lsr_const)
                  0000dc66    00000054     mma.obj (.text:mma_setRange)
                  0000dcba    0000004e     main.obj (.text:reset_actuators)
                  0000dd08    0000004c     i2c.obj (.text:i2c_read)
                  0000dd54    0000004c     rts430_eabi.lib : lsr16.asm.obj (.text)
                  0000dda0    0000004a     mma.obj (.text:get_range)
                  0000ddea    00000048     LCD.obj (.text:send_data)
                  0000de32    00000046     rts430_eabi.lib : lsr64.c.obj (.text:__mspabi_srlll)
                  0000de78    00000044                     : lsl64.c.obj (.text:__mspabi_sllll)
                  0000debc    00000044     LCD.obj (.text:lcd_cursorShow)
                  0000df00    00000044     LCD.obj (.text:send_command)
                  0000df44    00000044     sensor.obj (.text:sensor_init)
                  0000df88    00000042     rts430_eabi.lib : autoinit.c.obj (.text:__TI_auto_init_nobinit_nopinit:__TI_auto_init_nobinit_nopinit)
                  0000dfca    00000042     main.obj (.text:get_acceleration)
                  0000e00c    00000042     i2c.obj (.text:i2c_write)
                  0000e04e    00000042     LCD.obj (.text:lcd_enable)
                  0000e090    00000042     main.obj (.text:relay_control)
                  0000e0d2    00000042     main.obj (.text:write_to_lcd)
                  0000e114    0000003e     rts430_eabi.lib : asr32.asm.obj (.text:l_asr_const)
                  0000e152    0000003e                     : lsl32.asm.obj (.text:l_lsl_const)
                  0000e190    0000003c     i2c.obj (.text:free_bus)
                  0000e1cc    0000003a     main.obj (.text:process_ldr)
                  0000e206    0000003a     mma.obj (.text:set_standby_mode)
                  0000e240    0000003a     uart.obj (.text:uart_RXISR)
                  0000e27a    00000036     uart.obj (.text:uart_init)
                  0000e2b0    00000034     mma.obj (.text:mma_setResolution)
                  0000e2e4    0000002e     sensor.obj (.text:get_pot)
                  0000e312    0000002c     rts430_eabi.lib : asr16.asm.obj (.text)
                  0000e33e    0000002c                     : div16s.asm.obj (.text)
                  0000e36a    0000002c                     : lsl16.asm.obj (.text)
                  0000e396    0000002a     sensor.obj (.text:get_ldr)
                  0000e3c0    0000002a     uart.obj (.text:serialPrint)
                  0000e3ea    00000028     main.obj (.text:Port_1)
                  0000e412    00000028     rts430_eabi.lib : fixdi.c.obj (.text:__mspabi_fixdi)
                  0000e43a    00000028     sensor.obj (.text:get_ntc)
                  0000e462    00000028     LCD.obj (.text:lcd_cursorSet)
                  0000e48a    00000028     uart.obj (.text:serialRead)
                  0000e4b2    00000026     templateEMP.obj (.text:initMSP)
                  0000e4d8    00000026     LCD.obj (.text:lcd_clear)
                  0000e4fe    00000026     main.obj (.text:refresh_timer_start)
                  0000e524    00000026     rts430_eabi.lib : mult32.asm.obj (.text)
                  0000e54a    00000026     main.obj (.text:shift_register_init)
                  0000e570    00000022     rts430_eabi.lib : mult1632.asm.obj (.text:__mpyul)
                  0000e592    0000001e                     : mult3264.asm.obj (.text:__mpyull)
                  0000e5b0    0000001e     adac.obj (.text:adac_init)
                  0000e5ce    0000001e     LCD.obj (.text:lcd_putText)
                  0000e5ec    0000001c     rts430_eabi.lib : boot.c.obj (.text:_c_int00_noargs)
                  0000e608    0000001a     interrupts.obj (.text:USCIAB0RX_ISR)
                  0000e622    0000001a     interrupts.obj (.text:USCIAB0TX_ISR)
                  0000e63c    00000018     mma.obj (.text:mma_write)
                  0000e654    00000018     LCD.obj (.text:send_nibble)
                  0000e66c    00000018     rts430_eabi.lib : strcmp.c.obj (.text:strcmp)
                  0000e684    00000016     main.obj (.text:Timer)
                  0000e69a    00000016     LCD.obj (.text:delay_ms)
                  0000e6b0    00000016     rts430_eabi.lib : div16u.asm.obj (.text)
                  0000e6c6    00000016     main.obj (.text:us_timer_init)
                  0000e6dc    00000014     rts430_eabi.lib : copy_zero_init.c.obj (.text:decompress:ZI:__TI_zero_init_nomemset:__TI_zero_init_nomemset)
                  0000e6f0    00000014     i2c.obj (.text:i2c_RXISR)
                  0000e704    00000014     rts430_eabi.lib : memset.c.obj (.text:memset)
                  0000e718    00000014                     : mult16.asm.obj (.text)
                  0000e72c    00000012                     : copy_decompress_none.c.obj (.text:decompress:none:__TI_decompress_none)
                  0000e73e    00000012     LCD.obj (.text:enable)
                  0000e750    00000012     rts430_eabi.lib : lsr32.asm.obj (.text:l_lsr)
                  0000e762    00000012                     : memcpy.c.obj (.text:memcpy)
                  0000e774    00000012     uart.obj (.text:serialWrite)
                  0000e786    00000010     rts430_eabi.lib : epilog.asm.obj (.text)
                  0000e796    00000010                     : strcpy.c.obj (.text:strcpy)
                  0000e7a6    0000000e     adac.obj (.text:adac_read)
                  0000e7b4    0000000e     sensor.obj (.text:clockReset)
                  0000e7c2    0000000e     main.obj (.text:get_joystick)
                  0000e7d0    0000000e     uart.obj (.text:serialAvailable)
                  0000e7de    0000000c     rts430_eabi.lib : fltid.c.obj (.text:__mspabi_fltid)
                  0000e7ea    0000000c     LCD.obj (.text:delay_us)
                  0000e7f6    0000000a     interrupts.obj (.text:interrupts_mode_i2c)
                  0000e800    0000000a     interrupts.obj (.text:interrupts_mode_uart)
                  0000e80a    0000000a     mma.obj (.text:mma_get14X)
                  0000e814    0000000a     mma.obj (.text:mma_get14Y)
                  0000e81e    0000000a     mma.obj (.text:mma_get14Z)
                  0000e828    0000000a     mma.obj (.text:mma_get8X)
                  0000e832    0000000a     mma.obj (.text:mma_get8Y)
                  0000e83c    0000000a     mma.obj (.text:mma_get8Z)
                  0000e846    0000000a     mma.obj (.text:mma_getRealX)
                  0000e850    0000000a     mma.obj (.text:mma_getRealY)
                  0000e85a    0000000a     mma.obj (.text:mma_getRealZ)
                  0000e864    0000000a     main.obj (.text:shiftModeRight)
                  0000e86e    00000008     rts430_eabi.lib : isr_trap.asm.obj (.text:_isr:__TI_ISR_TRAP)
                  0000e876    00000008     main.obj (.text:refresh_timer_stop)
                  0000e87e    00000006     rts430_eabi.lib : exit.c.obj (.text:abort)
                  0000e884    00000006     uart.obj (.text:uart_disable)
                  0000e88a    00000004     rts430_eabi.lib : pre_init.c.obj (.text:_system_pre_init)
                  0000e88e    00000002                     : startup.c.obj (.text:_system_post_cinit)
                  0000e890    00000002     uart.obj (.text:uart_TXISR)

.const     0    0000e892    000004fb     
                  0000e892    000004f2     main.obj (.const:.string)
                  0000ed84    00000001     adac.obj (.const:.string:$P$T0$1)
                  0000ed85    00000001     --HOLE-- [fill = 0]
                  0000ed86    00000001     mma.obj (.const:.string:$P$T0$1)
                  0000ed87    00000001     --HOLE-- [fill = 0]
                  0000ed88    00000001     mma.obj (.const:.string:$P$T1$2)
                  0000ed89    00000001     --HOLE-- [fill = 0]
                  0000ed8a    00000001     mma.obj (.const:.string:$P$T2$3)
                  0000ed8b    00000001     --HOLE-- [fill = 0]
                  0000ed8c    00000001     mma.obj (.const:.string:$P$T3$4)

.cinit     0    0000ed8e    00000020     
                  0000ed8e    0000000e     (.cinit..data.load) [load image, compression = lzss]
                  0000ed9c    00000006     (__TI_handler_table)
                  0000eda2    00000004     (.cinit..bss.load) [load image, compression = zero_init]
                  0000eda6    00000008     (__TI_cinit_table)

.binit     0    0000c000    00000000     

.init_array 
*          0    0000c000    00000000     UNINITIALIZED

TRAPINT    0    0000ffe0    00000002     
                  0000ffe0    00000002     rts430_eabi.lib : int00.asm.obj (.int00)

PORT1      0    0000ffe4    00000002     
                  0000ffe4    00000002     main.obj (.int02)

PORT2      0    0000ffe6    00000002     
                  0000ffe6    00000002     rts430_eabi.lib : int03.asm.obj (.int03)

ADC10      0    0000ffea    00000002     
                  0000ffea    00000002     rts430_eabi.lib : int05.asm.obj (.int05)

USCIAB0TX 
*          0    0000ffec    00000002     
                  0000ffec    00000002     interrupts.obj (.int06)

USCIAB0RX 
*          0    0000ffee    00000002     
                  0000ffee    00000002     interrupts.obj (.int07)

TIMER0_A1 
*          0    0000fff0    00000002     
                  0000fff0    00000002     rts430_eabi.lib : int08.asm.obj (.int08)

TIMER0_A0 
*          0    0000fff2    00000002     
                  0000fff2    00000002     rts430_eabi.lib : int09.asm.obj (.int09)

WDT        0    0000fff4    00000002     
                  0000fff4    00000002     rts430_eabi.lib : int10.asm.obj (.int10)

COMPARATORA 
*          0    0000fff6    00000002     
                  0000fff6    00000002     rts430_eabi.lib : int11.asm.obj (.int11)

TIMER1_A1 
*          0    0000fff8    00000002     
                  0000fff8    00000002     rts430_eabi.lib : int12.asm.obj (.int12)

TIMER1_A0 
*          0    0000fffa    00000002     
                  0000fffa    00000002     main.obj (.int13)

NMI        0    0000fffc    00000002     
                  0000fffc    00000002     rts430_eabi.lib : int14.asm.obj (.int14)

.reset     0    0000fffe    00000002     
                  0000fffe    00000002     rts430_eabi.lib : boot.c.obj (.reset)

$fill000   0    0000ffde    00000002     
                  0000ffde    00000002     --HOLE-- [fill = ffff]

MODULE SUMMARY

       Module                       code    ro data   rw data
       ------                       ----    -------   -------
    .\
       main.obj                     2634    1270      213    
    +--+----------------------------+-------+---------+---------+
       Total:                       2634    1270      213    
                                                             
    .\libs\
       mma.obj                      1030    4         27     
       LCD.obj                      682     0         0      
       i2c.obj                      444     0         4      
       uart.obj                     406     0         36     
       sensor.obj                   322     0         0      
       interrupts.obj               72      4         4      
       adac.obj                     44      1         0      
       templateEMP.obj              38      0         0      
    +--+----------------------------+-------+---------+---------+
       Total:                       3038    9         71     
                                                             
    C:\ti\ccs1210\ccs\tools\compiler\ti-cgt-msp430_21.6.0.LTS\lib\rts430_eabi.lib
       frcdivd.c.obj                1144    0         0      
       mpyd.c.obj                   704     0         0      
       divd.c.obj                   568     0         0      
       frcmpyd.c.obj                370     0         0      
       mult64.asm.obj               276     0         0      
       cmpd.c.obj                   220     0         0      
       fltlid.c.obj                 172     0         0      
       copy_decompress_lzss.c.obj   124     0         0      
       fixdli.c.obj                 114     0         0      
       lsr32.asm.obj                110     0         0      
       lsr16.asm.obj                76      0         0      
       lsr64.c.obj                  70      0         0      
       lsl64.c.obj                  68      0         0      
       autoinit.c.obj               66      0         0      
       asr32.asm.obj                62      0         0      
       lsl32.asm.obj                62      0         0      
       asr16.asm.obj                44      0         0      
       div16s.asm.obj               44      0         0      
       lsl16.asm.obj                44      0         0      
       fixdi.c.obj                  40      0         0      
       mult32.asm.obj               38      0         0      
       mult1632.asm.obj             34      0         0      
       boot.c.obj                   28      2         0      
       mult3264.asm.obj             30      0         0      
       strcmp.c.obj                 24      0         0      
       div16u.asm.obj               22      0         0      
       copy_zero_init.c.obj         20      0         0      
       memset.c.obj                 20      0         0      
       mult16.asm.obj               20      0         0      
       copy_decompress_none.c.obj   18      0         0      
       memcpy.c.obj                 18      0         0      
       epilog.asm.obj               16      0         0      
       strcpy.c.obj                 16      0         0      
       fltid.c.obj                  12      0         0      
       isr_trap.asm.obj             8       0         0      
       exit.c.obj                   6       0         0      
       pre_init.c.obj               4       0         0      
       int00.asm.obj                0       2         0      
       int03.asm.obj                0       2         0      
       int05.asm.obj                0       2         0      
       int08.asm.obj                0       2         0      
       int09.asm.obj                0       2         0      
       int10.asm.obj                0       2         0      
       int11.asm.obj                0       2         0      
       int12.asm.obj                0       2         0      
       int14.asm.obj                0       2         0      
       startup.c.obj                2       0         0      
    +--+----------------------------+-------+---------+---------+
       Total:                       4714    20        0      
                                                             
       Stack:                       0       0         80     
       Linker Generated:            0       32        0      
    +--+----------------------------+-------+---------+---------+
       Grand Total:                 10386   1331      364    


LINKER GENERATED COPY TABLES

__TI_cinit_table @ 0000eda6 records: 2, size/record: 4, table size: 8
	.data: load addr=0000ed8e, load size=0000000e bytes, run addr=0000029c, run size=00000081 bytes, compression=lzss
	.bss: load addr=0000eda2, load size=00000004 bytes, run addr=00000200, run size=0000009c bytes, compression=zero_init


LINKER GENERATED HANDLER TABLE

__TI_handler_table @ 0000ed9c records: 3, size/record: 2, table size: 6
	index: 0, handler: __TI_zero_init
	index: 1, handler: __TI_decompress_lzss
	index: 2, handler: __TI_decompress_none


GLOBAL SYMBOLS: SORTED ALPHABETICALLY BY Name 

address   name                          
-------   ----                          
0000004a  ADC10AE0                      
000001b0  ADC10CTL0                     
000001b2  ADC10CTL1                     
00000048  ADC10DTC0                     
00000049  ADC10DTC1                     
000001b4  ADC10MEM                      
000001bc  ADC10SA                       
00000057  BCSCTL1                       
00000058  BCSCTL2                       
00000053  BCSCTL3                       
0000e87e  C$$EXIT                       
00000059  CACTL1                        
0000005a  CACTL2                        
000010fb  CALBC1_12MHZ                  
000010f9  CALBC1_16MHZ                  
000010ff  CALBC1_1MHZ                   
000010fd  CALBC1_8MHZ                   
000010fa  CALDCO_12MHZ                  
000010f8  CALDCO_16MHZ                  
000010fe  CALDCO_1MHZ                   
000010fc  CALDCO_8MHZ                   
0000005b  CAPD                          
000002f4  CMD_CTRL_REG1                 
000002f5  CMD_CTRL_REG2                 
000002f8  CMD_CTRL_REG3                 
000002f9  CMD_CTRL_REG4                 
000002fa  CMD_CTRL_REG5                 
000002f7  CMD_PULSE_CFG                 
000002fb  CMD_PULSE_LTCY                
000002fc  CMD_PULSE_THSZ                
000002fd  CMD_PULSE_TMLT                
000002fe  CMD_PULSE_WIND                
000002f6  CMD_XYZ_DATA_CFG              
00000056  DCOCTL                        
00000128  FCTL1                         
0000012a  FCTL2                         
0000012c  FCTL3                         
00000000  IE1                           
00000001  IE2                           
00000002  IFG1                          
00000003  IFG2                          
00000022  P1DIR                         
00000025  P1IE                          
00000024  P1IES                         
00000023  P1IFG                         
00000020  P1IN                          
00000021  P1OUT                         
00000027  P1REN                         
00000026  P1SEL                         
00000041  P1SEL2                        
0000002a  P2DIR                         
0000002d  P2IE                          
0000002c  P2IES                         
0000002b  P2IFG                         
00000028  P2IN                          
00000029  P2OUT                         
0000002f  P2REN                         
0000002e  P2SEL                         
00000042  P2SEL2                        
0000001a  P3DIR                         
00000018  P3IN                          
00000019  P3OUT                         
00000010  P3REN                         
0000001b  P3SEL                         
00000043  P3SEL2                        
00000284  PRxData                       
00000286  PTxData                       
0000e3ea  Port_1                        
00000288  RxByteCtr                     
00000172  TA0CCR0                       
00000174  TA0CCR1                       
00000176  TA0CCR2                       
00000162  TA0CCTL0                      
00000164  TA0CCTL1                      
00000166  TA0CCTL2                      
00000160  TA0CTL                        
0000012e  TA0IV                         
00000170  TA0R                          
00000192  TA1CCR0                       
00000194  TA1CCR1                       
00000196  TA1CCR2                       
00000182  TA1CCTL0                      
00000184  TA1CCTL1                      
00000186  TA1CCTL2                      
00000180  TA1CTL                        
0000011e  TA1IV                         
00000190  TA1R                          
000010db  TLV_ADC10_1_LEN               
000010da  TLV_ADC10_1_TAG               
000010c0  TLV_CHECKSUM                  
000010f7  TLV_DCO_30_LEN                
000010f6  TLV_DCO_30_TAG                
0000e684  Timer                         
0000028a  TxByteCtr                     
0000005d  UCA0ABCTL                     
00000062  UCA0BR0                       
00000063  UCA0BR1                       
00000060  UCA0CTL0                      
00000061  UCA0CTL1                      
0000005f  UCA0IRRCTL                    
0000005e  UCA0IRTCTL                    
00000064  UCA0MCTL                      
00000066  UCA0RXBUF                     
00000065  UCA0STAT                      
00000067  UCA0TXBUF                     
0000006a  UCB0BR0                       
0000006b  UCB0BR1                       
00000068  UCB0CTL0                      
00000069  UCB0CTL1                      
0000006c  UCB0I2CIE                     
00000118  UCB0I2COA                     
0000011a  UCB0I2CSA                     
0000006e  UCB0RXBUF                     
0000006d  UCB0STAT                      
0000006f  UCB0TXBUF                     
0000e608  USCIAB0RX_ISR                 
0000e622  USCIAB0TX_ISR                 
00000120  WDTCTL                        
00000400  __STACK_END                   
00000050  __STACK_SIZE                  
0000eda6  __TI_CINIT_Base               
0000edae  __TI_CINIT_Limit              
0000edae  __TI_CINIT_Warm               
0000ed9c  __TI_Handler_Table_Base       
0000eda2  __TI_Handler_Table_Limit      
0000e86e  __TI_ISR_TRAP                 
0000df88  __TI_auto_init_nobinit_nopinit
0000d804  __TI_decompress_lzss          
0000e72c  __TI_decompress_none          
0000c000  __TI_frcdivd                  
0000cd26  __TI_frcmpyd                  
0000ffe0  __TI_int00                    
0000ffe4  __TI_int02                    
0000ffe6  __TI_int03                    
0000ffea  __TI_int05                    
0000ffec  __TI_int06                    
0000ffee  __TI_int07                    
0000fff0  __TI_int08                    
0000fff2  __TI_int09                    
0000fff4  __TI_int10                    
0000fff6  __TI_int11                    
0000fff8  __TI_int12                    
0000fffa  __TI_int13                    
0000fffc  __TI_int14                    
ffffffff  __TI_pprof_out_hndl           
ffffffff  __TI_prof_data_size           
ffffffff  __TI_prof_data_start          
0000e6dc  __TI_zero_init_nomemset       
ffffffff  __c_args__                    
0000d2d6  __mspabi_cmpd                 
0000c738  __mspabi_divd                 
0000e33e  __mspabi_divi                 
0000e6b0  __mspabi_divu                 
0000e412  __mspabi_fixdi                
0000d976  __mspabi_fixdli               
0000e7de  __mspabi_fltid                
0000d472  __mspabi_fltlid               
0000e792  __mspabi_func_epilog_1        
0000e790  __mspabi_func_epilog_2        
0000e78e  __mspabi_func_epilog_3        
0000e78c  __mspabi_func_epilog_4        
0000e78a  __mspabi_func_epilog_5        
0000e788  __mspabi_func_epilog_6        
0000e786  __mspabi_func_epilog_7        
0000c478  __mspabi_mpyd                 
0000e718  __mspabi_mpyi                 
0000e718  __mspabi_mpyi_sw              
0000e524  __mspabi_mpyl                 
0000e524  __mspabi_mpyl_sw              
0000cfe4  __mspabi_mpyll                
0000cfe4  __mspabi_mpyll_sw             
0000e570  __mspabi_mpyul                
0000e570  __mspabi_mpyul_sw             
0000e592  __mspabi_mpyull               
0000e592  __mspabi_mpyull_sw            
0000e33e  __mspabi_remi                 
0000e6b0  __mspabi_remu                 
0000e36a  __mspabi_slli                 
0000e392  __mspabi_slli_1               
0000e380  __mspabi_slli_10              
0000e37e  __mspabi_slli_11              
0000e37c  __mspabi_slli_12              
0000e37a  __mspabi_slli_13              
0000e378  __mspabi_slli_14              
0000e376  __mspabi_slli_15              
0000e390  __mspabi_slli_2               
0000e38e  __mspabi_slli_3               
0000e38c  __mspabi_slli_4               
0000e38a  __mspabi_slli_5               
0000e388  __mspabi_slli_6               
0000e386  __mspabi_slli_7               
0000e384  __mspabi_slli_8               
0000e382  __mspabi_slli_9               
0000e18a  __mspabi_slll_1               
0000e166  __mspabi_slll_10              
0000e162  __mspabi_slll_11              
0000e15e  __mspabi_slll_12              
0000e15a  __mspabi_slll_13              
0000e156  __mspabi_slll_14              
0000e152  __mspabi_slll_15              
0000e186  __mspabi_slll_2               
0000e182  __mspabi_slll_3               
0000e17e  __mspabi_slll_4               
0000e17a  __mspabi_slll_5               
0000e176  __mspabi_slll_6               
0000e172  __mspabi_slll_7               
0000e16e  __mspabi_slll_8               
0000e16a  __mspabi_slll_9               
0000de78  __mspabi_sllll                
0000e312  __mspabi_srai                 
0000e33a  __mspabi_srai_1               
0000e328  __mspabi_srai_10              
0000e326  __mspabi_srai_11              
0000e324  __mspabi_srai_12              
0000e322  __mspabi_srai_13              
0000e320  __mspabi_srai_14              
0000e31e  __mspabi_srai_15              
0000e338  __mspabi_srai_2               
0000e336  __mspabi_srai_3               
0000e334  __mspabi_srai_4               
0000e332  __mspabi_srai_5               
0000e330  __mspabi_srai_6               
0000e32e  __mspabi_srai_7               
0000e32c  __mspabi_srai_8               
0000e32a  __mspabi_srai_9               
0000e14c  __mspabi_sral_1               
0000e128  __mspabi_sral_10              
0000e124  __mspabi_sral_11              
0000e120  __mspabi_sral_12              
0000e11c  __mspabi_sral_13              
0000e118  __mspabi_sral_14              
0000e114  __mspabi_sral_15              
0000e148  __mspabi_sral_2               
0000e144  __mspabi_sral_3               
0000e140  __mspabi_sral_4               
0000e13c  __mspabi_sral_5               
0000e138  __mspabi_sral_6               
0000e134  __mspabi_sral_7               
0000e130  __mspabi_sral_8               
0000e12c  __mspabi_sral_9               
0000dd54  __mspabi_srli                 
0000dd9a  __mspabi_srli_1               
0000dd76  __mspabi_srli_10              
0000dd72  __mspabi_srli_11              
0000dd6e  __mspabi_srli_12              
0000dd6a  __mspabi_srli_13              
0000dd66  __mspabi_srli_14              
0000dd62  __mspabi_srli_15              
0000dd96  __mspabi_srli_2               
0000dd92  __mspabi_srli_3               
0000dd8e  __mspabi_srli_4               
0000dd8a  __mspabi_srli_5               
0000dd86  __mspabi_srli_6               
0000dd82  __mspabi_srli_7               
0000dd7e  __mspabi_srli_8               
0000dd7a  __mspabi_srli_9               
0000e750  __mspabi_srll                 
0000dc5e  __mspabi_srll_1               
0000dc28  __mspabi_srll_10              
0000dc22  __mspabi_srll_11              
0000dc1c  __mspabi_srll_12              
0000dc16  __mspabi_srll_13              
0000dc10  __mspabi_srll_14              
0000dc0a  __mspabi_srll_15              
0000dc58  __mspabi_srll_2               
0000dc52  __mspabi_srll_3               
0000dc4c  __mspabi_srll_4               
0000dc46  __mspabi_srll_5               
0000dc40  __mspabi_srll_6               
0000dc3a  __mspabi_srll_7               
0000dc34  __mspabi_srll_8               
0000dc2e  __mspabi_srll_9               
0000de32  __mspabi_srlll                
0000e5ec  _c_int00_noargs               
0000fffe  _reset_vector                 
000003b0  _stack                        
0000e88e  _system_post_cinit            
0000e88a  _system_pre_init              
0000e87e  abort                         
000002dc  acc_values                    
0000e5b0  adac_init                     
0000e7a6  adac_read                     
00000312  adc_values                    
00000280  check                         
0000e7b4  clockReset                    
00000200  cmd_stored                    
000002da  cmd_wrong                     
0000028c  counter                       
00000302  data_range                    
00000304  data_resolution               
000002ca  dboard_flag                   
0000e69a  delay_ms                      
0000e7ea  delay_us                      
000002ce  disp_flag                     
0000d6f2  disp_init                     
0000cb54  disp_value                    
0000028e  distance                      
000002bf  echoBack                      
0000e73e  enable                        
000002d4  exit_dash                     
000002c0  flag                          
00000290  forRX                         
00000292  forTX                         
0000e190  free_bus                      
0000dfca  get_acceleration              
0000e7c2  get_joystick                  
0000e396  get_ldr                       
0000e43a  get_ntc                       
0000da5a  get_pb                        
0000e2e4  get_pot                       
0000dda0  get_range                     
0000d9e8  get_sensor_readings           
0000dba8  get_us_dist                   
0000d77c  get_user_input                
0000e6f0  i2c_RXISR                     
0000db3a  i2c_TXISR                     
0000daca  i2c_init                      
0000dd08  i2c_read                      
0000e00c  i2c_write                     
000002d0  index                         
0000e4b2  initMSP                       
000002d6  init_dash                     
00000240  input_cmd                     
0000e7f6  interrupts_mode_i2c           
0000e800  interrupts_mode_uart          
0000e4d8  lcd_clear                     
0000d3b2  lcd_control                   
0000e462  lcd_cursorSet                 
0000debc  lcd_cursorShow                
0000e04e  lcd_enable                    
0000d1f6  lcd_init                      
0000e5ce  lcd_putText                   
00000294  ldr                           
00000306  led_array                     
0000c970  led_control                   
0000ce98  main                          
0000e762  memcpy                        
0000e704  memset                        
0000d5ca  mma_get14                     
0000e80a  mma_get14X                    
0000e814  mma_get14Y                    
0000e81e  mma_get14Z                    
0000d880  mma_get8                      
0000e828  mma_get8X                     
0000e832  mma_get8Y                     
0000e83c  mma_get8Z                     
0000e846  mma_getRealX                  
0000e850  mma_getRealY                  
0000e85a  mma_getRealZ                  
0000d0f8  mma_getreal                   
0000d8fc  mma_init                      
0000dc66  mma_setRange                  
0000e2b0  mma_setResolution             
0000e63c  mma_write                     
0000031c  nack                          
00000296  ntc                           
00000298  pb                            
0000029a  pot                           
0000d65e  process_command               
000002d2  process_flag                  
0000e1cc  process_ldr                   
000002c2  range                         
0000e4fe  refresh_timer_start           
0000e876  refresh_timer_stop            
0000e090  relay_control                 
0000dcba  reset_actuators               
0000029c  ringBuffer                    
0000df00  send_command                  
0000ddea  send_data                     
0000e654  send_nibble                   
0000df44  sensor_init                   
0000e7d0  serialAvailable               
0000e3c0  serialPrint                   
0000d51e  serialPrintInt                
0000e48a  serialRead                    
0000e774  serialWrite                   
00000300  set_standby                   
0000e206  set_standby_mode              
0000e864  shiftModeRight                
0000e54a  shift_register_init           
0000e66c  strcmp                        
0000e796  strcpy                        
000002cc  time_counter                  
0000031b  transferFinished              
0000e240  uart_RXISR                    
0000e890  uart_TXISR                    
0000e884  uart_disable                  
0000e27a  uart_init                     
0000e6c6  us_timer_init                 
000002d8  user_mode                     
0000e0d2  write_to_lcd                  
0000030c  xyz_values_14bit              
00000318  xyz_values_8bit               


GLOBAL SYMBOLS: SORTED BY Symbol Address 

address   name                          
-------   ----                          
00000000  IE1                           
00000001  IE2                           
00000002  IFG1                          
00000003  IFG2                          
00000010  P3REN                         
00000018  P3IN                          
00000019  P3OUT                         
0000001a  P3DIR                         
0000001b  P3SEL                         
00000020  P1IN                          
00000021  P1OUT                         
00000022  P1DIR                         
00000023  P1IFG                         
00000024  P1IES                         
00000025  P1IE                          
00000026  P1SEL                         
00000027  P1REN                         
00000028  P2IN                          
00000029  P2OUT                         
0000002a  P2DIR                         
0000002b  P2IFG                         
0000002c  P2IES                         
0000002d  P2IE                          
0000002e  P2SEL                         
0000002f  P2REN                         
00000041  P1SEL2                        
00000042  P2SEL2                        
00000043  P3SEL2                        
00000048  ADC10DTC0                     
00000049  ADC10DTC1                     
0000004a  ADC10AE0                      
00000050  __STACK_SIZE                  
00000053  BCSCTL3                       
00000056  DCOCTL                        
00000057  BCSCTL1                       
00000058  BCSCTL2                       
00000059  CACTL1                        
0000005a  CACTL2                        
0000005b  CAPD                          
0000005d  UCA0ABCTL                     
0000005e  UCA0IRTCTL                    
0000005f  UCA0IRRCTL                    
00000060  UCA0CTL0                      
00000061  UCA0CTL1                      
00000062  UCA0BR0                       
00000063  UCA0BR1                       
00000064  UCA0MCTL                      
00000065  UCA0STAT                      
00000066  UCA0RXBUF                     
00000067  UCA0TXBUF                     
00000068  UCB0CTL0                      
00000069  UCB0CTL1                      
0000006a  UCB0BR0                       
0000006b  UCB0BR1                       
0000006c  UCB0I2CIE                     
0000006d  UCB0STAT                      
0000006e  UCB0RXBUF                     
0000006f  UCB0TXBUF                     
00000118  UCB0I2COA                     
0000011a  UCB0I2CSA                     
0000011e  TA1IV                         
00000120  WDTCTL                        
00000128  FCTL1                         
0000012a  FCTL2                         
0000012c  FCTL3                         
0000012e  TA0IV                         
00000160  TA0CTL                        
00000162  TA0CCTL0                      
00000164  TA0CCTL1                      
00000166  TA0CCTL2                      
00000170  TA0R                          
00000172  TA0CCR0                       
00000174  TA0CCR1                       
00000176  TA0CCR2                       
00000180  TA1CTL                        
00000182  TA1CCTL0                      
00000184  TA1CCTL1                      
00000186  TA1CCTL2                      
00000190  TA1R                          
00000192  TA1CCR0                       
00000194  TA1CCR1                       
00000196  TA1CCR2                       
000001b0  ADC10CTL0                     
000001b2  ADC10CTL1                     
000001b4  ADC10MEM                      
000001bc  ADC10SA                       
00000200  cmd_stored                    
00000240  input_cmd                     
00000280  check                         
00000284  PRxData                       
00000286  PTxData                       
00000288  RxByteCtr                     
0000028a  TxByteCtr                     
0000028c  counter                       
0000028e  distance                      
00000290  forRX                         
00000292  forTX                         
00000294  ldr                           
00000296  ntc                           
00000298  pb                            
0000029a  pot                           
0000029c  ringBuffer                    
000002bf  echoBack                      
000002c0  flag                          
000002c2  range                         
000002ca  dboard_flag                   
000002cc  time_counter                  
000002ce  disp_flag                     
000002d0  index                         
000002d2  process_flag                  
000002d4  exit_dash                     
000002d6  init_dash                     
000002d8  user_mode                     
000002da  cmd_wrong                     
000002dc  acc_values                    
000002f4  CMD_CTRL_REG1                 
000002f5  CMD_CTRL_REG2                 
000002f6  CMD_XYZ_DATA_CFG              
000002f7  CMD_PULSE_CFG                 
000002f8  CMD_CTRL_REG3                 
000002f9  CMD_CTRL_REG4                 
000002fa  CMD_CTRL_REG5                 
000002fb  CMD_PULSE_LTCY                
000002fc  CMD_PULSE_THSZ                
000002fd  CMD_PULSE_TMLT                
000002fe  CMD_PULSE_WIND                
00000300  set_standby                   
00000302  data_range                    
00000304  data_resolution               
00000306  led_array                     
0000030c  xyz_values_14bit              
00000312  adc_values                    
00000318  xyz_values_8bit               
0000031b  transferFinished              
0000031c  nack                          
000003b0  _stack                        
00000400  __STACK_END                   
000010c0  TLV_CHECKSUM                  
000010da  TLV_ADC10_1_TAG               
000010db  TLV_ADC10_1_LEN               
000010f6  TLV_DCO_30_TAG                
000010f7  TLV_DCO_30_LEN                
000010f8  CALDCO_16MHZ                  
000010f9  CALBC1_16MHZ                  
000010fa  CALDCO_12MHZ                  
000010fb  CALBC1_12MHZ                  
000010fc  CALDCO_8MHZ                   
000010fd  CALBC1_8MHZ                   
000010fe  CALDCO_1MHZ                   
000010ff  CALBC1_1MHZ                   
0000c000  __TI_frcdivd                  
0000c478  __mspabi_mpyd                 
0000c738  __mspabi_divd                 
0000c970  led_control                   
0000cb54  disp_value                    
0000cd26  __TI_frcmpyd                  
0000ce98  main                          
0000cfe4  __mspabi_mpyll                
0000cfe4  __mspabi_mpyll_sw             
0000d0f8  mma_getreal                   
0000d1f6  lcd_init                      
0000d2d6  __mspabi_cmpd                 
0000d3b2  lcd_control                   
0000d472  __mspabi_fltlid               
0000d51e  serialPrintInt                
0000d5ca  mma_get14                     
0000d65e  process_command               
0000d6f2  disp_init                     
0000d77c  get_user_input                
0000d804  __TI_decompress_lzss          
0000d880  mma_get8                      
0000d8fc  mma_init                      
0000d976  __mspabi_fixdli               
0000d9e8  get_sensor_readings           
0000da5a  get_pb                        
0000daca  i2c_init                      
0000db3a  i2c_TXISR                     
0000dba8  get_us_dist                   
0000dc0a  __mspabi_srll_15              
0000dc10  __mspabi_srll_14              
0000dc16  __mspabi_srll_13              
0000dc1c  __mspabi_srll_12              
0000dc22  __mspabi_srll_11              
0000dc28  __mspabi_srll_10              
0000dc2e  __mspabi_srll_9               
0000dc34  __mspabi_srll_8               
0000dc3a  __mspabi_srll_7               
0000dc40  __mspabi_srll_6               
0000dc46  __mspabi_srll_5               
0000dc4c  __mspabi_srll_4               
0000dc52  __mspabi_srll_3               
0000dc58  __mspabi_srll_2               
0000dc5e  __mspabi_srll_1               
0000dc66  mma_setRange                  
0000dcba  reset_actuators               
0000dd08  i2c_read                      
0000dd54  __mspabi_srli                 
0000dd62  __mspabi_srli_15              
0000dd66  __mspabi_srli_14              
0000dd6a  __mspabi_srli_13              
0000dd6e  __mspabi_srli_12              
0000dd72  __mspabi_srli_11              
0000dd76  __mspabi_srli_10              
0000dd7a  __mspabi_srli_9               
0000dd7e  __mspabi_srli_8               
0000dd82  __mspabi_srli_7               
0000dd86  __mspabi_srli_6               
0000dd8a  __mspabi_srli_5               
0000dd8e  __mspabi_srli_4               
0000dd92  __mspabi_srli_3               
0000dd96  __mspabi_srli_2               
0000dd9a  __mspabi_srli_1               
0000dda0  get_range                     
0000ddea  send_data                     
0000de32  __mspabi_srlll                
0000de78  __mspabi_sllll                
0000debc  lcd_cursorShow                
0000df00  send_command                  
0000df44  sensor_init                   
0000df88  __TI_auto_init_nobinit_nopinit
0000dfca  get_acceleration              
0000e00c  i2c_write                     
0000e04e  lcd_enable                    
0000e090  relay_control                 
0000e0d2  write_to_lcd                  
0000e114  __mspabi_sral_15              
0000e118  __mspabi_sral_14              
0000e11c  __mspabi_sral_13              
0000e120  __mspabi_sral_12              
0000e124  __mspabi_sral_11              
0000e128  __mspabi_sral_10              
0000e12c  __mspabi_sral_9               
0000e130  __mspabi_sral_8               
0000e134  __mspabi_sral_7               
0000e138  __mspabi_sral_6               
0000e13c  __mspabi_sral_5               
0000e140  __mspabi_sral_4               
0000e144  __mspabi_sral_3               
0000e148  __mspabi_sral_2               
0000e14c  __mspabi_sral_1               
0000e152  __mspabi_slll_15              
0000e156  __mspabi_slll_14              
0000e15a  __mspabi_slll_13              
0000e15e  __mspabi_slll_12              
0000e162  __mspabi_slll_11              
0000e166  __mspabi_slll_10              
0000e16a  __mspabi_slll_9               
0000e16e  __mspabi_slll_8               
0000e172  __mspabi_slll_7               
0000e176  __mspabi_slll_6               
0000e17a  __mspabi_slll_5               
0000e17e  __mspabi_slll_4               
0000e182  __mspabi_slll_3               
0000e186  __mspabi_slll_2               
0000e18a  __mspabi_slll_1               
0000e190  free_bus                      
0000e1cc  process_ldr                   
0000e206  set_standby_mode              
0000e240  uart_RXISR                    
0000e27a  uart_init                     
0000e2b0  mma_setResolution             
0000e2e4  get_pot                       
0000e312  __mspabi_srai                 
0000e31e  __mspabi_srai_15              
0000e320  __mspabi_srai_14              
0000e322  __mspabi_srai_13              
0000e324  __mspabi_srai_12              
0000e326  __mspabi_srai_11              
0000e328  __mspabi_srai_10              
0000e32a  __mspabi_srai_9               
0000e32c  __mspabi_srai_8               
0000e32e  __mspabi_srai_7               
0000e330  __mspabi_srai_6               
0000e332  __mspabi_srai_5               
0000e334  __mspabi_srai_4               
0000e336  __mspabi_srai_3               
0000e338  __mspabi_srai_2               
0000e33a  __mspabi_srai_1               
0000e33e  __mspabi_divi                 
0000e33e  __mspabi_remi                 
0000e36a  __mspabi_slli                 
0000e376  __mspabi_slli_15              
0000e378  __mspabi_slli_14              
0000e37a  __mspabi_slli_13              
0000e37c  __mspabi_slli_12              
0000e37e  __mspabi_slli_11              
0000e380  __mspabi_slli_10              
0000e382  __mspabi_slli_9               
0000e384  __mspabi_slli_8               
0000e386  __mspabi_slli_7               
0000e388  __mspabi_slli_6               
0000e38a  __mspabi_slli_5               
0000e38c  __mspabi_slli_4               
0000e38e  __mspabi_slli_3               
0000e390  __mspabi_slli_2               
0000e392  __mspabi_slli_1               
0000e396  get_ldr                       
0000e3c0  serialPrint                   
0000e3ea  Port_1                        
0000e412  __mspabi_fixdi                
0000e43a  get_ntc                       
0000e462  lcd_cursorSet                 
0000e48a  serialRead                    
0000e4b2  initMSP                       
0000e4d8  lcd_clear                     
0000e4fe  refresh_timer_start           
0000e524  __mspabi_mpyl                 
0000e524  __mspabi_mpyl_sw              
0000e54a  shift_register_init           
0000e570  __mspabi_mpyul                
0000e570  __mspabi_mpyul_sw             
0000e592  __mspabi_mpyull               
0000e592  __mspabi_mpyull_sw            
0000e5b0  adac_init                     
0000e5ce  lcd_putText                   
0000e5ec  _c_int00_noargs               
0000e608  USCIAB0RX_ISR                 
0000e622  USCIAB0TX_ISR                 
0000e63c  mma_write                     
0000e654  send_nibble                   
0000e66c  strcmp                        
0000e684  Timer                         
0000e69a  delay_ms                      
0000e6b0  __mspabi_divu                 
0000e6b0  __mspabi_remu                 
0000e6c6  us_timer_init                 
0000e6dc  __TI_zero_init_nomemset       
0000e6f0  i2c_RXISR                     
0000e704  memset                        
0000e718  __mspabi_mpyi                 
0000e718  __mspabi_mpyi_sw              
0000e72c  __TI_decompress_none          
0000e73e  enable                        
0000e750  __mspabi_srll                 
0000e762  memcpy                        
0000e774  serialWrite                   
0000e786  __mspabi_func_epilog_7        
0000e788  __mspabi_func_epilog_6        
0000e78a  __mspabi_func_epilog_5        
0000e78c  __mspabi_func_epilog_4        
0000e78e  __mspabi_func_epilog_3        
0000e790  __mspabi_func_epilog_2        
0000e792  __mspabi_func_epilog_1        
0000e796  strcpy                        
0000e7a6  adac_read                     
0000e7b4  clockReset                    
0000e7c2  get_joystick                  
0000e7d0  serialAvailable               
0000e7de  __mspabi_fltid                
0000e7ea  delay_us                      
0000e7f6  interrupts_mode_i2c           
0000e800  interrupts_mode_uart          
0000e80a  mma_get14X                    
0000e814  mma_get14Y                    
0000e81e  mma_get14Z                    
0000e828  mma_get8X                     
0000e832  mma_get8Y                     
0000e83c  mma_get8Z                     
0000e846  mma_getRealX                  
0000e850  mma_getRealY                  
0000e85a  mma_getRealZ                  
0000e864  shiftModeRight                
0000e86e  __TI_ISR_TRAP                 
0000e876  refresh_timer_stop            
0000e87e  C$$EXIT                       
0000e87e  abort                         
0000e884  uart_disable                  
0000e88a  _system_pre_init              
0000e88e  _system_post_cinit            
0000e890  uart_TXISR                    
0000ed9c  __TI_Handler_Table_Base       
0000eda2  __TI_Handler_Table_Limit      
0000eda6  __TI_CINIT_Base               
0000edae  __TI_CINIT_Limit              
0000edae  __TI_CINIT_Warm               
0000ffe0  __TI_int00                    
0000ffe4  __TI_int02                    
0000ffe6  __TI_int03                    
0000ffea  __TI_int05                    
0000ffec  __TI_int06                    
0000ffee  __TI_int07                    
0000fff0  __TI_int08                    
0000fff2  __TI_int09                    
0000fff4  __TI_int10                    
0000fff6  __TI_int11                    
0000fff8  __TI_int12                    
0000fffa  __TI_int13                    
0000fffc  __TI_int14                    
0000fffe  _reset_vector                 
ffffffff  __TI_pprof_out_hndl           
ffffffff  __TI_prof_data_size           
ffffffff  __TI_prof_data_start          
ffffffff  __c_args__                    

[393 symbols]
