<?xml version="1.0" encoding="ISO-8859-1" ?>
<link_info>
   <banner>MSP430 Linker PC v21.6.0.LTS</banner>
   <copyright>Copyright (c) 2003-2018 Texas Instruments Incorporated</copyright>
   <link_time>0x64a0831a</link_time>
   <link_errors>0x0</link_errors>
   <output_file>Exercise_4.out</output_file>
   <entry_point>
      <name>_c_int00_noargs</name>
      <address>0xcac2</address>
   </entry_point>
   <input_file_list>
      <input_file id="fl-2">
         <path>.\</path>
         <kind>object</kind>
         <file>main.obj</file>
         <name>main.obj</name>
      </input_file>
      <input_file id="fl-3">
         <path>.\libs\</path>
         <kind>object</kind>
         <file>LCD.obj</file>
         <name>LCD.obj</name>
      </input_file>
      <input_file id="fl-4">
         <path>.\libs\</path>
         <kind>object</kind>
         <file>adac.obj</file>
         <name>adac.obj</name>
      </input_file>
      <input_file id="fl-5">
         <path>.\libs\</path>
         <kind>object</kind>
         <file>flash.obj</file>
         <name>flash.obj</name>
      </input_file>
      <input_file id="fl-6">
         <path>.\libs\</path>
         <kind>object</kind>
         <file>i2c.obj</file>
         <name>i2c.obj</name>
      </input_file>
      <input_file id="fl-7">
         <path>.\libs\</path>
         <kind>object</kind>
         <file>interrupts.obj</file>
         <name>interrupts.obj</name>
      </input_file>
      <input_file id="fl-8">
         <path>.\libs\</path>
         <kind>object</kind>
         <file>spi.obj</file>
         <name>spi.obj</name>
      </input_file>
      <input_file id="fl-9">
         <path>.\libs\</path>
         <kind>object</kind>
         <file>templateEMP.obj</file>
         <name>templateEMP.obj</name>
      </input_file>
      <input_file id="fl-a">
         <path>.\libs\</path>
         <kind>object</kind>
         <file>uart.obj</file>
         <name>uart.obj</name>
      </input_file>
      <input_file id="fl-f">
         <kind>object</kind>
         <file>&lt;internal&gt;</file>
         <name>&lt;internal&gt;</name>
      </input_file>
      <input_file id="fl-25">
         <path>C:\ti\ccs1210\ccs\tools\compiler\ti-cgt-msp430_21.6.0.LTS\lib\</path>
         <kind>archive</kind>
         <file>rts430_eabi.lib</file>
         <name>sprintf.c.obj</name>
      </input_file>
      <input_file id="fl-26">
         <path>C:\ti\ccs1210\ccs\tools\compiler\ti-cgt-msp430_21.6.0.LTS\lib\</path>
         <kind>archive</kind>
         <file>rts430_eabi.lib</file>
         <name>asr16.asm.obj</name>
      </input_file>
      <input_file id="fl-27">
         <path>C:\ti\ccs1210\ccs\tools\compiler\ti-cgt-msp430_21.6.0.LTS\lib\</path>
         <kind>archive</kind>
         <file>rts430_eabi.lib</file>
         <name>div16s.asm.obj</name>
      </input_file>
      <input_file id="fl-28">
         <path>C:\ti\ccs1210\ccs\tools\compiler\ti-cgt-msp430_21.6.0.LTS\lib\</path>
         <kind>archive</kind>
         <file>rts430_eabi.lib</file>
         <name>div16u.asm.obj</name>
      </input_file>
      <input_file id="fl-29">
         <path>C:\ti\ccs1210\ccs\tools\compiler\ti-cgt-msp430_21.6.0.LTS\lib\</path>
         <kind>archive</kind>
         <file>rts430_eabi.lib</file>
         <name>epilog.asm.obj</name>
      </input_file>
      <input_file id="fl-2a">
         <path>C:\ti\ccs1210\ccs\tools\compiler\ti-cgt-msp430_21.6.0.LTS\lib\</path>
         <kind>archive</kind>
         <file>rts430_eabi.lib</file>
         <name>int00.asm.obj</name>
      </input_file>
      <input_file id="fl-2b">
         <path>C:\ti\ccs1210\ccs\tools\compiler\ti-cgt-msp430_21.6.0.LTS\lib\</path>
         <kind>archive</kind>
         <file>rts430_eabi.lib</file>
         <name>int02.asm.obj</name>
      </input_file>
      <input_file id="fl-2c">
         <path>C:\ti\ccs1210\ccs\tools\compiler\ti-cgt-msp430_21.6.0.LTS\lib\</path>
         <kind>archive</kind>
         <file>rts430_eabi.lib</file>
         <name>int03.asm.obj</name>
      </input_file>
      <input_file id="fl-2d">
         <path>C:\ti\ccs1210\ccs\tools\compiler\ti-cgt-msp430_21.6.0.LTS\lib\</path>
         <kind>archive</kind>
         <file>rts430_eabi.lib</file>
         <name>int05.asm.obj</name>
      </input_file>
      <input_file id="fl-2e">
         <path>C:\ti\ccs1210\ccs\tools\compiler\ti-cgt-msp430_21.6.0.LTS\lib\</path>
         <kind>archive</kind>
         <file>rts430_eabi.lib</file>
         <name>int08.asm.obj</name>
      </input_file>
      <input_file id="fl-2f">
         <path>C:\ti\ccs1210\ccs\tools\compiler\ti-cgt-msp430_21.6.0.LTS\lib\</path>
         <kind>archive</kind>
         <file>rts430_eabi.lib</file>
         <name>int09.asm.obj</name>
      </input_file>
      <input_file id="fl-30">
         <path>C:\ti\ccs1210\ccs\tools\compiler\ti-cgt-msp430_21.6.0.LTS\lib\</path>
         <kind>archive</kind>
         <file>rts430_eabi.lib</file>
         <name>int10.asm.obj</name>
      </input_file>
      <input_file id="fl-31">
         <path>C:\ti\ccs1210\ccs\tools\compiler\ti-cgt-msp430_21.6.0.LTS\lib\</path>
         <kind>archive</kind>
         <file>rts430_eabi.lib</file>
         <name>int11.asm.obj</name>
      </input_file>
      <input_file id="fl-32">
         <path>C:\ti\ccs1210\ccs\tools\compiler\ti-cgt-msp430_21.6.0.LTS\lib\</path>
         <kind>archive</kind>
         <file>rts430_eabi.lib</file>
         <name>int12.asm.obj</name>
      </input_file>
      <input_file id="fl-33">
         <path>C:\ti\ccs1210\ccs\tools\compiler\ti-cgt-msp430_21.6.0.LTS\lib\</path>
         <kind>archive</kind>
         <file>rts430_eabi.lib</file>
         <name>int13.asm.obj</name>
      </input_file>
      <input_file id="fl-34">
         <path>C:\ti\ccs1210\ccs\tools\compiler\ti-cgt-msp430_21.6.0.LTS\lib\</path>
         <kind>archive</kind>
         <file>rts430_eabi.lib</file>
         <name>int14.asm.obj</name>
      </input_file>
      <input_file id="fl-35">
         <path>C:\ti\ccs1210\ccs\tools\compiler\ti-cgt-msp430_21.6.0.LTS\lib\</path>
         <kind>archive</kind>
         <file>rts430_eabi.lib</file>
         <name>isr_trap.asm.obj</name>
      </input_file>
      <input_file id="fl-36">
         <path>C:\ti\ccs1210\ccs\tools\compiler\ti-cgt-msp430_21.6.0.LTS\lib\</path>
         <kind>archive</kind>
         <file>rts430_eabi.lib</file>
         <name>mult16.asm.obj</name>
      </input_file>
      <input_file id="fl-37">
         <path>C:\ti\ccs1210\ccs\tools\compiler\ti-cgt-msp430_21.6.0.LTS\lib\</path>
         <kind>archive</kind>
         <file>rts430_eabi.lib</file>
         <name>boot.c.obj</name>
      </input_file>
      <input_file id="fl-38">
         <path>C:\ti\ccs1210\ccs\tools\compiler\ti-cgt-msp430_21.6.0.LTS\lib\</path>
         <kind>archive</kind>
         <file>rts430_eabi.lib</file>
         <name>autoinit.c.obj</name>
      </input_file>
      <input_file id="fl-39">
         <path>C:\ti\ccs1210\ccs\tools\compiler\ti-cgt-msp430_21.6.0.LTS\lib\</path>
         <kind>archive</kind>
         <file>rts430_eabi.lib</file>
         <name>copy_zero_init.c.obj</name>
      </input_file>
      <input_file id="fl-3a">
         <path>C:\ti\ccs1210\ccs\tools\compiler\ti-cgt-msp430_21.6.0.LTS\lib\</path>
         <kind>archive</kind>
         <file>rts430_eabi.lib</file>
         <name>cpy_tbl.c.obj</name>
      </input_file>
      <input_file id="fl-3b">
         <path>C:\ti\ccs1210\ccs\tools\compiler\ti-cgt-msp430_21.6.0.LTS\lib\</path>
         <kind>archive</kind>
         <file>rts430_eabi.lib</file>
         <name>mpu_init.c.obj</name>
      </input_file>
      <input_file id="fl-3c">
         <path>C:\ti\ccs1210\ccs\tools\compiler\ti-cgt-msp430_21.6.0.LTS\lib\</path>
         <kind>archive</kind>
         <file>rts430_eabi.lib</file>
         <name>pre_init.c.obj</name>
      </input_file>
      <input_file id="fl-3d">
         <path>C:\ti\ccs1210\ccs\tools\compiler\ti-cgt-msp430_21.6.0.LTS\lib\</path>
         <kind>archive</kind>
         <file>rts430_eabi.lib</file>
         <name>startup.c.obj</name>
      </input_file>
      <input_file id="fl-3e">
         <path>C:\ti\ccs1210\ccs\tools\compiler\ti-cgt-msp430_21.6.0.LTS\lib\</path>
         <kind>archive</kind>
         <file>rts430_eabi.lib</file>
         <name>copy_decompress_none.c.obj</name>
      </input_file>
      <input_file id="fl-3f">
         <path>C:\ti\ccs1210\ccs\tools\compiler\ti-cgt-msp430_21.6.0.LTS\lib\</path>
         <kind>archive</kind>
         <file>rts430_eabi.lib</file>
         <name>copy_decompress_lzss.c.obj</name>
      </input_file>
      <input_file id="fl-40">
         <path>C:\ti\ccs1210\ccs\tools\compiler\ti-cgt-msp430_21.6.0.LTS\lib\</path>
         <kind>archive</kind>
         <file>rts430_eabi.lib</file>
         <name>exit.c.obj</name>
      </input_file>
      <input_file id="fl-41">
         <path>C:\ti\ccs1210\ccs\tools\compiler\ti-cgt-msp430_21.6.0.LTS\lib\</path>
         <kind>archive</kind>
         <file>rts430_eabi.lib</file>
         <name>_lock.c.obj</name>
      </input_file>
      <input_file id="fl-42">
         <path>C:\ti\ccs1210\ccs\tools\compiler\ti-cgt-msp430_21.6.0.LTS\lib\</path>
         <kind>archive</kind>
         <file>rts430_eabi.lib</file>
         <name>args_main.c.obj</name>
      </input_file>
      <input_file id="fl-43">
         <path>C:\ti\ccs1210\ccs\tools\compiler\ti-cgt-msp430_21.6.0.LTS\lib\</path>
         <kind>archive</kind>
         <file>rts430_eabi.lib</file>
         <name>memcpy.c.obj</name>
      </input_file>
      <input_file id="fl-44">
         <path>C:\ti\ccs1210\ccs\tools\compiler\ti-cgt-msp430_21.6.0.LTS\lib\</path>
         <kind>archive</kind>
         <file>rts430_eabi.lib</file>
         <name>_printfi.c.obj</name>
      </input_file>
      <input_file id="fl-45">
         <path>C:\ti\ccs1210\ccs\tools\compiler\ti-cgt-msp430_21.6.0.LTS\lib\</path>
         <kind>archive</kind>
         <file>rts430_eabi.lib</file>
         <name>div32u.asm.obj</name>
      </input_file>
      <input_file id="fl-46">
         <path>C:\ti\ccs1210\ccs\tools\compiler\ti-cgt-msp430_21.6.0.LTS\lib\</path>
         <kind>archive</kind>
         <file>rts430_eabi.lib</file>
         <name>lsl16.asm.obj</name>
      </input_file>
      <input_file id="fl-47">
         <path>C:\ti\ccs1210\ccs\tools\compiler\ti-cgt-msp430_21.6.0.LTS\lib\</path>
         <kind>archive</kind>
         <file>rts430_eabi.lib</file>
         <name>lsr16.asm.obj</name>
      </input_file>
      <input_file id="fl-48">
         <path>C:\ti\ccs1210\ccs\tools\compiler\ti-cgt-msp430_21.6.0.LTS\lib\</path>
         <kind>archive</kind>
         <file>rts430_eabi.lib</file>
         <name>exit_gvars.c.obj</name>
      </input_file>
      <input_file id="fl-49">
         <path>C:\ti\ccs1210\ccs\tools\compiler\ti-cgt-msp430_21.6.0.LTS\lib\</path>
         <kind>archive</kind>
         <file>rts430_eabi.lib</file>
         <name>lsr64.c.obj</name>
      </input_file>
      <input_file id="fl-4a">
         <path>C:\ti\ccs1210\ccs\tools\compiler\ti-cgt-msp430_21.6.0.LTS\lib\</path>
         <kind>archive</kind>
         <file>rts430_eabi.lib</file>
         <name>div64u.c.obj</name>
      </input_file>
      <input_file id="fl-4b">
         <path>C:\ti\ccs1210\ccs\tools\compiler\ti-cgt-msp430_21.6.0.LTS\lib\</path>
         <kind>archive</kind>
         <file>rts430_eabi.lib</file>
         <name>cmpd.c.obj</name>
      </input_file>
      <input_file id="fl-4c">
         <path>C:\ti\ccs1210\ccs\tools\compiler\ti-cgt-msp430_21.6.0.LTS\lib\</path>
         <kind>archive</kind>
         <file>rts430_eabi.lib</file>
         <name>divd.c.obj</name>
      </input_file>
      <input_file id="fl-4d">
         <path>C:\ti\ccs1210\ccs\tools\compiler\ti-cgt-msp430_21.6.0.LTS\lib\</path>
         <kind>archive</kind>
         <file>rts430_eabi.lib</file>
         <name>fixdi.c.obj</name>
      </input_file>
      <input_file id="fl-4e">
         <path>C:\ti\ccs1210\ccs\tools\compiler\ti-cgt-msp430_21.6.0.LTS\lib\</path>
         <kind>archive</kind>
         <file>rts430_eabi.lib</file>
         <name>fixdli.c.obj</name>
      </input_file>
      <input_file id="fl-4f">
         <path>C:\ti\ccs1210\ccs\tools\compiler\ti-cgt-msp430_21.6.0.LTS\lib\</path>
         <kind>archive</kind>
         <file>rts430_eabi.lib</file>
         <name>fltid.c.obj</name>
      </input_file>
      <input_file id="fl-50">
         <path>C:\ti\ccs1210\ccs\tools\compiler\ti-cgt-msp430_21.6.0.LTS\lib\</path>
         <kind>archive</kind>
         <file>rts430_eabi.lib</file>
         <name>fltlid.c.obj</name>
      </input_file>
      <input_file id="fl-51">
         <path>C:\ti\ccs1210\ccs\tools\compiler\ti-cgt-msp430_21.6.0.LTS\lib\</path>
         <kind>archive</kind>
         <file>rts430_eabi.lib</file>
         <name>frcdivd.c.obj</name>
      </input_file>
      <input_file id="fl-52">
         <path>C:\ti\ccs1210\ccs\tools\compiler\ti-cgt-msp430_21.6.0.LTS\lib\</path>
         <kind>archive</kind>
         <file>rts430_eabi.lib</file>
         <name>mpyd.c.obj</name>
      </input_file>
      <input_file id="fl-53">
         <path>C:\ti\ccs1210\ccs\tools\compiler\ti-cgt-msp430_21.6.0.LTS\lib\</path>
         <kind>archive</kind>
         <file>rts430_eabi.lib</file>
         <name>negd.c.obj</name>
      </input_file>
      <input_file id="fl-54">
         <path>C:\ti\ccs1210\ccs\tools\compiler\ti-cgt-msp430_21.6.0.LTS\lib\</path>
         <kind>archive</kind>
         <file>rts430_eabi.lib</file>
         <name>subd.c.obj</name>
      </input_file>
      <input_file id="fl-55">
         <path>C:\ti\ccs1210\ccs\tools\compiler\ti-cgt-msp430_21.6.0.LTS\lib\</path>
         <kind>archive</kind>
         <file>rts430_eabi.lib</file>
         <name>_ltoa.c.obj</name>
      </input_file>
      <input_file id="fl-56">
         <path>C:\ti\ccs1210\ccs\tools\compiler\ti-cgt-msp430_21.6.0.LTS\lib\</path>
         <kind>archive</kind>
         <file>rts430_eabi.lib</file>
         <name>atoi.c.obj</name>
      </input_file>
      <input_file id="fl-57">
         <path>C:\ti\ccs1210\ccs\tools\compiler\ti-cgt-msp430_21.6.0.LTS\lib\</path>
         <kind>archive</kind>
         <file>rts430_eabi.lib</file>
         <name>ctype.c.obj</name>
      </input_file>
      <input_file id="fl-58">
         <path>C:\ti\ccs1210\ccs\tools\compiler\ti-cgt-msp430_21.6.0.LTS\lib\</path>
         <kind>archive</kind>
         <file>rts430_eabi.lib</file>
         <name>memccpy.c.obj</name>
      </input_file>
      <input_file id="fl-59">
         <path>C:\ti\ccs1210\ccs\tools\compiler\ti-cgt-msp430_21.6.0.LTS\lib\</path>
         <kind>archive</kind>
         <file>rts430_eabi.lib</file>
         <name>memset.c.obj</name>
      </input_file>
      <input_file id="fl-5a">
         <path>C:\ti\ccs1210\ccs\tools\compiler\ti-cgt-msp430_21.6.0.LTS\lib\</path>
         <kind>archive</kind>
         <file>rts430_eabi.lib</file>
         <name>strchr.c.obj</name>
      </input_file>
      <input_file id="fl-5b">
         <path>C:\ti\ccs1210\ccs\tools\compiler\ti-cgt-msp430_21.6.0.LTS\lib\</path>
         <kind>archive</kind>
         <file>rts430_eabi.lib</file>
         <name>strlen.c.obj</name>
      </input_file>
      <input_file id="fl-5c">
         <path>C:\ti\ccs1210\ccs\tools\compiler\ti-cgt-msp430_21.6.0.LTS\lib\</path>
         <kind>archive</kind>
         <file>rts430_eabi.lib</file>
         <name>toupper.c.obj</name>
      </input_file>
      <input_file id="fl-5d">
         <path>C:\ti\ccs1210\ccs\tools\compiler\ti-cgt-msp430_21.6.0.LTS\lib\</path>
         <kind>archive</kind>
         <file>rts430_eabi.lib</file>
         <name>errno.c.obj</name>
      </input_file>
      <input_file id="fl-5e">
         <path>C:\ti\ccs1210\ccs\tools\compiler\ti-cgt-msp430_21.6.0.LTS\lib\</path>
         <kind>archive</kind>
         <file>rts430_eabi.lib</file>
         <name>abs.c.obj</name>
      </input_file>
      <input_file id="fl-5f">
         <path>C:\ti\ccs1210\ccs\tools\compiler\ti-cgt-msp430_21.6.0.LTS\lib\</path>
         <kind>archive</kind>
         <file>rts430_eabi.lib</file>
         <name>wcslen.c.obj</name>
      </input_file>
      <input_file id="fl-60">
         <path>C:\ti\ccs1210\ccs\tools\compiler\ti-cgt-msp430_21.6.0.LTS\lib\</path>
         <kind>archive</kind>
         <file>rts430_eabi.lib</file>
         <name>s_frexp.c.obj</name>
      </input_file>
      <input_file id="fl-61">
         <path>C:\ti\ccs1210\ccs\tools\compiler\ti-cgt-msp430_21.6.0.LTS\lib\</path>
         <kind>archive</kind>
         <file>rts430_eabi.lib</file>
         <name>s_scalbn.c.obj</name>
      </input_file>
      <input_file id="fl-62">
         <path>C:\ti\ccs1210\ccs\tools\compiler\ti-cgt-msp430_21.6.0.LTS\lib\</path>
         <kind>archive</kind>
         <file>rts430_eabi.lib</file>
         <name>asr32.asm.obj</name>
      </input_file>
      <input_file id="fl-63">
         <path>C:\ti\ccs1210\ccs\tools\compiler\ti-cgt-msp430_21.6.0.LTS\lib\</path>
         <kind>archive</kind>
         <file>rts430_eabi.lib</file>
         <name>div32s.asm.obj</name>
      </input_file>
      <input_file id="fl-64">
         <path>C:\ti\ccs1210\ccs\tools\compiler\ti-cgt-msp430_21.6.0.LTS\lib\</path>
         <kind>archive</kind>
         <file>rts430_eabi.lib</file>
         <name>lsl32.asm.obj</name>
      </input_file>
      <input_file id="fl-65">
         <path>C:\ti\ccs1210\ccs\tools\compiler\ti-cgt-msp430_21.6.0.LTS\lib\</path>
         <kind>archive</kind>
         <file>rts430_eabi.lib</file>
         <name>lsr32.asm.obj</name>
      </input_file>
      <input_file id="fl-66">
         <path>C:\ti\ccs1210\ccs\tools\compiler\ti-cgt-msp430_21.6.0.LTS\lib\</path>
         <kind>archive</kind>
         <file>rts430_eabi.lib</file>
         <name>mult32.asm.obj</name>
      </input_file>
      <input_file id="fl-67">
         <path>C:\ti\ccs1210\ccs\tools\compiler\ti-cgt-msp430_21.6.0.LTS\lib\</path>
         <kind>archive</kind>
         <file>rts430_eabi.lib</file>
         <name>lsl64.c.obj</name>
      </input_file>
      <input_file id="fl-68">
         <path>C:\ti\ccs1210\ccs\tools\compiler\ti-cgt-msp430_21.6.0.LTS\lib\</path>
         <kind>archive</kind>
         <file>rts430_eabi.lib</file>
         <name>addd.c.obj</name>
      </input_file>
      <input_file id="fl-69">
         <path>C:\ti\ccs1210\ccs\tools\compiler\ti-cgt-msp430_21.6.0.LTS\lib\</path>
         <kind>archive</kind>
         <file>rts430_eabi.lib</file>
         <name>frcmpyd.c.obj</name>
      </input_file>
      <input_file id="fl-6a">
         <path>C:\ti\ccs1210\ccs\tools\compiler\ti-cgt-msp430_21.6.0.LTS\lib\</path>
         <kind>archive</kind>
         <file>rts430_eabi.lib</file>
         <name>s_copysign.c.obj</name>
      </input_file>
      <input_file id="fl-6b">
         <path>C:\ti\ccs1210\ccs\tools\compiler\ti-cgt-msp430_21.6.0.LTS\lib\</path>
         <kind>archive</kind>
         <file>rts430_eabi.lib</file>
         <name>mult3264.asm.obj</name>
      </input_file>
      <input_file id="fl-6c">
         <path>C:\ti\ccs1210\ccs\tools\compiler\ti-cgt-msp430_21.6.0.LTS\lib\</path>
         <kind>archive</kind>
         <file>rts430_eabi.lib</file>
         <name>mult64.asm.obj</name>
      </input_file>
      <input_file id="fl-6d">
         <path>C:\ti\ccs1210\ccs\tools\compiler\ti-cgt-msp430_21.6.0.LTS\lib\</path>
         <kind>archive</kind>
         <file>rts430_eabi.lib</file>
         <name>asr64.c.obj</name>
      </input_file>
      <input_file id="fl-6e">
         <path>C:\ti\ccs1210\ccs\tools\compiler\ti-cgt-msp430_21.6.0.LTS\lib\</path>
         <kind>archive</kind>
         <file>rts430_eabi.lib</file>
         <name>mult1632.asm.obj</name>
      </input_file>
   </input_file_list>
   <object_component_list>
      <object_component id="oc-326">
         <name>.common:RxByteCtr</name>
         <uninitialized>true</uninitialized>
         <run_address>0x25a</run_address>
         <size>0x2</size>
      </object_component>
      <object_component id="oc-327">
         <name>.common:PRxData</name>
         <uninitialized>true</uninitialized>
         <run_address>0x256</run_address>
         <size>0x2</size>
      </object_component>
      <object_component id="oc-31e">
         <name>.common:TxByteCtr</name>
         <uninitialized>true</uninitialized>
         <run_address>0x25e</run_address>
         <size>0x2</size>
      </object_component>
      <object_component id="oc-321">
         <name>.common:PTxData</name>
         <uninitialized>true</uninitialized>
         <run_address>0x258</run_address>
         <size>0x2</size>
      </object_component>
      <object_component id="oc-281">
         <name>.common:x_pos</name>
         <uninitialized>true</uninitialized>
         <run_address>0x268</run_address>
         <size>0x2</size>
      </object_component>
      <object_component id="oc-282">
         <name>.common:y_pos</name>
         <uninitialized>true</uninitialized>
         <run_address>0x26a</run_address>
         <size>0x2</size>
      </object_component>
      <object_component id="oc-283">
         <name>.common:button</name>
         <uninitialized>true</uninitialized>
         <run_address>0x260</run_address>
         <size>0x2</size>
      </object_component>
      <object_component id="oc-287">
         <name>.common:chosen_letter</name>
         <uninitialized>true</uninitialized>
         <run_address>0x26c</run_address>
         <size>0x1</size>
      </object_component>
      <object_component id="oc-322">
         <name>.common:counter</name>
         <uninitialized>true</uninitialized>
         <run_address>0x262</run_address>
         <size>0x2</size>
      </object_component>
      <object_component id="oc-147">
         <name>.common:forRX</name>
         <uninitialized>true</uninitialized>
         <run_address>0x264</run_address>
         <size>0x2</size>
      </object_component>
      <object_component id="oc-143">
         <name>.common:forTX</name>
         <uninitialized>true</uninitialized>
         <run_address>0x266</run_address>
         <size>0x2</size>
      </object_component>
      <object_component id="oc-2f2">
         <name>.common:SPIdata</name>
         <uninitialized>true</uninitialized>
         <run_address>0x25c</run_address>
         <size>0x2</size>
      </object_component>
      <object_component id="oc-19a">
         <name>.data</name>
         <load_address>0x23c</load_address>
         <run_address>0x23c</run_address>
         <size>0x8</size>
         <input_file_ref idref="fl-2"/>
      </object_component>
      <object_component id="oc-19d">
         <name>.data:flash_start</name>
         <load_address>0x21c</load_address>
         <run_address>0x21c</run_address>
         <size>0x10</size>
         <input_file_ref idref="fl-2"/>
      </object_component>
      <object_component id="oc-1ca">
         <name>.data:adc_values</name>
         <load_address>0x24a</load_address>
         <run_address>0x24a</run_address>
         <size>0x5</size>
         <input_file_ref idref="fl-2"/>
      </object_component>
      <object_component id="oc-288">
         <name>.data:stored_word</name>
         <load_address>0x22c</load_address>
         <run_address>0x22c</run_address>
         <size>0x10</size>
         <input_file_ref idref="fl-2"/>
      </object_component>
      <object_component id="oc-284">
         <name>.data:letters</name>
         <load_address>0x200</load_address>
         <run_address>0x200</run_address>
         <size>0x1b</size>
         <input_file_ref idref="fl-2"/>
      </object_component>
      <object_component id="oc-244">
         <name>.data:flashInstructData</name>
         <load_address>0x250</load_address>
         <run_address>0x250</run_address>
         <size>0x4</size>
         <input_file_ref idref="fl-5"/>
      </object_component>
      <object_component id="oc-241">
         <name>.data</name>
         <load_address>0x21b</load_address>
         <run_address>0x21b</run_address>
         <size>0x1</size>
         <input_file_ref idref="fl-5"/>
      </object_component>
      <object_component id="oc-31b">
         <name>.data</name>
         <load_address>0x254</load_address>
         <run_address>0x254</run_address>
         <size>0x2</size>
         <input_file_ref idref="fl-6"/>
      </object_component>
      <object_component id="oc-2ef">
         <name>.data</name>
         <load_address>0x244</load_address>
         <run_address>0x244</run_address>
         <size>0x6</size>
         <input_file_ref idref="fl-8"/>
      </object_component>
      <object_component id="oc-b1">
         <name>.stack</name>
         <uninitialized>true</uninitialized>
         <run_address>0x3b0</run_address>
         <size>0x2</size>
         <input_file_ref idref="fl-37"/>
      </object_component>
      <object_component id="oc-3d1">
         <name>.stack</name>
         <uninitialized>true</uninitialized>
         <run_address>0x3b0</run_address>
         <size>0x0</size>
      </object_component>
      <object_component id="oc-1d3">
         <name>.text:process_joystick</name>
         <load_address>0xc000</load_address>
         <run_address>0xc000</run_address>
         <size>0x204</size>
         <input_file_ref idref="fl-2"/>
      </object_component>
      <object_component id="oc-187">
         <name>.text:lcd_init</name>
         <load_address>0xc204</load_address>
         <run_address>0xc204</run_address>
         <size>0xe0</size>
         <input_file_ref idref="fl-3"/>
      </object_component>
      <object_component id="oc-157">
         <name>.text:main</name>
         <load_address>0xc2e4</load_address>
         <run_address>0xc2e4</run_address>
         <size>0x84</size>
         <input_file_ref idref="fl-2"/>
      </object_component>
      <object_component id="oc-34">
         <name>.text:decompress:lzss:__TI_decompress_lzss</name>
         <load_address>0xc368</load_address>
         <run_address>0xc368</run_address>
         <size>0x7c</size>
         <input_file_ref idref="fl-3f"/>
      </object_component>
      <object_component id="oc-28b">
         <name>.text:flash_write</name>
         <load_address>0xc3e4</load_address>
         <run_address>0xc3e4</run_address>
         <size>0x72</size>
         <input_file_ref idref="fl-5"/>
      </object_component>
      <object_component id="oc-312">
         <name>.text:i2c_TXISR</name>
         <load_address>0xc456</load_address>
         <run_address>0xc456</run_address>
         <size>0x6a</size>
         <input_file_ref idref="fl-6"/>
      </object_component>
      <object_component id="oc-266">
         <name>.text:i2c_init</name>
         <load_address>0xc4c0</load_address>
         <run_address>0xc4c0</run_address>
         <size>0x6a</size>
         <input_file_ref idref="fl-6"/>
      </object_component>
      <object_component id="oc-1a0">
         <name>.text:flash_read</name>
         <load_address>0xc52a</load_address>
         <run_address>0xc52a</run_address>
         <size>0x50</size>
         <input_file_ref idref="fl-5"/>
      </object_component>
      <object_component id="oc-194">
         <name>.text:write_to_lcd</name>
         <load_address>0xc57a</load_address>
         <run_address>0xc57a</run_address>
         <size>0x4e</size>
         <input_file_ref idref="fl-2"/>
      </object_component>
      <object_component id="oc-27a">
         <name>.text:i2c_read</name>
         <load_address>0xc5c8</load_address>
         <run_address>0xc5c8</run_address>
         <size>0x4c</size>
         <input_file_ref idref="fl-6"/>
      </object_component>
      <object_component id="oc-ba">
         <name>.text</name>
         <load_address>0xc614</load_address>
         <run_address>0xc614</run_address>
         <size>0x4c</size>
         <input_file_ref idref="fl-47"/>
      </object_component>
      <object_component id="oc-32d">
         <name>.text:erase_section</name>
         <load_address>0xc660</load_address>
         <run_address>0xc660</run_address>
         <size>0x48</size>
         <input_file_ref idref="fl-5"/>
      </object_component>
      <object_component id="oc-25e">
         <name>.text:send_data</name>
         <load_address>0xc6a8</load_address>
         <run_address>0xc6a8</run_address>
         <size>0x48</size>
         <input_file_ref idref="fl-3"/>
      </object_component>
      <object_component id="oc-227">
         <name>.text:spi_init</name>
         <load_address>0xc6f0</load_address>
         <run_address>0xc6f0</run_address>
         <size>0x48</size>
         <input_file_ref idref="fl-8"/>
      </object_component>
      <object_component id="oc-1a6">
         <name>.text:lcd_cursorShow</name>
         <load_address>0xc738</load_address>
         <run_address>0xc738</run_address>
         <size>0x44</size>
         <input_file_ref idref="fl-3"/>
      </object_component>
      <object_component id="oc-256">
         <name>.text:send_command</name>
         <load_address>0xc77c</load_address>
         <run_address>0xc77c</run_address>
         <size>0x44</size>
         <input_file_ref idref="fl-3"/>
      </object_component>
      <object_component id="oc-1e6">
         <name>.text:__TI_auto_init_nobinit_nopinit:__TI_auto_init_nobinit_nopinit</name>
         <load_address>0xc7c0</load_address>
         <run_address>0xc7c0</run_address>
         <size>0x42</size>
         <input_file_ref idref="fl-38"/>
      </object_component>
      <object_component id="oc-26f">
         <name>.text:i2c_write</name>
         <load_address>0xc802</load_address>
         <run_address>0xc802</run_address>
         <size>0x42</size>
         <input_file_ref idref="fl-6"/>
      </object_component>
      <object_component id="oc-22e">
         <name>.text:lcd_enable</name>
         <load_address>0xc844</load_address>
         <run_address>0xc844</run_address>
         <size>0x42</size>
         <input_file_ref idref="fl-3"/>
      </object_component>
      <object_component id="oc-306">
         <name>.text:free_bus</name>
         <load_address>0xc886</load_address>
         <run_address>0xc886</run_address>
         <size>0x3c</size>
         <input_file_ref idref="fl-6"/>
      </object_component>
      <object_component id="oc-2cd">
         <name>.text:spi_RXISR</name>
         <load_address>0xc8c2</load_address>
         <run_address>0xc8c2</run_address>
         <size>0x36</size>
         <input_file_ref idref="fl-8"/>
      </object_component>
      <object_component id="oc-2d3">
         <name>.text:spi_TXISR</name>
         <load_address>0xc8f8</load_address>
         <run_address>0xc8f8</run_address>
         <size>0x36</size>
         <input_file_ref idref="fl-8"/>
      </object_component>
      <object_component id="oc-247">
         <name>.text:spi_write</name>
         <load_address>0xc92e</load_address>
         <run_address>0xc92e</run_address>
         <size>0x32</size>
         <input_file_ref idref="fl-8"/>
      </object_component>
      <object_component id="oc-24d">
         <name>.text:spi_read</name>
         <load_address>0xc960</load_address>
         <run_address>0xc960</run_address>
         <size>0x30</size>
         <input_file_ref idref="fl-8"/>
      </object_component>
      <object_component id="oc-2ff">
         <name>.text</name>
         <load_address>0xc990</load_address>
         <run_address>0xc990</run_address>
         <size>0x2c</size>
         <input_file_ref idref="fl-26"/>
      </object_component>
      <object_component id="oc-b5">
         <name>.text</name>
         <load_address>0xc9bc</load_address>
         <run_address>0xc9bc</run_address>
         <size>0x2c</size>
         <input_file_ref idref="fl-46"/>
      </object_component>
      <object_component id="oc-333">
         <name>.text:write_enable</name>
         <load_address>0xc9e8</load_address>
         <run_address>0xc9e8</run_address>
         <size>0x2a</size>
         <input_file_ref idref="fl-5"/>
      </object_component>
      <object_component id="oc-1ac">
         <name>.text:lcd_cursorSet</name>
         <load_address>0xca12</load_address>
         <run_address>0xca12</run_address>
         <size>0x28</size>
         <input_file_ref idref="fl-3"/>
      </object_component>
      <object_component id="oc-181">
         <name>.text:initMSP</name>
         <load_address>0xca3a</load_address>
         <run_address>0xca3a</run_address>
         <size>0x26</size>
         <input_file_ref idref="fl-9"/>
      </object_component>
      <object_component id="oc-1be">
         <name>.text:lcd_clear</name>
         <load_address>0xca60</load_address>
         <run_address>0xca60</run_address>
         <size>0x26</size>
         <input_file_ref idref="fl-3"/>
      </object_component>
      <object_component id="oc-1c4">
         <name>.text:adac_init</name>
         <load_address>0xca86</load_address>
         <run_address>0xca86</run_address>
         <size>0x1e</size>
         <input_file_ref idref="fl-4"/>
      </object_component>
      <object_component id="oc-234">
         <name>.text:lcd_putText</name>
         <load_address>0xcaa4</load_address>
         <run_address>0xcaa4</run_address>
         <size>0x1e</size>
         <input_file_ref idref="fl-3"/>
      </object_component>
      <object_component id="oc-ff">
         <name>.text:_c_int00_noargs</name>
         <load_address>0xcac2</load_address>
         <run_address>0xcac2</run_address>
         <size>0x1c</size>
         <input_file_ref idref="fl-37"/>
      </object_component>
      <object_component id="oc-e7">
         <name>.text:USCIAB0RX_ISR</name>
         <load_address>0xcade</load_address>
         <run_address>0xcade</run_address>
         <size>0x1a</size>
         <input_file_ref idref="fl-7"/>
      </object_component>
      <object_component id="oc-e1">
         <name>.text:USCIAB0TX_ISR</name>
         <load_address>0xcaf8</load_address>
         <run_address>0xcaf8</run_address>
         <size>0x1a</size>
         <input_file_ref idref="fl-7"/>
      </object_component>
      <object_component id="oc-21a">
         <name>.text:send_nibble</name>
         <load_address>0xcb12</load_address>
         <run_address>0xcb12</run_address>
         <size>0x18</size>
         <input_file_ref idref="fl-3"/>
      </object_component>
      <object_component id="oc-1b2">
         <name>.text:delay_ms</name>
         <load_address>0xcb2a</load_address>
         <run_address>0xcb2a</run_address>
         <size>0x16</size>
         <input_file_ref idref="fl-3"/>
      </object_component>
      <object_component id="oc-220">
         <name>.text:delay_us</name>
         <load_address>0xcb40</load_address>
         <run_address>0xcb40</run_address>
         <size>0x16</size>
         <input_file_ref idref="fl-3"/>
      </object_component>
      <object_component id="oc-ed">
         <name>.text:decompress:ZI:__TI_zero_init_nomemset:__TI_zero_init_nomemset</name>
         <load_address>0xcb56</load_address>
         <run_address>0xcb56</run_address>
         <size>0x14</size>
         <input_file_ref idref="fl-39"/>
      </object_component>
      <object_component id="oc-30c">
         <name>.text:i2c_RXISR</name>
         <load_address>0xcb6a</load_address>
         <run_address>0xcb6a</run_address>
         <size>0x14</size>
         <input_file_ref idref="fl-6"/>
      </object_component>
      <object_component id="oc-3a">
         <name>.text:decompress:none:__TI_decompress_none</name>
         <load_address>0xcb7e</load_address>
         <run_address>0xcb7e</run_address>
         <size>0x12</size>
         <input_file_ref idref="fl-3e"/>
      </object_component>
      <object_component id="oc-2c5">
         <name>.text:enable</name>
         <load_address>0xcb90</load_address>
         <run_address>0xcb90</run_address>
         <size>0x12</size>
         <input_file_ref idref="fl-3"/>
      </object_component>
      <object_component id="oc-18d">
         <name>.text:flash_init</name>
         <load_address>0xcba2</load_address>
         <run_address>0xcba2</run_address>
         <size>0x12</size>
         <input_file_ref idref="fl-5"/>
      </object_component>
      <object_component id="oc-cf">
         <name>.text:memcpy</name>
         <load_address>0xcbb4</load_address>
         <run_address>0xcbb4</run_address>
         <size>0x12</size>
         <input_file_ref idref="fl-43"/>
      </object_component>
      <object_component id="oc-bf">
         <name>.text</name>
         <load_address>0xcbc6</load_address>
         <run_address>0xcbc6</run_address>
         <size>0x10</size>
         <input_file_ref idref="fl-29"/>
      </object_component>
      <object_component id="oc-1cd">
         <name>.text:adac_read</name>
         <load_address>0xcbd6</load_address>
         <run_address>0xcbd6</run_address>
         <size>0xe</size>
         <input_file_ref idref="fl-4"/>
      </object_component>
      <object_component id="oc-2d9">
         <name>.text:interrupts_mode</name>
         <load_address>0xcbe4</load_address>
         <run_address>0xcbe4</run_address>
         <size>0xa</size>
         <input_file_ref idref="fl-7"/>
      </object_component>
      <object_component id="oc-dc">
         <name>.text:_isr:__TI_ISR_TRAP</name>
         <load_address>0xcbee</load_address>
         <run_address>0xcbee</run_address>
         <size>0x8</size>
         <input_file_ref idref="fl-35"/>
      </object_component>
      <object_component id="oc-2f5">
         <name>.text:spi_busy</name>
         <load_address>0xcbf6</load_address>
         <run_address>0xcbf6</run_address>
         <size>0x8</size>
         <input_file_ref idref="fl-8"/>
      </object_component>
      <object_component id="oc-1da">
         <name>.text:abort</name>
         <load_address>0xcbfe</load_address>
         <run_address>0xcbfe</run_address>
         <size>0x6</size>
         <input_file_ref idref="fl-40"/>
      </object_component>
      <object_component id="oc-1b8">
         <name>.text:lcd_putChar</name>
         <load_address>0xcc04</load_address>
         <run_address>0xcc04</run_address>
         <size>0x6</size>
         <input_file_ref idref="fl-3"/>
      </object_component>
      <object_component id="oc-151">
         <name>.text:_system_pre_init</name>
         <load_address>0xcc0a</load_address>
         <run_address>0xcc0a</run_address>
         <size>0x4</size>
         <input_file_ref idref="fl-3c"/>
      </object_component>
      <object_component id="oc-2a4">
         <name>.text:_system_post_cinit</name>
         <load_address>0xcc0e</load_address>
         <run_address>0xcc0e</run_address>
         <size>0x2</size>
         <input_file_ref idref="fl-3d"/>
      </object_component>
      <object_component id="oc-3d0">
         <name>.cinit..data.load</name>
         <load_address>0xcc1a</load_address>
         <run_address>0xcc1a</run_address>
         <size>0x2c</size>
      </object_component>
      <object_component id="oc-3cd">
         <name>__TI_handler_table</name>
         <load_address>0xcc46</load_address>
         <run_address>0xcc46</run_address>
         <size>0x6</size>
      </object_component>
      <object_component id="oc-3cf">
         <name>.cinit..bss.load</name>
         <load_address>0xcc4c</load_address>
         <run_address>0xcc4c</run_address>
         <size>0x4</size>
      </object_component>
      <object_component id="oc-3ce">
         <name>__TI_cinit_table</name>
         <load_address>0xcc50</load_address>
         <run_address>0xcc50</run_address>
         <size>0x8</size>
      </object_component>
      <object_component id="oc-193">
         <name>.const:.string</name>
         <load_address>0xcc10</load_address>
         <run_address>0xcc10</run_address>
         <size>0x8</size>
         <input_file_ref idref="fl-2"/>
      </object_component>
      <object_component id="oc-26c">
         <name>.const:.string:$P$T0$1</name>
         <load_address>0xcc18</load_address>
         <run_address>0xcc18</run_address>
         <size>0x1</size>
         <input_file_ref idref="fl-4"/>
      </object_component>
      <object_component id="oc-38f">
         <name>.binit</name>
         <load_address>0xc000</load_address>
         <run_address>0xc000</run_address>
         <size>0x0</size>
      </object_component>
      <object_component id="oc-40">
         <name>.int00</name>
         <load_address>0xffe0</load_address>
         <run_address>0xffe0</run_address>
         <size>0x2</size>
         <input_file_ref idref="fl-2a"/>
      </object_component>
      <object_component id="oc-41">
         <name>.int02</name>
         <load_address>0xffe4</load_address>
         <run_address>0xffe4</run_address>
         <size>0x2</size>
         <input_file_ref idref="fl-2b"/>
      </object_component>
      <object_component id="oc-42">
         <name>.int03</name>
         <load_address>0xffe6</load_address>
         <run_address>0xffe6</run_address>
         <size>0x2</size>
         <input_file_ref idref="fl-2c"/>
      </object_component>
      <object_component id="oc-43">
         <name>.int05</name>
         <load_address>0xffea</load_address>
         <run_address>0xffea</run_address>
         <size>0x2</size>
         <input_file_ref idref="fl-2d"/>
      </object_component>
      <object_component id="oc-44">
         <name>.int06</name>
         <load_address>0xffec</load_address>
         <run_address>0xffec</run_address>
         <size>0x2</size>
         <input_file_ref idref="fl-7"/>
      </object_component>
      <object_component id="oc-45">
         <name>.int07</name>
         <load_address>0xffee</load_address>
         <run_address>0xffee</run_address>
         <size>0x2</size>
         <input_file_ref idref="fl-7"/>
      </object_component>
      <object_component id="oc-46">
         <name>.int08</name>
         <load_address>0xfff0</load_address>
         <run_address>0xfff0</run_address>
         <size>0x2</size>
         <input_file_ref idref="fl-2e"/>
      </object_component>
      <object_component id="oc-47">
         <name>.int09</name>
         <load_address>0xfff2</load_address>
         <run_address>0xfff2</run_address>
         <size>0x2</size>
         <input_file_ref idref="fl-2f"/>
      </object_component>
      <object_component id="oc-48">
         <name>.int10</name>
         <load_address>0xfff4</load_address>
         <run_address>0xfff4</run_address>
         <size>0x2</size>
         <input_file_ref idref="fl-30"/>
      </object_component>
      <object_component id="oc-49">
         <name>.int11</name>
         <load_address>0xfff6</load_address>
         <run_address>0xfff6</run_address>
         <size>0x2</size>
         <input_file_ref idref="fl-31"/>
      </object_component>
      <object_component id="oc-4a">
         <name>.int12</name>
         <load_address>0xfff8</load_address>
         <run_address>0xfff8</run_address>
         <size>0x2</size>
         <input_file_ref idref="fl-32"/>
      </object_component>
      <object_component id="oc-4b">
         <name>.int13</name>
         <load_address>0xfffa</load_address>
         <run_address>0xfffa</run_address>
         <size>0x2</size>
         <input_file_ref idref="fl-33"/>
      </object_component>
      <object_component id="oc-4c">
         <name>.int14</name>
         <load_address>0xfffc</load_address>
         <run_address>0xfffc</run_address>
         <size>0x2</size>
         <input_file_ref idref="fl-34"/>
      </object_component>
      <object_component id="oc-b4">
         <name>.reset</name>
         <load_address>0xfffe</load_address>
         <run_address>0xfffe</run_address>
         <size>0x2</size>
         <input_file_ref idref="fl-37"/>
      </object_component>
      <object_component id="oc-23b">
         <name>.debug_info</name>
         <load_address>0x0</load_address>
         <run_address>0x0</run_address>
         <size>0x549</size>
         <input_file_ref idref="fl-2"/>
      </object_component>
      <object_component id="oc-19b">
         <name>.debug_info</name>
         <load_address>0x549</load_address>
         <run_address>0x549</run_address>
         <size>0x1a1</size>
         <input_file_ref idref="fl-2"/>
      </object_component>
      <object_component id="oc-19e">
         <name>.debug_info</name>
         <load_address>0x6ea</load_address>
         <run_address>0x6ea</run_address>
         <size>0x10f</size>
         <input_file_ref idref="fl-2"/>
      </object_component>
      <object_component id="oc-1cb">
         <name>.debug_info</name>
         <load_address>0x7f9</load_address>
         <run_address>0x7f9</run_address>
         <size>0x10d</size>
         <input_file_ref idref="fl-2"/>
      </object_component>
      <object_component id="oc-289">
         <name>.debug_info</name>
         <load_address>0x906</load_address>
         <run_address>0x906</run_address>
         <size>0x10f</size>
         <input_file_ref idref="fl-2"/>
      </object_component>
      <object_component id="oc-285">
         <name>.debug_info</name>
         <load_address>0xa15</load_address>
         <run_address>0xa15</run_address>
         <size>0x107</size>
         <input_file_ref idref="fl-2"/>
      </object_component>
      <object_component id="oc-195">
         <name>.debug_info</name>
         <load_address>0xb1c</load_address>
         <run_address>0xb1c</run_address>
         <size>0x1f8</size>
         <input_file_ref idref="fl-2"/>
      </object_component>
      <object_component id="oc-1d4">
         <name>.debug_info</name>
         <load_address>0xd14</load_address>
         <run_address>0xd14</run_address>
         <size>0x286</size>
         <input_file_ref idref="fl-2"/>
      </object_component>
      <object_component id="oc-158">
         <name>.debug_info</name>
         <load_address>0xf9a</load_address>
         <run_address>0xf9a</run_address>
         <size>0x239</size>
         <input_file_ref idref="fl-2"/>
      </object_component>
      <object_component id="oc-2e6">
         <name>.debug_info</name>
         <load_address>0x11d3</load_address>
         <run_address>0x11d3</run_address>
         <size>0x26b</size>
         <input_file_ref idref="fl-2"/>
      </object_component>
      <object_component id="oc-ca">
         <name>.debug_info</name>
         <load_address>0x143e</load_address>
         <run_address>0x143e</run_address>
         <size>0x84</size>
         <input_file_ref idref="fl-2"/>
      </object_component>
      <object_component id="oc-36d">
         <name>.debug_info</name>
         <load_address>0x14c2</load_address>
         <run_address>0x14c2</run_address>
         <size>0x282</size>
         <input_file_ref idref="fl-2"/>
      </object_component>
      <object_component id="oc-2e2">
         <name>.debug_info</name>
         <load_address>0x1744</load_address>
         <run_address>0x1744</run_address>
         <size>0x26a</size>
         <input_file_ref idref="fl-3"/>
      </object_component>
      <object_component id="oc-1b4">
         <name>.debug_info</name>
         <load_address>0x19ae</load_address>
         <run_address>0x19ae</run_address>
         <size>0x159</size>
         <input_file_ref idref="fl-3"/>
      </object_component>
      <object_component id="oc-2c7">
         <name>.debug_info</name>
         <load_address>0x1b07</load_address>
         <run_address>0x1b07</run_address>
         <size>0x14a</size>
         <input_file_ref idref="fl-3"/>
      </object_component>
      <object_component id="oc-21d">
         <name>.debug_info</name>
         <load_address>0x1c51</load_address>
         <run_address>0x1c51</run_address>
         <size>0x17f</size>
         <input_file_ref idref="fl-3"/>
      </object_component>
      <object_component id="oc-222">
         <name>.debug_info</name>
         <load_address>0x1dd0</load_address>
         <run_address>0x1dd0</run_address>
         <size>0x159</size>
         <input_file_ref idref="fl-3"/>
      </object_component>
      <object_component id="oc-25f">
         <name>.debug_info</name>
         <load_address>0x1f29</load_address>
         <run_address>0x1f29</run_address>
         <size>0x204</size>
         <input_file_ref idref="fl-3"/>
      </object_component>
      <object_component id="oc-257">
         <name>.debug_info</name>
         <load_address>0x212d</load_address>
         <run_address>0x212d</run_address>
         <size>0x206</size>
         <input_file_ref idref="fl-3"/>
      </object_component>
      <object_component id="oc-235">
         <name>.debug_info</name>
         <load_address>0x2333</load_address>
         <run_address>0x2333</run_address>
         <size>0x185</size>
         <input_file_ref idref="fl-3"/>
      </object_component>
      <object_component id="oc-1ba">
         <name>.debug_info</name>
         <load_address>0x24b8</load_address>
         <run_address>0x24b8</run_address>
         <size>0x173</size>
         <input_file_ref idref="fl-3"/>
      </object_component>
      <object_component id="oc-188">
         <name>.debug_info</name>
         <load_address>0x262b</load_address>
         <run_address>0x262b</run_address>
         <size>0x30d</size>
         <input_file_ref idref="fl-3"/>
      </object_component>
      <object_component id="oc-22f">
         <name>.debug_info</name>
         <load_address>0x2938</load_address>
         <run_address>0x2938</run_address>
         <size>0x1e1</size>
         <input_file_ref idref="fl-3"/>
      </object_component>
      <object_component id="oc-1a8">
         <name>.debug_info</name>
         <load_address>0x2b19</load_address>
         <run_address>0x2b19</run_address>
         <size>0x1ea</size>
         <input_file_ref idref="fl-3"/>
      </object_component>
      <object_component id="oc-1ad">
         <name>.debug_info</name>
         <load_address>0x2d03</load_address>
         <run_address>0x2d03</run_address>
         <size>0x19b</size>
         <input_file_ref idref="fl-3"/>
      </object_component>
      <object_component id="oc-1bf">
         <name>.debug_info</name>
         <load_address>0x2e9e</load_address>
         <run_address>0x2e9e</run_address>
         <size>0x195</size>
         <input_file_ref idref="fl-3"/>
      </object_component>
      <object_component id="oc-276">
         <name>.debug_info</name>
         <load_address>0x3033</load_address>
         <run_address>0x3033</run_address>
         <size>0x2ba</size>
         <input_file_ref idref="fl-4"/>
      </object_component>
      <object_component id="oc-26d">
         <name>.debug_info</name>
         <load_address>0x32ed</load_address>
         <run_address>0x32ed</run_address>
         <size>0x10b</size>
         <input_file_ref idref="fl-4"/>
      </object_component>
      <object_component id="oc-1d0">
         <name>.debug_info</name>
         <load_address>0x33f8</load_address>
         <run_address>0x33f8</run_address>
         <size>0x181</size>
         <input_file_ref idref="fl-4"/>
      </object_component>
      <object_component id="oc-1c6">
         <name>.debug_info</name>
         <load_address>0x3579</load_address>
         <run_address>0x3579</run_address>
         <size>0x184</size>
         <input_file_ref idref="fl-4"/>
      </object_component>
      <object_component id="oc-254">
         <name>.debug_info</name>
         <load_address>0x36fd</load_address>
         <run_address>0x36fd</run_address>
         <size>0x21d</size>
         <input_file_ref idref="fl-5"/>
      </object_component>
      <object_component id="oc-245">
         <name>.debug_info</name>
         <load_address>0x391a</load_address>
         <run_address>0x391a</run_address>
         <size>0x121</size>
         <input_file_ref idref="fl-5"/>
      </object_component>
      <object_component id="oc-242">
         <name>.debug_info</name>
         <load_address>0x3a3b</load_address>
         <run_address>0x3a3b</run_address>
         <size>0x125</size>
         <input_file_ref idref="fl-5"/>
      </object_component>
      <object_component id="oc-335">
         <name>.debug_info</name>
         <load_address>0x3b60</load_address>
         <run_address>0x3b60</run_address>
         <size>0x15d</size>
         <input_file_ref idref="fl-5"/>
      </object_component>
      <object_component id="oc-32e">
         <name>.debug_info</name>
         <load_address>0x3cbd</load_address>
         <run_address>0x3cbd</run_address>
         <size>0x1a5</size>
         <input_file_ref idref="fl-5"/>
      </object_component>
      <object_component id="oc-28d">
         <name>.debug_info</name>
         <load_address>0x3e62</load_address>
         <run_address>0x3e62</run_address>
         <size>0x219</size>
         <input_file_ref idref="fl-5"/>
      </object_component>
      <object_component id="oc-1a1">
         <name>.debug_info</name>
         <load_address>0x407b</load_address>
         <run_address>0x407b</run_address>
         <size>0x1ea</size>
         <input_file_ref idref="fl-5"/>
      </object_component>
      <object_component id="oc-18f">
         <name>.debug_info</name>
         <load_address>0x4265</load_address>
         <run_address>0x4265</run_address>
         <size>0x158</size>
         <input_file_ref idref="fl-5"/>
      </object_component>
      <object_component id="oc-31f">
         <name>.debug_info</name>
         <load_address>0x43bd</load_address>
         <run_address>0x43bd</run_address>
         <size>0x3e3</size>
         <input_file_ref idref="fl-6"/>
      </object_component>
      <object_component id="oc-31c">
         <name>.debug_info</name>
         <load_address>0x47a0</load_address>
         <run_address>0x47a0</run_address>
         <size>0x136</size>
         <input_file_ref idref="fl-6"/>
      </object_component>
      <object_component id="oc-270">
         <name>.debug_info</name>
         <load_address>0x48d6</load_address>
         <run_address>0x48d6</run_address>
         <size>0x1ca</size>
         <input_file_ref idref="fl-6"/>
      </object_component>
      <object_component id="oc-27c">
         <name>.debug_info</name>
         <load_address>0x4aa0</load_address>
         <run_address>0x4aa0</run_address>
         <size>0x193</size>
         <input_file_ref idref="fl-6"/>
      </object_component>
      <object_component id="oc-307">
         <name>.debug_info</name>
         <load_address>0x4c33</load_address>
         <run_address>0x4c33</run_address>
         <size>0x14a</size>
         <input_file_ref idref="fl-6"/>
      </object_component>
      <object_component id="oc-269">
         <name>.debug_info</name>
         <load_address>0x4d7d</load_address>
         <run_address>0x4d7d</run_address>
         <size>0x186</size>
         <input_file_ref idref="fl-6"/>
      </object_component>
      <object_component id="oc-313">
         <name>.debug_info</name>
         <load_address>0x4f03</load_address>
         <run_address>0x4f03</run_address>
         <size>0x156</size>
         <input_file_ref idref="fl-6"/>
      </object_component>
      <object_component id="oc-30f">
         <name>.debug_info</name>
         <load_address>0x5059</load_address>
         <run_address>0x5059</run_address>
         <size>0x141</size>
         <input_file_ref idref="fl-6"/>
      </object_component>
      <object_component id="oc-144">
         <name>.debug_info</name>
         <load_address>0x519a</load_address>
         <run_address>0x519a</run_address>
         <size>0x1a3</size>
         <input_file_ref idref="fl-7"/>
      </object_component>
      <object_component id="oc-2db">
         <name>.debug_info</name>
         <load_address>0x533d</load_address>
         <run_address>0x533d</run_address>
         <size>0x1c2</size>
         <input_file_ref idref="fl-7"/>
      </object_component>
      <object_component id="oc-e4">
         <name>.debug_info</name>
         <load_address>0x54ff</load_address>
         <run_address>0x54ff</run_address>
         <size>0x166</size>
         <input_file_ref idref="fl-7"/>
      </object_component>
      <object_component id="oc-e9">
         <name>.debug_info</name>
         <load_address>0x5665</load_address>
         <run_address>0x5665</run_address>
         <size>0x166</size>
         <input_file_ref idref="fl-7"/>
      </object_component>
      <object_component id="oc-2f3">
         <name>.debug_info</name>
         <load_address>0x57cb</load_address>
         <run_address>0x57cb</run_address>
         <size>0x2e2</size>
         <input_file_ref idref="fl-8"/>
      </object_component>
      <object_component id="oc-2f0">
         <name>.debug_info</name>
         <load_address>0x5aad</load_address>
         <run_address>0x5aad</run_address>
         <size>0x1a2</size>
         <input_file_ref idref="fl-8"/>
      </object_component>
      <object_component id="oc-2f9">
         <name>.debug_info</name>
         <load_address>0x5c4f</load_address>
         <run_address>0x5c4f</run_address>
         <size>0x143</size>
         <input_file_ref idref="fl-8"/>
      </object_component>
      <object_component id="oc-24a">
         <name>.debug_info</name>
         <load_address>0x5d92</load_address>
         <run_address>0x5d92</run_address>
         <size>0x18f</size>
         <input_file_ref idref="fl-8"/>
      </object_component>
      <object_component id="oc-24f">
         <name>.debug_info</name>
         <load_address>0x5f21</load_address>
         <run_address>0x5f21</run_address>
         <size>0x18d</size>
         <input_file_ref idref="fl-8"/>
      </object_component>
      <object_component id="oc-229">
         <name>.debug_info</name>
         <load_address>0x60ae</load_address>
         <run_address>0x60ae</run_address>
         <size>0x155</size>
         <input_file_ref idref="fl-8"/>
      </object_component>
      <object_component id="oc-2d4">
         <name>.debug_info</name>
         <load_address>0x6203</load_address>
         <run_address>0x6203</run_address>
         <size>0x141</size>
         <input_file_ref idref="fl-8"/>
      </object_component>
      <object_component id="oc-2ce">
         <name>.debug_info</name>
         <load_address>0x6344</load_address>
         <run_address>0x6344</run_address>
         <size>0x141</size>
         <input_file_ref idref="fl-8"/>
      </object_component>
      <object_component id="oc-183">
         <name>.debug_info</name>
         <load_address>0x6485</load_address>
         <run_address>0x6485</run_address>
         <size>0x158</size>
         <input_file_ref idref="fl-9"/>
      </object_component>
      <object_component id="oc-300">
         <name>.debug_info</name>
         <load_address>0x65dd</load_address>
         <run_address>0x65dd</run_address>
         <size>0x120</size>
         <input_file_ref idref="fl-26"/>
      </object_component>
      <object_component id="oc-c2">
         <name>.debug_info</name>
         <load_address>0x66fd</load_address>
         <run_address>0x66fd</run_address>
         <size>0x12e</size>
         <input_file_ref idref="fl-29"/>
      </object_component>
      <object_component id="oc-de">
         <name>.debug_info</name>
         <load_address>0x682b</load_address>
         <run_address>0x682b</run_address>
         <size>0x10f</size>
         <input_file_ref idref="fl-35"/>
      </object_component>
      <object_component id="oc-b2">
         <name>.debug_info</name>
         <load_address>0x693a</load_address>
         <run_address>0x693a</run_address>
         <size>0x100</size>
         <input_file_ref idref="fl-37"/>
      </object_component>
      <object_component id="oc-103">
         <name>.debug_info</name>
         <load_address>0x6a3a</load_address>
         <run_address>0x6a3a</run_address>
         <size>0x17a</size>
         <input_file_ref idref="fl-37"/>
      </object_component>
      <object_component id="oc-2ab">
         <name>.debug_info</name>
         <load_address>0x6bb4</load_address>
         <run_address>0x6bb4</run_address>
         <size>0x3de</size>
         <input_file_ref idref="fl-38"/>
      </object_component>
      <object_component id="oc-1e9">
         <name>.debug_info</name>
         <load_address>0x6f92</load_address>
         <run_address>0x6f92</run_address>
         <size>0x1e0</size>
         <input_file_ref idref="fl-38"/>
      </object_component>
      <object_component id="oc-351">
         <name>.debug_info</name>
         <load_address>0x7172</load_address>
         <run_address>0x7172</run_address>
         <size>0x39</size>
         <input_file_ref idref="fl-38"/>
      </object_component>
      <object_component id="oc-362">
         <name>.debug_info</name>
         <load_address>0x71ab</load_address>
         <run_address>0x71ab</run_address>
         <size>0x2c</size>
         <input_file_ref idref="fl-38"/>
      </object_component>
      <object_component id="oc-2b6">
         <name>.debug_info</name>
         <load_address>0x71d7</load_address>
         <run_address>0x71d7</run_address>
         <size>0x2c</size>
         <input_file_ref idref="fl-38"/>
      </object_component>
      <object_component id="oc-356">
         <name>.debug_info</name>
         <load_address>0x7203</load_address>
         <run_address>0x7203</run_address>
         <size>0xcd</size>
         <input_file_ref idref="fl-38"/>
      </object_component>
      <object_component id="oc-14f">
         <name>.debug_info</name>
         <load_address>0x72d0</load_address>
         <run_address>0x72d0</run_address>
         <size>0x175</size>
         <input_file_ref idref="fl-39"/>
      </object_component>
      <object_component id="oc-ef">
         <name>.debug_info</name>
         <load_address>0x7445</load_address>
         <run_address>0x7445</run_address>
         <size>0x1d2</size>
         <input_file_ref idref="fl-39"/>
      </object_component>
      <object_component id="oc-14a">
         <name>.debug_info</name>
         <load_address>0x7617</load_address>
         <run_address>0x7617</run_address>
         <size>0x46</size>
         <input_file_ref idref="fl-39"/>
      </object_component>
      <object_component id="oc-136">
         <name>.debug_info</name>
         <load_address>0x765d</load_address>
         <run_address>0x765d</run_address>
         <size>0x2c</size>
         <input_file_ref idref="fl-39"/>
      </object_component>
      <object_component id="oc-152">
         <name>.debug_info</name>
         <load_address>0x7689</load_address>
         <run_address>0x7689</run_address>
         <size>0x153</size>
         <input_file_ref idref="fl-3c"/>
      </object_component>
      <object_component id="oc-2a8">
         <name>.debug_info</name>
         <load_address>0x77dc</load_address>
         <run_address>0x77dc</run_address>
         <size>0x150</size>
         <input_file_ref idref="fl-3d"/>
      </object_component>
      <object_component id="oc-db">
         <name>.debug_info</name>
         <load_address>0x792c</load_address>
         <run_address>0x792c</run_address>
         <size>0x180</size>
         <input_file_ref idref="fl-3e"/>
      </object_component>
      <object_component id="oc-3c">
         <name>.debug_info</name>
         <load_address>0x7aac</load_address>
         <run_address>0x7aac</run_address>
         <size>0x1ea</size>
         <input_file_ref idref="fl-3e"/>
      </object_component>
      <object_component id="oc-d6">
         <name>.debug_info</name>
         <load_address>0x7c96</load_address>
         <run_address>0x7c96</run_address>
         <size>0x46</size>
         <input_file_ref idref="fl-3e"/>
      </object_component>
      <object_component id="oc-13b">
         <name>.debug_info</name>
         <load_address>0x7cdc</load_address>
         <run_address>0x7cdc</run_address>
         <size>0x2c</size>
         <input_file_ref idref="fl-3e"/>
      </object_component>
      <object_component id="oc-133">
         <name>.debug_info</name>
         <load_address>0x7d08</load_address>
         <run_address>0x7d08</run_address>
         <size>0x176</size>
         <input_file_ref idref="fl-3f"/>
      </object_component>
      <object_component id="oc-35">
         <name>.debug_info</name>
         <load_address>0x7e7e</load_address>
         <run_address>0x7e7e</run_address>
         <size>0x292</size>
         <input_file_ref idref="fl-3f"/>
      </object_component>
      <object_component id="oc-c5">
         <name>.debug_info</name>
         <load_address>0x8110</load_address>
         <run_address>0x8110</run_address>
         <size>0x60</size>
         <input_file_ref idref="fl-3f"/>
      </object_component>
      <object_component id="oc-173">
         <name>.debug_info</name>
         <load_address>0x8170</load_address>
         <run_address>0x8170</run_address>
         <size>0x46</size>
         <input_file_ref idref="fl-3f"/>
      </object_component>
      <object_component id="oc-12e">
         <name>.debug_info</name>
         <load_address>0x81b6</load_address>
         <run_address>0x81b6</run_address>
         <size>0x39</size>
         <input_file_ref idref="fl-3f"/>
      </object_component>
      <object_component id="oc-1de">
         <name>.debug_info</name>
         <load_address>0x81ef</load_address>
         <run_address>0x81ef</run_address>
         <size>0x122</size>
         <input_file_ref idref="fl-40"/>
      </object_component>
      <object_component id="oc-135">
         <name>.debug_info</name>
         <load_address>0x8311</load_address>
         <run_address>0x8311</run_address>
         <size>0x181</size>
         <input_file_ref idref="fl-43"/>
      </object_component>
      <object_component id="oc-d1">
         <name>.debug_info</name>
         <load_address>0x8492</load_address>
         <run_address>0x8492</run_address>
         <size>0x17a</size>
         <input_file_ref idref="fl-43"/>
      </object_component>
      <object_component id="oc-b7">
         <name>.debug_info</name>
         <load_address>0x860c</load_address>
         <run_address>0x860c</run_address>
         <size>0x120</size>
         <input_file_ref idref="fl-46"/>
      </object_component>
      <object_component id="oc-bd">
         <name>.debug_info</name>
         <load_address>0x872c</load_address>
         <run_address>0x872c</run_address>
         <size>0x120</size>
         <input_file_ref idref="fl-47"/>
      </object_component>
      <object_component id="oc-3d2">
         <name>.debug_info</name>
         <load_address>0x884c</load_address>
         <run_address>0x884c</run_address>
         <size>0xd8</size>
      </object_component>
      <object_component id="oc-2e5">
         <name>.debug_line</name>
         <load_address>0x0</load_address>
         <run_address>0x0</run_address>
         <size>0xa1</size>
         <input_file_ref idref="fl-2"/>
      </object_component>
      <object_component id="oc-23e">
         <name>.debug_line</name>
         <load_address>0xa1</load_address>
         <run_address>0xa1</run_address>
         <size>0x2d</size>
         <input_file_ref idref="fl-2"/>
      </object_component>
      <object_component id="oc-240">
         <name>.debug_line</name>
         <load_address>0xce</load_address>
         <run_address>0xce</run_address>
         <size>0x2d</size>
         <input_file_ref idref="fl-2"/>
      </object_component>
      <object_component id="oc-279">
         <name>.debug_line</name>
         <load_address>0xfb</load_address>
         <run_address>0xfb</run_address>
         <size>0x2d</size>
         <input_file_ref idref="fl-2"/>
      </object_component>
      <object_component id="oc-32c">
         <name>.debug_line</name>
         <load_address>0x128</load_address>
         <run_address>0x128</run_address>
         <size>0x2d</size>
         <input_file_ref idref="fl-2"/>
      </object_component>
      <object_component id="oc-32a">
         <name>.debug_line</name>
         <load_address>0x155</load_address>
         <run_address>0x155</run_address>
         <size>0x2d</size>
         <input_file_ref idref="fl-2"/>
      </object_component>
      <object_component id="oc-198">
         <name>.debug_line</name>
         <load_address>0x182</load_address>
         <run_address>0x182</run_address>
         <size>0x4c</size>
         <input_file_ref idref="fl-2"/>
      </object_component>
      <object_component id="oc-1d8">
         <name>.debug_line</name>
         <load_address>0x1ce</load_address>
         <run_address>0x1ce</run_address>
         <size>0x94</size>
         <input_file_ref idref="fl-2"/>
      </object_component>
      <object_component id="oc-15c">
         <name>.debug_line</name>
         <load_address>0x262</load_address>
         <run_address>0x262</run_address>
         <size>0x65</size>
         <input_file_ref idref="fl-2"/>
      </object_component>
      <object_component id="oc-2e9">
         <name>.debug_line</name>
         <load_address>0x2c7</load_address>
         <run_address>0x2c7</run_address>
         <size>0x72</size>
         <input_file_ref idref="fl-2"/>
      </object_component>
      <object_component id="oc-cd">
         <name>.debug_line</name>
         <load_address>0x339</load_address>
         <run_address>0x339</run_address>
         <size>0x20</size>
         <input_file_ref idref="fl-2"/>
      </object_component>
      <object_component id="oc-370">
         <name>.debug_line</name>
         <load_address>0x359</load_address>
         <run_address>0x359</run_address>
         <size>0x76</size>
         <input_file_ref idref="fl-2"/>
      </object_component>
      <object_component id="oc-36c">
         <name>.debug_line</name>
         <load_address>0x3cf</load_address>
         <run_address>0x3cf</run_address>
         <size>0xbb</size>
         <input_file_ref idref="fl-3"/>
      </object_component>
      <object_component id="oc-1b3">
         <name>.debug_line</name>
         <load_address>0x48a</load_address>
         <run_address>0x48a</run_address>
         <size>0x4a</size>
         <input_file_ref idref="fl-3"/>
      </object_component>
      <object_component id="oc-2ca">
         <name>.debug_line</name>
         <load_address>0x4d4</load_address>
         <run_address>0x4d4</run_address>
         <size>0x48</size>
         <input_file_ref idref="fl-3"/>
      </object_component>
      <object_component id="oc-21c">
         <name>.debug_line</name>
         <load_address>0x51c</load_address>
         <run_address>0x51c</run_address>
         <size>0x4a</size>
         <input_file_ref idref="fl-3"/>
      </object_component>
      <object_component id="oc-225">
         <name>.debug_line</name>
         <load_address>0x566</load_address>
         <run_address>0x566</run_address>
         <size>0x4a</size>
         <input_file_ref idref="fl-3"/>
      </object_component>
      <object_component id="oc-262">
         <name>.debug_line</name>
         <load_address>0x5b0</load_address>
         <run_address>0x5b0</run_address>
         <size>0x57</size>
         <input_file_ref idref="fl-3"/>
      </object_component>
      <object_component id="oc-25a">
         <name>.debug_line</name>
         <load_address>0x607</load_address>
         <run_address>0x607</run_address>
         <size>0x55</size>
         <input_file_ref idref="fl-3"/>
      </object_component>
      <object_component id="oc-238">
         <name>.debug_line</name>
         <load_address>0x65c</load_address>
         <run_address>0x65c</run_address>
         <size>0x4e</size>
         <input_file_ref idref="fl-3"/>
      </object_component>
      <object_component id="oc-1b9">
         <name>.debug_line</name>
         <load_address>0x6aa</load_address>
         <run_address>0x6aa</run_address>
         <size>0x47</size>
         <input_file_ref idref="fl-3"/>
      </object_component>
      <object_component id="oc-18b">
         <name>.debug_line</name>
         <load_address>0x6f1</load_address>
         <run_address>0x6f1</run_address>
         <size>0x65</size>
         <input_file_ref idref="fl-3"/>
      </object_component>
      <object_component id="oc-232">
         <name>.debug_line</name>
         <load_address>0x756</load_address>
         <run_address>0x756</run_address>
         <size>0x51</size>
         <input_file_ref idref="fl-3"/>
      </object_component>
      <object_component id="oc-1a7">
         <name>.debug_line</name>
         <load_address>0x7a7</load_address>
         <run_address>0x7a7</run_address>
         <size>0x51</size>
         <input_file_ref idref="fl-3"/>
      </object_component>
      <object_component id="oc-1b0">
         <name>.debug_line</name>
         <load_address>0x7f8</load_address>
         <run_address>0x7f8</run_address>
         <size>0x4c</size>
         <input_file_ref idref="fl-3"/>
      </object_component>
      <object_component id="oc-1c2">
         <name>.debug_line</name>
         <load_address>0x844</load_address>
         <run_address>0x844</run_address>
         <size>0x4b</size>
         <input_file_ref idref="fl-3"/>
      </object_component>
      <object_component id="oc-325">
         <name>.debug_line</name>
         <load_address>0x88f</load_address>
         <run_address>0x88f</run_address>
         <size>0x49</size>
         <input_file_ref idref="fl-4"/>
      </object_component>
      <object_component id="oc-31a">
         <name>.debug_line</name>
         <load_address>0x8d8</load_address>
         <run_address>0x8d8</run_address>
         <size>0x32</size>
         <input_file_ref idref="fl-4"/>
      </object_component>
      <object_component id="oc-1ce">
         <name>.debug_line</name>
         <load_address>0x90a</load_address>
         <run_address>0x90a</run_address>
         <size>0x46</size>
         <input_file_ref idref="fl-4"/>
      </object_component>
      <object_component id="oc-1c8">
         <name>.debug_line</name>
         <load_address>0x950</load_address>
         <run_address>0x950</run_address>
         <size>0x4b</size>
         <input_file_ref idref="fl-4"/>
      </object_component>
      <object_component id="oc-2fe">
         <name>.debug_line</name>
         <load_address>0x99b</load_address>
         <run_address>0x99b</run_address>
         <size>0x70</size>
         <input_file_ref idref="fl-5"/>
      </object_component>
      <object_component id="oc-2ee">
         <name>.debug_line</name>
         <load_address>0xa0b</load_address>
         <run_address>0xa0b</run_address>
         <size>0x33</size>
         <input_file_ref idref="fl-5"/>
      </object_component>
      <object_component id="oc-2ec">
         <name>.debug_line</name>
         <load_address>0xa3e</load_address>
         <run_address>0xa3e</run_address>
         <size>0x33</size>
         <input_file_ref idref="fl-5"/>
      </object_component>
      <object_component id="oc-338">
         <name>.debug_line</name>
         <load_address>0xa71</load_address>
         <run_address>0xa71</run_address>
         <size>0x4a</size>
         <input_file_ref idref="fl-5"/>
      </object_component>
      <object_component id="oc-331">
         <name>.debug_line</name>
         <load_address>0xabb</load_address>
         <run_address>0xabb</run_address>
         <size>0x50</size>
         <input_file_ref idref="fl-5"/>
      </object_component>
      <object_component id="oc-28c">
         <name>.debug_line</name>
         <load_address>0xb0b</load_address>
         <run_address>0xb0b</run_address>
         <size>0x55</size>
         <input_file_ref idref="fl-5"/>
      </object_component>
      <object_component id="oc-1a4">
         <name>.debug_line</name>
         <load_address>0xb60</load_address>
         <run_address>0xb60</run_address>
         <size>0x52</size>
         <input_file_ref idref="fl-5"/>
      </object_component>
      <object_component id="oc-18e">
         <name>.debug_line</name>
         <load_address>0xbb2</load_address>
         <run_address>0xbb2</run_address>
         <size>0x4b</size>
         <input_file_ref idref="fl-5"/>
      </object_component>
      <object_component id="oc-37e">
         <name>.debug_line</name>
         <load_address>0xbfd</load_address>
         <run_address>0xbfd</run_address>
         <size>0x7f</size>
         <input_file_ref idref="fl-6"/>
      </object_component>
      <object_component id="oc-37c">
         <name>.debug_line</name>
         <load_address>0xc7c</load_address>
         <run_address>0xc7c</run_address>
         <size>0x31</size>
         <input_file_ref idref="fl-6"/>
      </object_component>
      <object_component id="oc-273">
         <name>.debug_line</name>
         <load_address>0xcad</load_address>
         <run_address>0xcad</run_address>
         <size>0x65</size>
         <input_file_ref idref="fl-6"/>
      </object_component>
      <object_component id="oc-27f">
         <name>.debug_line</name>
         <load_address>0xd12</load_address>
         <run_address>0xd12</run_address>
         <size>0x59</size>
         <input_file_ref idref="fl-6"/>
      </object_component>
      <object_component id="oc-30a">
         <name>.debug_line</name>
         <load_address>0xd6b</load_address>
         <run_address>0xd6b</run_address>
         <size>0x52</size>
         <input_file_ref idref="fl-6"/>
      </object_component>
      <object_component id="oc-268">
         <name>.debug_line</name>
         <load_address>0xdbd</load_address>
         <run_address>0xdbd</run_address>
         <size>0x58</size>
         <input_file_ref idref="fl-6"/>
      </object_component>
[...]
         <value>0xca60</value>
         <object_component_ref idref="oc-1be"/>
      </symbol>
      <symbol id="sm-181">
         <name>send_data</name>
         <value>0xc6a8</value>
         <object_component_ref idref="oc-25e"/>
      </symbol>
      <symbol id="sm-182">
         <name>lcd_cursorShow</name>
         <value>0xc738</value>
         <object_component_ref idref="oc-1a6"/>
      </symbol>
      <symbol id="sm-183">
         <name>lcd_putChar</name>
         <value>0xcc04</value>
         <object_component_ref idref="oc-1b8"/>
      </symbol>
      <symbol id="sm-184">
         <name>delay_ms</name>
         <value>0xcb2a</value>
         <object_component_ref idref="oc-1b2"/>
      </symbol>
      <symbol id="sm-185">
         <name>lcd_init</name>
         <value>0xc204</value>
         <object_component_ref idref="oc-187"/>
      </symbol>
      <symbol id="sm-186">
         <name>enable</name>
         <value>0xcb90</value>
         <object_component_ref idref="oc-2c5"/>
      </symbol>
      <symbol id="sm-187">
         <name>send_nibble</name>
         <value>0xcb12</value>
         <object_component_ref idref="oc-21a"/>
      </symbol>
      <symbol id="sm-1a1">
         <name>adac_init</name>
         <value>0xca86</value>
         <object_component_ref idref="oc-1c4"/>
      </symbol>
      <symbol id="sm-1a2">
         <name>adac_read</name>
         <value>0xcbd6</value>
         <object_component_ref idref="oc-1cd"/>
      </symbol>
      <symbol id="sm-1da">
         <name>write_enable</name>
         <value>0xc9e8</value>
         <object_component_ref idref="oc-333"/>
      </symbol>
      <symbol id="sm-1db">
         <name>flashInstructData</name>
         <value>0x250</value>
         <object_component_ref idref="oc-244"/>
      </symbol>
      <symbol id="sm-1dc">
         <name>flash_read</name>
         <value>0xc52a</value>
         <object_component_ref idref="oc-1a0"/>
      </symbol>
      <symbol id="sm-1dd">
         <name>flash_write</name>
         <value>0xc3e4</value>
         <object_component_ref idref="oc-28b"/>
      </symbol>
      <symbol id="sm-1de">
         <name>erase_section</name>
         <value>0xc660</value>
         <object_component_ref idref="oc-32d"/>
      </symbol>
      <symbol id="sm-1df">
         <name>flashbufferPosition</name>
         <value>0x21b</value>
         <object_component_ref idref="oc-241"/>
      </symbol>
      <symbol id="sm-1e0">
         <name>flash_init</name>
         <value>0xcba2</value>
         <object_component_ref idref="oc-18d"/>
      </symbol>
      <symbol id="sm-226">
         <name>counter</name>
         <value>0x262</value>
      </symbol>
      <symbol id="sm-227">
         <name>free_bus</name>
         <value>0xc886</value>
         <object_component_ref idref="oc-306"/>
      </symbol>
      <symbol id="sm-228">
         <name>i2c_TXISR</name>
         <value>0xc456</value>
         <object_component_ref idref="oc-312"/>
      </symbol>
      <symbol id="sm-229">
         <name>i2c_RXISR</name>
         <value>0xcb6a</value>
         <object_component_ref idref="oc-30c"/>
      </symbol>
      <symbol id="sm-22a">
         <name>transferFinished</name>
         <value>0x254</value>
         <object_component_ref idref="oc-31b"/>
      </symbol>
      <symbol id="sm-22b">
         <name>i2c_read</name>
         <value>0xc5c8</value>
         <object_component_ref idref="oc-27a"/>
      </symbol>
      <symbol id="sm-22c">
         <name>nack</name>
         <value>0x255</value>
         <object_component_ref idref="oc-31b"/>
      </symbol>
      <symbol id="sm-22d">
         <name>i2c_init</name>
         <value>0xc4c0</value>
         <object_component_ref idref="oc-266"/>
      </symbol>
      <symbol id="sm-22e">
         <name>i2c_write</name>
         <value>0xc802</value>
         <object_component_ref idref="oc-26f"/>
      </symbol>
      <symbol id="sm-24b">
         <name>forRX</name>
         <value>0x264</value>
      </symbol>
      <symbol id="sm-24c">
         <name>forTX</name>
         <value>0x266</value>
      </symbol>
      <symbol id="sm-24d">
         <name>__TI_int06</name>
         <value>0xffec</value>
         <object_component_ref idref="oc-44"/>
      </symbol>
      <symbol id="sm-24e">
         <name>__TI_int07</name>
         <value>0xffee</value>
         <object_component_ref idref="oc-45"/>
      </symbol>
      <symbol id="sm-24f">
         <name>interrupts_mode</name>
         <value>0xcbe4</value>
         <object_component_ref idref="oc-2d9"/>
      </symbol>
      <symbol id="sm-250">
         <name>USCIAB0RX_ISR</name>
         <value>0xcade</value>
         <object_component_ref idref="oc-e7"/>
      </symbol>
      <symbol id="sm-251">
         <name>USCIAB0TX_ISR</name>
         <value>0xcaf8</value>
         <object_component_ref idref="oc-e1"/>
      </symbol>
      <symbol id="sm-28c">
         <name>SPIdata</name>
         <value>0x25c</value>
      </symbol>
      <symbol id="sm-28d">
         <name>SPIbufferPosition</name>
         <value>0x246</value>
         <object_component_ref idref="oc-2ef"/>
      </symbol>
      <symbol id="sm-28e">
         <name>spi_init</name>
         <value>0xc6f0</value>
         <object_component_ref idref="oc-227"/>
      </symbol>
      <symbol id="sm-28f">
         <name>spi_TXISR</name>
         <value>0xc8f8</value>
         <object_component_ref idref="oc-2d3"/>
      </symbol>
      <symbol id="sm-290">
         <name>SPIbyteCounter</name>
         <value>0x245</value>
         <object_component_ref idref="oc-2ef"/>
      </symbol>
      <symbol id="sm-291">
         <name>SPItransferFinished</name>
         <value>0x244</value>
         <object_component_ref idref="oc-2ef"/>
      </symbol>
      <symbol id="sm-292">
         <name>spi_RXISR</name>
         <value>0xc8c2</value>
         <object_component_ref idref="oc-2cd"/>
      </symbol>
      <symbol id="sm-293">
         <name>spi_busy</name>
         <value>0xcbf6</value>
         <object_component_ref idref="oc-2f5"/>
      </symbol>
      <symbol id="sm-294">
         <name>spi_read</name>
         <value>0xc960</value>
         <object_component_ref idref="oc-24d"/>
      </symbol>
      <symbol id="sm-295">
         <name>spi_write</name>
         <value>0xc92e</value>
         <object_component_ref idref="oc-247"/>
      </symbol>
      <symbol id="sm-296">
         <name>receive</name>
         <value>0x248</value>
         <object_component_ref idref="oc-2ef"/>
      </symbol>
      <symbol id="sm-2a1">
         <name>initMSP</name>
         <value>0xca3a</value>
         <object_component_ref idref="oc-181"/>
      </symbol>
      <symbol id="sm-2ab">
         <name>__mspabi_srai</name>
         <value>0xc990</value>
         <object_component_ref idref="oc-2ff"/>
      </symbol>
      <symbol id="sm-2ac">
         <name>__mspabi_srai_8</name>
         <value>0xc9aa</value>
         <object_component_ref idref="oc-2ff"/>
      </symbol>
      <symbol id="sm-2ad">
         <name>__mspabi_srai_9</name>
         <value>0xc9a8</value>
         <object_component_ref idref="oc-2ff"/>
      </symbol>
      <symbol id="sm-2ae">
         <name>__mspabi_srai_6</name>
         <value>0xc9ae</value>
         <object_component_ref idref="oc-2ff"/>
      </symbol>
      <symbol id="sm-2af">
         <name>__mspabi_srai_7</name>
         <value>0xc9ac</value>
         <object_component_ref idref="oc-2ff"/>
      </symbol>
      <symbol id="sm-2b0">
         <name>__mspabi_srai_4</name>
         <value>0xc9b2</value>
         <object_component_ref idref="oc-2ff"/>
      </symbol>
      <symbol id="sm-2b1">
         <name>__mspabi_srai_5</name>
         <value>0xc9b0</value>
         <object_component_ref idref="oc-2ff"/>
      </symbol>
      <symbol id="sm-2b2">
         <name>__mspabi_srai_2</name>
         <value>0xc9b6</value>
         <object_component_ref idref="oc-2ff"/>
      </symbol>
      <symbol id="sm-2b3">
         <name>__mspabi_srai_3</name>
         <value>0xc9b4</value>
         <object_component_ref idref="oc-2ff"/>
      </symbol>
      <symbol id="sm-2b4">
         <name>__mspabi_srai_1</name>
         <value>0xc9b8</value>
         <object_component_ref idref="oc-2ff"/>
      </symbol>
      <symbol id="sm-2b5">
         <name>__mspabi_srai_15</name>
         <value>0xc99c</value>
         <object_component_ref idref="oc-2ff"/>
      </symbol>
      <symbol id="sm-2b6">
         <name>__mspabi_srai_14</name>
         <value>0xc99e</value>
         <object_component_ref idref="oc-2ff"/>
      </symbol>
      <symbol id="sm-2b7">
         <name>__mspabi_srai_13</name>
         <value>0xc9a0</value>
         <object_component_ref idref="oc-2ff"/>
      </symbol>
      <symbol id="sm-2b8">
         <name>__mspabi_srai_12</name>
         <value>0xc9a2</value>
         <object_component_ref idref="oc-2ff"/>
      </symbol>
      <symbol id="sm-2b9">
         <name>__mspabi_srai_11</name>
         <value>0xc9a4</value>
         <object_component_ref idref="oc-2ff"/>
      </symbol>
      <symbol id="sm-2ba">
         <name>__mspabi_srai_10</name>
         <value>0xc9a6</value>
         <object_component_ref idref="oc-2ff"/>
      </symbol>
      <symbol id="sm-2c5">
         <name>__mspabi_func_epilog_2</name>
         <value>0xcbd0</value>
         <object_component_ref idref="oc-bf"/>
      </symbol>
      <symbol id="sm-2c6">
         <name>__mspabi_func_epilog_3</name>
         <value>0xcbce</value>
         <object_component_ref idref="oc-bf"/>
      </symbol>
      <symbol id="sm-2c7">
         <name>__mspabi_func_epilog_1</name>
         <value>0xcbd2</value>
         <object_component_ref idref="oc-bf"/>
      </symbol>
      <symbol id="sm-2c8">
         <name>__mspabi_func_epilog_6</name>
         <value>0xcbc8</value>
         <object_component_ref idref="oc-bf"/>
      </symbol>
      <symbol id="sm-2c9">
         <name>__mspabi_func_epilog_7</name>
         <value>0xcbc6</value>
         <object_component_ref idref="oc-bf"/>
      </symbol>
      <symbol id="sm-2ca">
         <name>__mspabi_func_epilog_4</name>
         <value>0xcbcc</value>
         <object_component_ref idref="oc-bf"/>
      </symbol>
      <symbol id="sm-2cb">
         <name>__mspabi_func_epilog_5</name>
         <value>0xcbca</value>
         <object_component_ref idref="oc-bf"/>
      </symbol>
      <symbol id="sm-2ce">
         <name>__TI_int00</name>
         <value>0xffe0</value>
         <object_component_ref idref="oc-40"/>
      </symbol>
      <symbol id="sm-2d1">
         <name>__TI_int02</name>
         <value>0xffe4</value>
         <object_component_ref idref="oc-41"/>
      </symbol>
      <symbol id="sm-2d4">
         <name>__TI_int03</name>
         <value>0xffe6</value>
         <object_component_ref idref="oc-42"/>
      </symbol>
      <symbol id="sm-2d7">
         <name>__TI_int05</name>
         <value>0xffea</value>
         <object_component_ref idref="oc-43"/>
      </symbol>
      <symbol id="sm-2da">
         <name>__TI_int08</name>
         <value>0xfff0</value>
         <object_component_ref idref="oc-46"/>
      </symbol>
      <symbol id="sm-2dd">
         <name>__TI_int09</name>
         <value>0xfff2</value>
         <object_component_ref idref="oc-47"/>
      </symbol>
      <symbol id="sm-2e0">
         <name>__TI_int10</name>
         <value>0xfff4</value>
         <object_component_ref idref="oc-48"/>
      </symbol>
      <symbol id="sm-2e3">
         <name>__TI_int11</name>
         <value>0xfff6</value>
         <object_component_ref idref="oc-49"/>
      </symbol>
      <symbol id="sm-2e6">
         <name>__TI_int12</name>
         <value>0xfff8</value>
         <object_component_ref idref="oc-4a"/>
      </symbol>
      <symbol id="sm-2e9">
         <name>__TI_int13</name>
         <value>0xfffa</value>
         <object_component_ref idref="oc-4b"/>
      </symbol>
      <symbol id="sm-2ec">
         <name>__TI_int14</name>
         <value>0xfffc</value>
         <object_component_ref idref="oc-4c"/>
      </symbol>
      <symbol id="sm-2f4">
         <name>__TI_ISR_TRAP</name>
         <value>0xcbee</value>
         <object_component_ref idref="oc-dc"/>
      </symbol>
      <symbol id="sm-305">
         <name>_stack</name>
         <value>0x3b0</value>
         <object_component_ref idref="oc-b1"/>
      </symbol>
      <symbol id="sm-306">
         <name>_c_int00_noargs</name>
         <value>0xcac2</value>
         <object_component_ref idref="oc-ff"/>
      </symbol>
      <symbol id="sm-307">
         <name>_reset_vector</name>
         <value>0xfffe</value>
         <object_component_ref idref="oc-b4"/>
      </symbol>
      <symbol id="sm-329">
         <name>__TI_auto_init_nobinit_nopinit</name>
         <value>0xc7c0</value>
         <object_component_ref idref="oc-1e6"/>
      </symbol>
      <symbol id="sm-341">
         <name>__TI_zero_init_nomemset</name>
         <value>0xcb56</value>
         <object_component_ref idref="oc-ed"/>
      </symbol>
      <symbol id="sm-34c">
         <name>_system_pre_init</name>
         <value>0xcc0a</value>
         <object_component_ref idref="oc-151"/>
      </symbol>
      <symbol id="sm-355">
         <name>_system_post_cinit</name>
         <value>0xcc0e</value>
         <object_component_ref idref="oc-2a4"/>
      </symbol>
      <symbol id="sm-36b">
         <name>__TI_decompress_none</name>
         <value>0xcb7e</value>
         <object_component_ref idref="oc-3a"/>
      </symbol>
      <symbol id="sm-38e">
         <name>__TI_decompress_lzss</name>
         <value>0xc368</value>
         <object_component_ref idref="oc-34"/>
      </symbol>
      <symbol id="sm-398">
         <name>C$$EXIT</name>
         <value>0xcbfe</value>
         <object_component_ref idref="oc-1da"/>
      </symbol>
      <symbol id="sm-399">
         <name>abort</name>
         <value>0xcbfe</value>
         <object_component_ref idref="oc-1da"/>
      </symbol>
      <symbol id="sm-3a9">
         <name>memcpy</name>
         <value>0xcbb4</value>
         <object_component_ref idref="oc-cf"/>
      </symbol>
      <symbol id="sm-3b3">
         <name>__mspabi_slli</name>
         <value>0xc9bc</value>
         <object_component_ref idref="oc-b5"/>
      </symbol>
      <symbol id="sm-3b4">
         <name>__mspabi_slli_9</name>
         <value>0xc9d4</value>
         <object_component_ref idref="oc-b5"/>
      </symbol>
      <symbol id="sm-3b5">
         <name>__mspabi_slli_8</name>
         <value>0xc9d6</value>
         <object_component_ref idref="oc-b5"/>
      </symbol>
      <symbol id="sm-3b6">
         <name>__mspabi_slli_7</name>
         <value>0xc9d8</value>
         <object_component_ref idref="oc-b5"/>
      </symbol>
      <symbol id="sm-3b7">
         <name>__mspabi_slli_6</name>
         <value>0xc9da</value>
         <object_component_ref idref="oc-b5"/>
      </symbol>
      <symbol id="sm-3b8">
         <name>__mspabi_slli_5</name>
         <value>0xc9dc</value>
         <object_component_ref idref="oc-b5"/>
      </symbol>
      <symbol id="sm-3b9">
         <name>__mspabi_slli_4</name>
         <value>0xc9de</value>
         <object_component_ref idref="oc-b5"/>
      </symbol>
      <symbol id="sm-3ba">
         <name>__mspabi_slli_3</name>
         <value>0xc9e0</value>
         <object_component_ref idref="oc-b5"/>
      </symbol>
      <symbol id="sm-3bb">
         <name>__mspabi_slli_2</name>
         <value>0xc9e2</value>
         <object_component_ref idref="oc-b5"/>
      </symbol>
      <symbol id="sm-3bc">
         <name>__mspabi_slli_1</name>
         <value>0xc9e4</value>
         <object_component_ref idref="oc-b5"/>
      </symbol>
      <symbol id="sm-3bd">
         <name>__mspabi_slli_15</name>
         <value>0xc9c8</value>
         <object_component_ref idref="oc-b5"/>
      </symbol>
      <symbol id="sm-3be">
         <name>__mspabi_slli_14</name>
         <value>0xc9ca</value>
         <object_component_ref idref="oc-b5"/>
      </symbol>
      <symbol id="sm-3bf">
         <name>__mspabi_slli_13</name>
         <value>0xc9cc</value>
         <object_component_ref idref="oc-b5"/>
      </symbol>
      <symbol id="sm-3c0">
         <name>__mspabi_slli_12</name>
         <value>0xc9ce</value>
         <object_component_ref idref="oc-b5"/>
      </symbol>
      <symbol id="sm-3c1">
         <name>__mspabi_slli_11</name>
         <value>0xc9d0</value>
         <object_component_ref idref="oc-b5"/>
      </symbol>
      <symbol id="sm-3c2">
         <name>__mspabi_slli_10</name>
         <value>0xc9d2</value>
         <object_component_ref idref="oc-b5"/>
      </symbol>
      <symbol id="sm-3ca">
         <name>__mspabi_srli_8</name>
         <value>0xc63e</value>
         <object_component_ref idref="oc-ba"/>
      </symbol>
      <symbol id="sm-3cb">
         <name>__mspabi_srli_9</name>
         <value>0xc63a</value>
         <object_component_ref idref="oc-ba"/>
      </symbol>
      <symbol id="sm-3cc">
         <name>__mspabi_srli_6</name>
         <value>0xc646</value>
         <object_component_ref idref="oc-ba"/>
      </symbol>
      <symbol id="sm-3cd">
         <name>__mspabi_srli_7</name>
         <value>0xc642</value>
         <object_component_ref idref="oc-ba"/>
      </symbol>
      <symbol id="sm-3ce">
         <name>__mspabi_srli_4</name>
         <value>0xc64e</value>
         <object_component_ref idref="oc-ba"/>
      </symbol>
      <symbol id="sm-3cf">
         <name>__mspabi_srli_5</name>
         <value>0xc64a</value>
         <object_component_ref idref="oc-ba"/>
      </symbol>
      <symbol id="sm-3d0">
         <name>__mspabi_srli_2</name>
         <value>0xc656</value>
         <object_component_ref idref="oc-ba"/>
      </symbol>
      <symbol id="sm-3d1">
         <name>__mspabi_srli_3</name>
         <value>0xc652</value>
         <object_component_ref idref="oc-ba"/>
      </symbol>
      <symbol id="sm-3d2">
         <name>__mspabi_srli_1</name>
         <value>0xc65a</value>
         <object_component_ref idref="oc-ba"/>
      </symbol>
      <symbol id="sm-3d3">
         <name>__mspabi_srli</name>
         <value>0xc614</value>
         <object_component_ref idref="oc-ba"/>
      </symbol>
      <symbol id="sm-3d4">
         <name>__mspabi_srli_15</name>
         <value>0xc622</value>
         <object_component_ref idref="oc-ba"/>
      </symbol>
      <symbol id="sm-3d5">
         <name>__mspabi_srli_14</name>
         <value>0xc626</value>
         <object_component_ref idref="oc-ba"/>
      </symbol>
      <symbol id="sm-3d6">
         <name>__mspabi_srli_13</name>
         <value>0xc62a</value>
         <object_component_ref idref="oc-ba"/>
      </symbol>
      <symbol id="sm-3d7">
         <name>__mspabi_srli_12</name>
         <value>0xc62e</value>
         <object_component_ref idref="oc-ba"/>
      </symbol>
      <symbol id="sm-3d8">
         <name>__mspabi_srli_11</name>
         <value>0xc632</value>
         <object_component_ref idref="oc-ba"/>
      </symbol>
      <symbol id="sm-3d9">
         <name>__mspabi_srli_10</name>
         <value>0xc636</value>
         <object_component_ref idref="oc-ba"/>
      </symbol>
   </symbol_table>
   <title>Link successful</title>
</link_info>
